2026-08-29 00:23:44.866 AEST [57399] LOG:  starting PostgreSQL 16.13 (Homebrew) on aarch64-apple-darwin25.2.0, compiled by Apple clang version 17.0.0 (clang-1700.6.3.2), 64-bit
2026-08-29 00:23:44.867 AEST [57399] LOG:  listening on IPv6 address "::1", port 55439
2026-08-29 00:23:44.867 AEST [57399] LOG:  listening on IPv4 address "127.0.0.1", port 55439
2026-08-29 00:23:44.867 AEST [57399] LOG:  listening on Unix socket "/private/tmp/.s.PGSQL.55439"
2026-08-29 00:23:44.876 AEST [57402] LOG:  database system was interrupted; last known up at 2026-08-29 00:20:30 AEST
2026-08-29 00:23:45.556 AEST [57402] LOG:  database system was not properly shut down; automatic recovery in progress
2026-08-29 00:23:45.563 AEST [57402] LOG:  redo starts at 0/C3F3918
2026-08-29 00:23:45.563 AEST [57402] LOG:  invalid record length at 0/C3F3950: expected at least 24, got 0
2026-08-29 00:23:45.563 AEST [57402] LOG:  redo done at 0/C3F3918 system usage: CPU: user: 0.00 s, system: 0.00 s, elapsed: 0.00 s
2026-08-29 00:23:45.577 AEST [57400] LOG:  checkpoint starting: end-of-recovery immediate wait
2026-08-29 00:23:45.579 AEST [57400] LOG:  checkpoint complete: wrote 2 buffers (0.0%); 0 WAL file(s) added, 0 removed, 0 recycled; write=0.001 s, sync=0.001 s, total=0.002 s; sync files=3, longest=0.001 s, average=0.001 s; distance=0 kB, estimate=0 kB; lsn=0/C3F3950, redo lsn=0/C3F3950
2026-08-29 00:23:45.580 AEST [57399] LOG:  database system is ready to accept connections
2026-08-29 00:24:41.232 AEST [57508] FATAL:  database "jarlgiovanni" does not exist
2026-08-29 00:27:12.177 AEST [57726] FATAL:  database "jarlgiovanni" does not exist
2026-08-29 00:27:38.639 AEST [57814] ERROR:  permission denied for database gda_v50_round16b_2313
2026-08-29 00:27:38.639 AEST [57814] STATEMENT:  CREATE SCHEMA raw AUTHORIZATION gda_v49_phase2a_schema_owner;
2026-08-29 00:28:10.287 AEST [57400] LOG:  checkpoint starting: immediate force wait
2026-08-29 00:28:10.289 AEST [57400] LOG:  checkpoint complete: wrote 4 buffers (0.0%); 0 WAL file(s) added, 0 removed, 0 recycled; write=0.001 s, sync=0.001 s, total=0.002 s; sync files=4, longest=0.001 s, average=0.001 s; distance=4378 kB, estimate=4378 kB; lsn=0/C83A3B8, redo lsn=0/C83A380
2026-08-29 00:33:10.954 AEST [57400] LOG:  checkpoint starting: time
2026-08-29 00:36:53.557 AEST [57399] LOG:  received fast shutdown request
2026-08-29 00:36:53.557 AEST [57399] LOG:  aborting any active transactions
2026-08-29 00:36:53.559 AEST [57399] LOG:  background worker "logical replication launcher" (PID 57405) exited with exit code 1
2026-08-29 00:36:53.922 AEST [57400] LOG:  checkpoint complete: wrote 8219 buffers (50.2%); 0 WAL file(s) added, 0 removed, 4 recycled; write=222.715 s, sync=0.226 s, total=222.968 s; sync files=6632, longest=0.003 s, average=0.001 s; distance=69946 kB, estimate=69946 kB; lsn=0/10C88CC0, redo lsn=0/10C88C88
2026-08-29 00:36:53.924 AEST [57400] LOG:  shutting down
2026-08-29 00:36:53.924 AEST [57400] LOG:  checkpoint starting: shutdown immediate
2026-08-29 00:36:53.925 AEST [57400] LOG:  checkpoint complete: wrote 0 buffers (0.0%); 0 WAL file(s) added, 0 removed, 0 recycled; write=0.001 s, sync=0.001 s, total=0.002 s; sync files=0, longest=0.000 s, average=0.000 s; distance=0 kB, estimate=62951 kB; lsn=0/10C88D38, redo lsn=0/10C88D38
2026-08-29 00:36:53.930 AEST [57399] LOG:  database system is shut down
