Traceback (most recent call last):
  File "/private/tmp/graphic_design_archive_v49_exploration_higher_order_association_closure_round16b/scripts/trace_round16b/verify_v3_runtime_independent.py", line 2638, in <module>
    raise SystemExit(main())
                     ~~~~^^
  File "/private/tmp/graphic_design_archive_v49_exploration_higher_order_association_closure_round16b/scripts/trace_round16b/verify_v3_runtime_independent.py", line 2614, in main
    receipt = build_receipt()
  File "/private/tmp/graphic_design_archive_v49_exploration_higher_order_association_closure_round16b/scripts/trace_round16b/verify_v3_runtime_independent.py", line 2507, in build_receipt
    validate_manifest_and_hashes(
    ~~~~~~~~~~~~~~~~~~~~~~~~~~~~^
        model, model_raw, manifest, manifest_raw, checksums_raw,
        ^^^^^^^^^^^^^^^^^^^^^^^^^^^^^^^^^^^^^^^^^^^^^^^^^^^^^^^^
        input_hashes, runtime_info["capabilities"],
        ^^^^^^^^^^^^^^^^^^^^^^^^^^^^^^^^^^^^^^^^^^^
    )
    ^
  File "/private/tmp/graphic_design_archive_v49_exploration_higher_order_association_closure_round16b/scripts/trace_round16b/verify_v3_runtime_independent.py", line 1891, in validate_manifest_and_hashes
    enforce(manifest.get("input_bindings") == expected_input_bindings(input_hashes), "MANIFEST_INPUT_BINDINGS")
    ~~~~~~~^^^^^^^^^^^^^^^^^^^^^^^^^^^^^^^^^^^^^^^^^^^^^^^^^^^^^^^^^^^^^^^^^^^^^^^^^^^^^^^^^^^^^^^^^^^^^^^^^^^^
  File "/private/tmp/graphic_design_archive_v49_exploration_higher_order_association_closure_round16b/scripts/trace_round16b/verify_v3_runtime_independent.py", line 214, in enforce
    raise VerificationError(code)
VerificationError: MANIFEST_INPUT_BINDINGS
