VERSION=16.13 (Homebrew)
PGDATA=/private/tmp/gda-v50-round16b-cp014-repro/data
share_path=/opt/homebrew/opt/postgresql@16/share/postgresql@16
PGPATH=/opt/homebrew/Cellar/postgresql@16/16.13/bin
POSTGRES_SUPERUSERNAME=jarlgiovanni
POSTGRES_BKI=/opt/homebrew/opt/postgresql@16/share/postgresql@16/postgres.bki
POSTGRESQL_CONF_SAMPLE=/opt/homebrew/opt/postgresql@16/share/postgresql@16/postgresql.conf.sample
PG_HBA_SAMPLE=/opt/homebrew/opt/postgresql@16/share/postgresql@16/pg_hba.conf.sample
PG_IDENT_SAMPLE=/opt/homebrew/opt/postgresql@16/share/postgresql@16/pg_ident.conf.sample
2026-08-29 04:13:21.976 AEST [48640] DEBUG:  invoking IpcMemoryCreate(size=3899392)
2026-08-29 04:13:21.976 AEST [48640] FATAL:  could not create shared memory segment: No space left on device
2026-08-29 04:13:21.976 AEST [48640] DETAIL:  Failed system call was shmget(key=235421338, size=56, 03600).
2026-08-29 04:13:21.976 AEST [48640] HINT:  This error does *not* mean that you have run out of disk space.  It occurs either if all available shared memory IDs have been taken, in which case you need to raise the SHMMNI parameter in your kernel, or because the system's overall limit for shared memory has been reached.
	The PostgreSQL documentation contains more information about shared memory configuration.
2026-08-29 04:13:21.976 AEST [48640] DEBUG:  shmem_exit(1): 0 before_shmem_exit callbacks to make
2026-08-29 04:13:21.976 AEST [48640] DEBUG:  shmem_exit(1): 1 on_shmem_exit callbacks to make
2026-08-29 04:13:21.976 AEST [48640] DEBUG:  proc_exit(1): 1 callbacks to make
2026-08-29 04:13:21.976 AEST [48640] NOTICE:  database system is shut down
2026-08-29 04:13:21.976 AEST [48640] DEBUG:  exit(1)
2026-08-29 04:13:21.976 AEST [48640] DEBUG:  shmem_exit(-1): 0 before_shmem_exit callbacks to make
2026-08-29 04:13:21.976 AEST [48640] DEBUG:  shmem_exit(-1): 0 on_shmem_exit callbacks to make
2026-08-29 04:13:21.976 AEST [48640] DEBUG:  proc_exit(-1): 0 callbacks to make
child process exited with exit code 1
initdb: removing data directory "/private/tmp/gda-v50-round16b-cp014-repro/data"
