
> archive-box-frontend@0.1.0 verify:exploration-reset
> node scripts/exploration-reset-guard.mjs

{
  "status": "PASS",
  "sourceSha": "3d7536b4588032d806b6492a1be97b59891ca031",
  "metrics": {
    "implementationFileCount": 17,
    "activeExplorationArchiveObjectFieldCount": 0,
    "activeExplorationRecordRouteReferenceCount": 0,
    "activeExplorationObjectCardReferenceCount": 0,
    "activeExplorationObjectTitleReferenceCount": 0,
    "activeExplorationObjectThumbnailReferenceCount": 0,
    "activeExplorationExternalModelReferenceCount": 0,
    "activeExplorationExternalModelImportCount": 0,
    "activeExplorationModelDownloadTargetCount": 0,
    "explorationExternalModelDependencyCount": 0,
    "explorationVectorDatabaseDependencyCount": 0,
    "activeImplementationViolationCount": 0,
    "legacyExecutionDirCount": 0,
    "legacyPackageScriptCount": 0,
    "publicExplorationRouteCount": 0,
    "sealedEvidenceChangedFileCount": 0,
    "searchFilesChanged": 0,
    "contextFilesChanged": 0,
    "spacetimeFilesChanged": 0,
    "databaseFilesChanged": 11,
    "databaseVersion": 50,
    "databaseUnmanifestedAdditiveFileCount": 8,
    "databaseFrozenPathDriftCount": 0,
    "databaseFreezeFailureCount": 0,
    "policyDocumentFailureCount": 0
  },
  "failures": [],
  "activeRows": [],
  "dependencyDecisions": {
    "externalModelDependencies": [],
    "vectorDatabaseDependencies": [],
    "decision": "No dependency was removed: no superseded Exploration-only package was present in the manifests."
  },
  "policyDocuments": {
    "badPracticeRuleCount": 30,
    "failures": []
  },
  "protectedChanges": {
    "search": [],
    "context": [],
    "spacetime": [],
    "database": [
      "database/ROUND16B_V50.md",
      "database/VERSION",
      "database/functions/020_exploration_v3_integrity.sql",
      "database/migrations/014_exploration_v3_higher_order_associations.sql",
      "database/roles/008_exploration_v3_grants.sql",
      "database/schema-manifest-v50-round16b.json",
      "database/scripts/replay_v50_round16b.sh",
      "database/scripts/run_v50_round16b_tests.sh",
      "database/scripts/verify_v50_round16b_manifest.py",
      "database/tests/014_exploration_v3_higher_order_associations.sql",
      "database/views/003_exploration_v3_read_contract.sql"
    ],
    "databaseFreeze": {
      "databaseVersion": 50,
      "frozenFileCount": 126,
      "frozenPathDriftCount": 0,
      "manifestSha256": "f0dda59dd515ba243eaf213bce9f42513727f1ab0a44685635921c3759a7d22e",
      "mode": "verify",
      "status": "PASS",
      "unmanifestedV49DatabaseFileCount": 8
    },
    "sealedEvidence": []
  },
  "legacyExecutionDirsRemaining": [],
  "oldPackageScripts": [],
  "publicRoutePaths": []
}
