api_v3.active_association
api_v3.active_association_internal_pair_link
api_v3.active_association_synthesis_step
api_v3.active_association_synthesis_step_evidence
api_v3.active_concept
api_v3.active_concept_sense
api_v3.active_scope
api_v3.association_evidence_locator
api_v3.association_incidence
api_v3.product_composition
api_v3.product_composition_coherence_review
api_v3.product_composition_realization
api_v3.product_composition_realization_incidence
api_v3.product_export
api_v3.product_export_projection_preservation
api_v3.product_navigation_node
api_v3.product_navigation_path_step
api_v3.product_navigation_state
api_v3.product_transition
api_v3.product_workflow
api_v3.product_workflow_association_realization
api_v3.product_workflow_association_revision
api_v3.product_workflow_state
api_v3.product_workflow_transition
exploration_v3.reviewer_association_queue
