aggregate_seal|aggregate_seal_append_only|0|0
aggregate_seal|aggregate_seal_content_guard|0|0
association|association_append_only|0|0
association_conflict_resolution|association_conflict_resolution_append_only|0|0
association_conflict_resolution|association_conflict_resolution_sealed_parent|0|0
association_incidence|association_incidence_append_only|0|0
association_incidence|association_incidence_sealed_parent|0|0
association_realization|association_realization_append_only|0|0
association_realization|association_realization_sealed_parent|0|0
association_review|association_review_append_only|0|0
association_review|association_review_sealed_parent|0|0
association_revision|association_revision_append_only|0|0
association_revision_evidence|association_revision_evidence_append_only|0|0
association_revision_evidence|association_revision_evidence_sealed_parent|0|0
association_synthesis_step|association_synthesis_step_append_only|0|0
association_synthesis_step|association_synthesis_step_sealed_parent|0|0
association_synthesis_step_evidence|association_synthesis_step_evidence_append_only|0|0
association_synthesis_step_evidence|association_synthesis_step_evidence_sealed_parent|0|0
composition|composition_append_only|0|0
composition_coherence_review|composition_coherence_review_append_only|0|0
composition_coherence_review|composition_coherence_review_sealed_parent|0|0
composition_node|composition_node_append_only|0|0
composition_node|composition_node_sealed_parent|0|0
composition_review_realization|composition_review_realization_append_only|0|0
composition_review_realization|composition_review_realization_sealed_parent|0|0
composition_revision|composition_revision_append_only|0|0
concept|concept_append_only|0|0
concept_sense|concept_sense_append_only|0|0
concept_sense_scope|concept_sense_scope_append_only|0|0
concept_sense_scope|concept_sense_scope_sealed_parent|0|0
evidence_locator|evidence_locator_append_only|0|0
evidence_locator|evidence_locator_sealed_parent|0|0
evidence_reference|evidence_reference_append_only|0|0
exploration_workflow|exploration_workflow_append_only|0|0
export_manifest|export_manifest_append_only|0|0
export_projection_preservation|export_projection_preservation_append_only|0|0
export_projection_preservation|export_projection_preservation_sealed_parent|0|0
governed_authority|governed_authority_append_only|0|0
governed_scope|governed_scope_append_only|0|0
interaction_transition|interaction_transition_append_only|0|0
internal_pair_link|internal_pair_link_append_only|0|0
internal_pair_link|internal_pair_link_sealed_parent|0|0
navigation_node|navigation_node_append_only|0|0
navigation_node|navigation_node_sealed_parent|0|0
navigation_path_step|navigation_path_step_append_only|0|0
navigation_path_step|navigation_path_step_sealed_parent|0|0
navigation_state|navigation_state_append_only|0|0
realization_incidence|realization_incidence_append_only|0|0
realization_incidence|realization_incidence_sealed_parent|0|0
workflow_association_realization|workflow_association_realization_append_only|0|0
workflow_association_realization|workflow_association_realization_sealed_parent|0|0
workflow_association_revision|workflow_association_revision_append_only|0|0
workflow_association_revision|workflow_association_revision_sealed_parent|0|0
workflow_state|workflow_state_append_only|0|0
workflow_state|workflow_state_sealed_parent|0|0
workflow_transition|workflow_transition_append_only|0|0
workflow_transition|workflow_transition_sealed_parent|0|0
