docs/audits/v49-exploration-higher-order-association-closure-round16b/raw/v50-round16b-seal-race/gda_v50_round16b_2317/child-first.contender.log
docs/audits/v49-exploration-higher-order-association-closure-round16b/raw/v50-round16b-seal-race/gda_v50_round16b_2317/child-first.owner.log
docs/audits/v49-exploration-higher-order-association-closure-round16b/raw/v50-round16b-seal-race/gda_v50_round16b_2317/child-first.retry-and-invariant.log
docs/audits/v49-exploration-higher-order-association-closure-round16b/raw/v50-round16b-seal-race/gda_v50_round16b_2317/createdb.log
docs/audits/v49-exploration-higher-order-association-closure-round16b/raw/v50-round16b-seal-race/gda_v50_round16b_2317/dropdb.log
docs/audits/v49-exploration-higher-order-association-closure-round16b/raw/v50-round16b-seal-race/gda_v50_round16b_2317/repeatable-read.log
docs/audits/v49-exploration-higher-order-association-closure-round16b/raw/v50-round16b-seal-race/gda_v50_round16b_2317/seal-first.contender.log
docs/audits/v49-exploration-higher-order-association-closure-round16b/raw/v50-round16b-seal-race/gda_v50_round16b_2317/seal-first.invariant.log
docs/audits/v49-exploration-higher-order-association-closure-round16b/raw/v50-round16b-seal-race/gda_v50_round16b_2317/seal-first.owner.log
docs/audits/v49-exploration-higher-order-association-closure-round16b/raw/v50-round16b-seal-race/gda_v50_round16b_2317/seal-first.retry.log
docs/audits/v49-exploration-higher-order-association-closure-round16b/raw/v50-round16b-seal-race/gda_v50_round16b_2317/serializable.log
docs/audits/v49-exploration-higher-order-association-closure-round16b/raw/v50-round16b-seal-race/gda_v50_round16b_2317/setup-owner.log
docs/audits/v49-exploration-higher-order-association-closure-round16b/raw/v50-round16b-seal-race/gda_v50_round16b_2318/child-first.contender.log
docs/audits/v49-exploration-higher-order-association-closure-round16b/raw/v50-round16b-seal-race/gda_v50_round16b_2318/child-first.owner.log
docs/audits/v49-exploration-higher-order-association-closure-round16b/raw/v50-round16b-seal-race/gda_v50_round16b_2318/child-first.retry-and-invariant.log
docs/audits/v49-exploration-higher-order-association-closure-round16b/raw/v50-round16b-seal-race/gda_v50_round16b_2318/createdb.log
docs/audits/v49-exploration-higher-order-association-closure-round16b/raw/v50-round16b-seal-race/gda_v50_round16b_2318/dropdb.log
docs/audits/v49-exploration-higher-order-association-closure-round16b/raw/v50-round16b-seal-race/gda_v50_round16b_2318/repeatable-read.log
docs/audits/v49-exploration-higher-order-association-closure-round16b/raw/v50-round16b-seal-race/gda_v50_round16b_2318/seal-first.contender.log
docs/audits/v49-exploration-higher-order-association-closure-round16b/raw/v50-round16b-seal-race/gda_v50_round16b_2318/seal-first.invariant.log
docs/audits/v49-exploration-higher-order-association-closure-round16b/raw/v50-round16b-seal-race/gda_v50_round16b_2318/seal-first.owner.log
docs/audits/v49-exploration-higher-order-association-closure-round16b/raw/v50-round16b-seal-race/gda_v50_round16b_2318/seal-first.retry.log
docs/audits/v49-exploration-higher-order-association-closure-round16b/raw/v50-round16b-seal-race/gda_v50_round16b_2318/serializable.log
docs/audits/v49-exploration-higher-order-association-closure-round16b/raw/v50-round16b-seal-race/gda_v50_round16b_2318/setup-owner.log
