{
  "check_count": 205,
  "checks": [
    {
      "check": "authorized_source_sha",
      "observed": "5419770959bdb8998b693fb2275b47e29b92367c",
      "status": "PASS"
    },
    {
      "check": "authorized_source_tree",
      "observed": "977d7e8e045c71857959750b775cd4df3d036686",
      "status": "PASS"
    },
    {
      "check": "parent_checkpoint_sha",
      "observed": "f97d20b37b58a509d04cdf3bc3385486fc8d173c",
      "status": "PASS"
    },
    {
      "check": "builder_status",
      "observed": "PASS_FAIL_CLOSED_TRANCHE_C_LOCAL_PARENT_COVERAGE_ONLY",
      "status": "PASS"
    },
    {
      "check": "candidate_universe_family_count",
      "observed": 35,
      "status": "PASS"
    },
    {
      "check": "candidate_universe_occurrence_count",
      "observed": 359,
      "status": "PASS"
    },
    {
      "check": "tranche_occurrence_counts",
      "observed": {
        "A": 112,
        "B": 187,
        "C": 60
      },
      "status": "PASS"
    },
    {
      "check": "tranche_family_counts",
      "observed": {
        "A": 11,
        "B": 14,
        "C": 10
      },
      "status": "PASS"
    },
    {
      "check": "candidate_occurrence_id_uniqueness",
      "observed": 359,
      "status": "PASS"
    },
    {
      "check": "candidate_family_key_uniqueness",
      "observed": 35,
      "status": "PASS"
    },
    {
      "check": "cumulative_occurrence_row_count",
      "observed": 359,
      "status": "PASS"
    },
    {
      "check": "cumulative_occurrence_disjoint_union",
      "observed": 359,
      "status": "PASS"
    },
    {
      "check": "cumulative_occurrence_universe_equality",
      "observed": [
        "R16B-TRIGGER-OCC:00092231636d6b65883c8310029e26dc1cdf75dcfb090d159b6efd93fc7c48b7",
        "R16B-TRIGGER-OCC:01bde87d61f3a372bf1aa3ac8c5ed01b4ccbfa4021ef03ddf336c8deff4ee43d",
        "R16B-TRIGGER-OCC:02157aea489f4236a5c75793a4fc786b027a524ff1b4f537f40b6e75b9224e71",
        "R16B-TRIGGER-OCC:02a36b6fac32133b3874f430d02fdb486ebb9b9330fa8e135b4c3e8ac9fda378",
        "R16B-TRIGGER-OCC:032c9e51f000f49802decd4dab3fe9e6ab37015cbdd21d8685250c54c5314b13",
        "R16B-TRIGGER-OCC:044561834c2e1a6ce33250531129dd5aac02f59f9deb78c35df471e1a87c887d",
        "R16B-TRIGGER-OCC:059b993e73fdc1907474b77e1817e2e9633a549495c1641ab59aca8bff142806",
        "R16B-TRIGGER-OCC:05a80edbaa427826c7ac7438102cd6665a5fbcdbaec9103c94836695d645a9d6",
        "R16B-TRIGGER-OCC:091c209f6ebf55d222df78f0960d224eff2217f1d50327da2b13e66ff8652d79",
        "R16B-TRIGGER-OCC:09dbb2fac83076e85d7b540db395dc0b457d5d53480fdc11763d65743d41b513",
        "R16B-TRIGGER-OCC:0a06a3c2056a6614a33b7778a79dfbc4f939af1d04c7633e37e203c1e8f967fa",
        "R16B-TRIGGER-OCC:0a6d40780c0f8b39df2c21df31c45c3ae5aaf2f5e06d67e83c1aa8579116d5df",
        "R16B-TRIGGER-OCC:0b1f9cb951eb48c1d12215ae2dd5135f814df0e43800928c9e5fd7b307edf5ad",
        "R16B-TRIGGER-OCC:0cda4f7f480e99b80083a30bf570b3e017b0d0e3b902a86ef93fb8d4dbfaba65",
        "R16B-TRIGGER-OCC:0ddb4edb7d857631cd55dc5a7c805648026003dbc384462f35d46e5634762958",
        "R16B-TRIGGER-OCC:10f3a227d409a8dd0b2bcbd8f6f5901644ca86afa1aa3b0a82dcc712bbea20e2",
        "R16B-TRIGGER-OCC:11722a3819abe84244fb77f9811461136eb2bcf8105ab3aa253598008974b077",
        "R16B-TRIGGER-OCC:126e2931395b21c25b6141ad70cddb5fe56d2dc031ab2c4fe42902ffd239749d",
        "R16B-TRIGGER-OCC:1283c39e330c3c572347d63d5003f98d32b8c40177392a8370a528c307167ea4",
        "R16B-TRIGGER-OCC:12a1a72be48fe11293318458ed834ada9ffc4c074630aac433cda945117125e3",
        "R16B-TRIGGER-OCC:13f8bfba9384b419c6b2f916123e160b30193951c781c34337f9877c0c429e4c",
        "R16B-TRIGGER-OCC:13fe0f9e45df076e888436a648a294f31d785fe1734992f4c0f860a860a0fad1",
        "R16B-TRIGGER-OCC:14c991561fa8bd73251faacbe1ee407c3fedcaac1d4b81242273c59e650d66e9",
        "R16B-TRIGGER-OCC:155b9e43f2600a0a9873b07a72216ec28db5dc5e42606ef54e6942730bc022aa",
        "R16B-TRIGGER-OCC:16eb227abdf88bde17866438967c57d510ef793ddea1acc1442613e7cbc7b241",
        "R16B-TRIGGER-OCC:16fba79b93d1adb190ddc6635bc854b75dce6a8e03aa75fb88151d91fa395578",
        "R16B-TRIGGER-OCC:17a83ad880d24f5cf60c61ca64fce1fad2752f782ee859d0a3abefe611dbaf84",
        "R16B-TRIGGER-OCC:1826f68aa42a92bc6dca9d860b71f6023175d5f4f0c28713fd354e2069c54ff8",
        "R16B-TRIGGER-OCC:183939060f508e3d9112a8359a10b33b4799774a2041bf049a9c1c0b655785f0",
        "R16B-TRIGGER-OCC:198305f416194bad2b9f6b8d52815b55c13381fc153a70cbf1d2706754d0ffb5",
        "R16B-TRIGGER-OCC:1a1ff85412c79f5a9e23ab96a8d06ab33d0af8509f3f508e7ebd84074137b2ad",
        "R16B-TRIGGER-OCC:1b02d78cf0343bc0334f24e25a0b1ca38c18ec46a8f502b2f57e27a3655a9698",
        "R16B-TRIGGER-OCC:1ba75f72415c80eb57114fdf83af84c0a98e0798aaae1897d4d7f40fbf8861a5",
        "R16B-TRIGGER-OCC:1c4e997c4af1e171f3c97cbf86b620a8a29377d9dbcd0baaf20bf98a12d3a217",
        "R16B-TRIGGER-OCC:1d1446d637138be108d88473982a331cae243a7c433f475072399565f5762d9e",
        "R16B-TRIGGER-OCC:1dd565bc4cf5c584ef4969a399f8ace56dfd1a3fe6d95802aae745adbde623b9",
        "R16B-TRIGGER-OCC:1dff9b9263525b6dd1968ed566e000c484edf4fea22d217a878ac195dc62331c",
        "R16B-TRIGGER-OCC:1e97c0aeb96380ca3f2a7ae43372ba361d2bbd3dff6ee1bb293c9631e1e4d066",
        "R16B-TRIGGER-OCC:1f09c20a0ea635f399c35a8d02f6b7b2c89c170e2a301b943165a3be7528fef0",
        "R16B-TRIGGER-OCC:2231dc6473db839812d4b33b29b220144c896fe41802f3ba7cbbfe59552f0968",
        "R16B-TRIGGER-OCC:227bd6ff33246f26b57f596650164486c6118956bc0dbf95538126d983db4bb3",
        "R16B-TRIGGER-OCC:23c609a8f485003fbffa4e9f4e52abf3cdf349462533e38365f493a548778371",
        "R16B-TRIGGER-OCC:2425f4be2faac27d2e4781ff9d9e0e377205735f0d3ac0d8d1007057c8982c3a",
        "R16B-TRIGGER-OCC:246b2d51a66e6b509f2240966e16bb96057d7b8eb40d97d39461b22cc8c61251",
        "R16B-TRIGGER-OCC:24f5fb5073af31a6b56c329ec431fdb9a0e3bc168a7f541810dd5ee4d000901a",
        "R16B-TRIGGER-OCC:25cbc66e8a72bf60ea337122b1f2d1b637e6bde13d68dd917559a4ab223ab82f",
        "R16B-TRIGGER-OCC:2750a796077c0a3d25fae2d1776f2f017e59cc491fa78a9486f7cde5676d4794",
        "R16B-TRIGGER-OCC:27a0e1545e987b981c765a7a6dffc1e69ab7494e439488f671bce1035b1d10ba",
        "R16B-TRIGGER-OCC:282e8e805e9f2ead8ea4fffb9a747da7bd08b9604415730dfe4926377019237c",
        "R16B-TRIGGER-OCC:2853d6967bcbae21d6632aa246ab13fe697e4ec79315dc0dd503d5900efce1e0",
        "R16B-TRIGGER-OCC:28d14d96ee357c9981d3b8d501546780a015f5319240ae629d41aa1da5bf6f0a",
        "R16B-TRIGGER-OCC:28e5f9c7863ed588d61faa86c5d91d32b811641bdd6c5ffa01beb6f811624b5f",
        "R16B-TRIGGER-OCC:2afe89f415fd7c7a8a6c9ac953515e514c0e7fa12e26f108fd404759d54cb0db",
        "R16B-TRIGGER-OCC:2bed360065a9b474b662e8264edbb68c853652ece971a593cefdaf35acb89aac",
        "R16B-TRIGGER-OCC:2ce2399b4948ecd97f37ee4e1726b41b60f885e1bf190d2d8f0120d9460a46a9",
        "R16B-TRIGGER-OCC:2cf8a6e148f975dfa6da48ab90d77f3fa8724d605f2287cbcca505299a88e102",
        "R16B-TRIGGER-OCC:2d582e66de4757f64de92f01d048fc8259763ca1e9ad4b001c08bf8b3fa678c7",
        "R16B-TRIGGER-OCC:2d931d05adfe0de47acbe7b1d4d9371c8c06657e879eb3851c02aae60f56776e",
        "R16B-TRIGGER-OCC:2e38bae1f85dcbfb6ba87e93c3bfb1794f7773f84d7d2b55488ecd8e3f00b3fb",
        "R16B-TRIGGER-OCC:2e9463db546d0aad24ef246324b3f96eb09469bae822017d05f7ef35ad20ec19",
        "R16B-TRIGGER-OCC:2ee6b5e35f848132fecd72e41f8a6af7862f9334994f020b3434e7aa896d4dec",
        "R16B-TRIGGER-OCC:2ef46d6480de7ff4d031186007acdea679a08e3c12c059362b1637525d9f9c6c",
        "R16B-TRIGGER-OCC:2f30c0c9c59404c0e63526ef824929f5d2584c62f4588ffe199055a51da5b099",
        "R16B-TRIGGER-OCC:3026595d2c61e40db4ccd4e588b9a28a2f8c0edb0e2bbe18505d9b0a7f483e5c",
        "R16B-TRIGGER-OCC:3160e385c661b65e2f5d451b65066f8349f1343a45fd9d436ba9283333ec8766",
        "R16B-TRIGGER-OCC:31bb942b9d716318c09c644d4ea153dec9eede52f81fb5930f3205f705cf5d0e",
        "R16B-TRIGGER-OCC:31f7d59b05fdc0462e4993e5034e9c2a50c79c6ac98964dbaf6a6962561a1653",
        "R16B-TRIGGER-OCC:321458e7f84ea22b3920b5e83e3d88bcaf73def1a62dd1802a33c8e16ea22df6",
        "R16B-TRIGGER-OCC:33a4625c84e102035a06490eaa336b3b4bb4d6334c61fbcdac753713e80c036b",
        "R16B-TRIGGER-OCC:33d6f65237ed1f69928a271db7a45af38d9f44e5f56bed5d38e9c114e4a228e5",
        "R16B-TRIGGER-OCC:33e672269b7a9ffc80b986b70c81b238d2287c83d913a48fea77b722ccb25e87",
        "R16B-TRIGGER-OCC:34a24709478269aa9dfd00d47adbdf74386d72a31c8fc55037cba7f4ea726cbc",
        "R16B-TRIGGER-OCC:34a3a57a448dbf9cf3adf1018c7812139f5a2fd0e5cc4157e7ef058d88d4324e",
        "R16B-TRIGGER-OCC:353ef6f4743656bef6b7de1ed8b0b63c4b1735a69c5525731784c80935c89d69",
        "R16B-TRIGGER-OCC:3556daca4338ccbfea8a272ca4c576e286cb705370d49acc693bf1e6dee16a1c",
        "R16B-TRIGGER-OCC:36329c919b0e442efa8c2938f2115975e681cd025a8abdf876de517a70e7588f",
        "R16B-TRIGGER-OCC:36d649bc0fe0ea5124bc3f2036bb53427b21e2b3054e18342be9d3bc8e30a986",
        "R16B-TRIGGER-OCC:3761e1065c6e0ddfce1761ef18c1c126c20b0fc7b71dac13a521b3737deca87a",
        "R16B-TRIGGER-OCC:3a64a716813a1ff05e827eab67704bef9e89602be7feb65035237b37edf1ff7e",
        "R16B-TRIGGER-OCC:3b3df5abb473472f96bdf2f5864f318eac96213b2dda7f4a3192aee639c66d26",
        "R16B-TRIGGER-OCC:3dee7e6d24b0e01541565a815aa31d540480d2a6f3c8bb138f871899d6eafc14",
        "R16B-TRIGGER-OCC:3e5c2508241b6207e6d7210d98dc119186554768f6495f50848bba87b17ea5f2",
        "R16B-TRIGGER-OCC:3fdcca663191ef12d5b7806888eeb26e0a95eecc7d73e98f5cc7ab2b4f5b403f",
        "R16B-TRIGGER-OCC:406c613516a692b6a854355b3ea0a83722c1d7bf706d3b8d05ae1db7c4010b95",
        "R16B-TRIGGER-OCC:409236449c87a416ec5fab0c633bc84cf7d9e9e7953c1ea815af1fef9c8e3f42",
        "R16B-TRIGGER-OCC:415fdac7398a929e81a79f078b1a923be2c8392c0eae9bdf91a933219192700e",
        "R16B-TRIGGER-OCC:434e38d98601f4d3786cbfe58a8104dc2b2e0eb14db1ea80c68e2422aadc4408",
        "R16B-TRIGGER-OCC:4435b28a9c9340f8ab2f13b327cd460953b7efd42427257b059ba1b5c6585b34",
        "R16B-TRIGGER-OCC:44ab8101ea838eacf35a41c99f0a364d7c0d200f7628c040bf6f128a7e90c83d",
        "R16B-TRIGGER-OCC:44c51d6b1a795bd8bd0f86c23b67bc8d28f2138f38ca5fc3f9d0f081da6dd887",
        "R16B-TRIGGER-OCC:45410143763c0bc6500afa73e82f1f9ebaa3dd36a9215e7636d523d893374089",
        "R16B-TRIGGER-OCC:45e834943e45ec963340c8860bca5018d4a8d1a2f2d0b3bba2042ef485b32a71",
        "R16B-TRIGGER-OCC:463b8c81a96010d9e0dbad5d001d8784c3f0dde91ca2be1d644804c65970869a",
        "R16B-TRIGGER-OCC:46d6c6fed1b94ab4e391f7445eb87ffb081908eed911ab86e13b94202f5739da",
        "R16B-TRIGGER-OCC:46f134c8d09b178d1550ae7fff01581b03f2a902eb245432fe7e7b09fc66b0ab",
        "R16B-TRIGGER-OCC:479c326b3024cd1a0fbe90349e9c987c67bf702d37a9e3085f873eaab27c7132",
        "R16B-TRIGGER-OCC:47e7d90435105f248eb86d56bc27d2a1a121914976cf1d447171abc5befc262b",
        "R16B-TRIGGER-OCC:484f8ed0f6e4ab268eae4252213d7abf035d5aae354d791e4490a2240532377c",
        "R16B-TRIGGER-OCC:486a04327d4372eafddcfc7ba3bc14f100a0305381daa6c0a0a1ef871c78dd1a",
        "R16B-TRIGGER-OCC:48928be15ef31d4a2629a17ead579f26f55195b8724d54035d7938fb388cadaf",
        "R16B-TRIGGER-OCC:49cb9d069aea84c9d51b82c5b1aac592d22b64e75d1f7ddbaebae7370c40eef4",
        "R16B-TRIGGER-OCC:4a30e070993f4f440619bcb43e26facb8bf845e776fd1f4807cea9f6f5080572",
        "R16B-TRIGGER-OCC:4a552b0837b9dc70ac753b2f548c898160a6230d19801079190a28ff8b208071",
        "R16B-TRIGGER-OCC:4a78500427266d1cb966b287072f42aa9b041973be551154a2ff489d47ca9f7d",
        "R16B-TRIGGER-OCC:4b3633a82fb5e23ad1706e555c6092c915533da4040ca62b6195a45facbb2f24",
        "R16B-TRIGGER-OCC:4bb8afd942a21213f663bd004d73f3bfa54ef0b312f980d77335f609e0214772",
        "R16B-TRIGGER-OCC:4bfdc2db99ed7ceb7fb34cd97be705ecb8c0ac006a6c96456493a5c605a4b109",
        "R16B-TRIGGER-OCC:4c092749b453ee6576120fda2fc88ba3f3711430059d0df4f9b673b8253ad68b",
        "R16B-TRIGGER-OCC:4cfc9f09f61a00274c4a8b9838bc07f00ecb190c6564d019b7998a8deba04163",
        "R16B-TRIGGER-OCC:4d162efd7efa1b4af2ee4a9df76d1432fae9af7c0f1e6ca801ad87c3a8527a0b",
        "R16B-TRIGGER-OCC:4d507cb520e42772fc098dd40b515028e7b28bd08de43bcb4178db6d225ed752",
        "R16B-TRIGGER-OCC:4dd37a5cfaa475f53c3e0c6fc0388e5c2721275c6736ce8a6338fbc7f6eae4d3",
        "R16B-TRIGGER-OCC:4dfc8774e100d8adeb51649e431dd4227e044bc3fb3ffcc8d68ec8fc7899c0ea",
        "R16B-TRIGGER-OCC:4e68b3362e6bbb32e06e5cd1c30f50ad1d104b524bbec6ecbecab04488a43b94",
        "R16B-TRIGGER-OCC:5136878da5cd62f226077bf948c79dbf833a5883ed8e98adacfef60b53dc82d7",
        "R16B-TRIGGER-OCC:51477dbb9fc6830d6b6f2bdf42e270ec74ac7058815bf1a2e200d47cfdf68d05",
        "R16B-TRIGGER-OCC:529b01ade349fc5ec1e7352f7d90dac74d15382bb52cf6ffd68ed264ba939864",
        "R16B-TRIGGER-OCC:52d88e2c3617d8cfee05f938bae8fa441fbc2234a90938c439046580853eb717",
        "R16B-TRIGGER-OCC:52f1f687662501d617d51e7b7752566c84e288ca2728c90936d5af2e3566ce85",
        "R16B-TRIGGER-OCC:535549309c881c24496a1f72ba698e51d4bdea0982f0ef4bb7951641ae784329",
        "R16B-TRIGGER-OCC:5392e56d1e320cb8ca46a3e23b630d8ccb89e3ab329d79aebf82ef075dab1167",
        "R16B-TRIGGER-OCC:558e8cd312ff625c35d9261c8bb93fc8743fd49c29c02c377dc4094eff9bcf5c",
        "R16B-TRIGGER-OCC:562ba9002cc843378e5acf57cd2f8d892b9efe9e0331d905370dbb9dd448a421",
        "R16B-TRIGGER-OCC:57947a0bbabcbf9a5ef7018e3dc25fd37fd0ae8c6584aa39f7dd77daa7fb2607",
        "R16B-TRIGGER-OCC:5836f177e523ae19c77da4176b580c5200b017a2e055e2ec8cd6541ec5927491",
        "R16B-TRIGGER-OCC:586d3a6d5cf5a86346f09a2acc3c012995d96969344029be49a7cb358e8645a2",
        "R16B-TRIGGER-OCC:58b5dbb2f897a729623f42f1e04e5c816a4a31af8fcd5eac453bcc85031c1664",
        "R16B-TRIGGER-OCC:58e6eea78c8213e4675bb7c1f08586ea4059aca563e2329d596a1316e3f42c27",
        "R16B-TRIGGER-OCC:5a6d8203334ce0e6b884df7eb6bbc906e2a6d41e8c24320884842aa8cc032be6",
        "R16B-TRIGGER-OCC:5a737b1a3dcdcc20de9bd7ee0d60d1d27edae73e48ca7c437a525b891c652cfb",
        "R16B-TRIGGER-OCC:5a88d05da44eff3d7fccd13b9614f9ccc7bf855bcb70cd5348afd209defb91e3",
        "R16B-TRIGGER-OCC:5b58527ea38a36aff9c86b488d2150aadd05abbb2c629df552c8c938e39ae00e",
        "R16B-TRIGGER-OCC:5c167ce72b236bce0926a8dedeafd50e1a809f792e3c7c23c96b370ea06240ce",
        "R16B-TRIGGER-OCC:5d4db12993718682a36d32c492e3561b0320913ee2689008acaa2b9026387f0c",
        "R16B-TRIGGER-OCC:5e3fd73dc271a70f569c0a8f42cf15541ed1857edf8c687c1ae433cc250b8d43",
        "R16B-TRIGGER-OCC:5e8c00dc1a507a071d5cbc17d7667e88d040705008ff161fce485fbcb2910cc3",
        "R16B-TRIGGER-OCC:5e8ce92a931c30585b86ae4cd339288455d83a17b93467f2f59408941105fead",
        "R16B-TRIGGER-OCC:5edf4303c5bc7a8cba368c311c24a4d3240812f80716d9f430a6b37f8e494bd9",
        "R16B-TRIGGER-OCC:5f02f183e284dc87ab8ed0b21f6f737095be280bd8681047a00ffe9db1f4c6c9",
        "R16B-TRIGGER-OCC:6077a280389cfe741dbcc8903d6b6ec4821bea7ec58be1e0f46a84786c2a42c2",
        "R16B-TRIGGER-OCC:60963c9d2596504f59ebec9b49bd81323135fd921e3f1f7477233599bad18df8",
        "R16B-TRIGGER-OCC:60ed58970bc9ba609913b26ddc61f6cb66ba8306c68512702623ab682466849c",
        "R16B-TRIGGER-OCC:6123eabd8bea1e111dcd2d38d19d91ff8e674fa4b53b6a479b84c222f195e1f8",
        "R16B-TRIGGER-OCC:61ad00846aeb8b4874c0462f67408059a2282c56a6253d86e80ad2a1fe0be315",
        "R16B-TRIGGER-OCC:62c73e625af26f0b1f7d9ce16eae15ec1351b4746b78eaf621f7d3a4f51814da",
        "R16B-TRIGGER-OCC:64b234d2c3d0f06042d1375454ddec5166ae6f263bba529d13600efb3410b8f3",
        "R16B-TRIGGER-OCC:66fbdbd1bccb2d3e6d8a509c0320b1434cba04147ada60f6e995a66b2a2dba77",
        "R16B-TRIGGER-OCC:67bad5be83d3b314eb2b6ffd3a01dc93c88260d7fbd5c1a3a377890ceb74d775",
        "R16B-TRIGGER-OCC:6841d3f0bce1153d13aead70e969a7907aa101aad34d1ea9ff621a9818394fae",
        "R16B-TRIGGER-OCC:688b8182f709ff9ab48d6092423b120f8d55d0956ddb61f2a2dc9acbe975e9ea",
        "R16B-TRIGGER-OCC:6aad8b98c16a2eba32ac69020cdc9ed9f5321d608e6e571e42a08e6e86946473",
        "R16B-TRIGGER-OCC:6b815da116e4c885b4198447462d9ac90d0381567945f792b34090425a95ddaa",
        "R16B-TRIGGER-OCC:6cd8d5fcb0efae9aed862531c3a0b2c55e71d5a6b4b4efd096be0e211c119186",
        "R16B-TRIGGER-OCC:6d3ed44071968e56ac9061bc547b9fb45166dd0be1c754cf1203544149316b2b",
        "R16B-TRIGGER-OCC:6d8ddd75389be728b90cabbdce459bae431147aa8a8ce336de1a774749e1f9de",
        "R16B-TRIGGER-OCC:6e52fc0f1dbdec9f60e796f5c0a34e11c890433117829c6869544529c3668108",
        "R16B-TRIGGER-OCC:6e53d7c32390ce2f6b9564eef5d275137a04b71ce857d6051764a1a433bd0063",
        "R16B-TRIGGER-OCC:6e8c96ff1d670541fe7f2cb9be7115bebf60f86458cf6c44522ec3516b03c4de",
        "R16B-TRIGGER-OCC:6e94764052209c640fefd08b47df3440599535ff7046228f61bc6a7e2a5ebdf7",
        "R16B-TRIGGER-OCC:6f3a3bc39d28dac7a1639375c4002fdb159c0d35a87ff6bc8dec2a7d98f87a5d",
        "R16B-TRIGGER-OCC:6f59bf9645c611e4849c49688cac526b7439bf37587cf28216028e761ff9e8fa",
        "R16B-TRIGGER-OCC:702e4379f69dd7c264acb0f89704520a9b6051d95a432211641862f509935fcf",
        "R16B-TRIGGER-OCC:704c0c889f83a43f3a8b1a73f98d5b624b9afcc5676938f58519a06cd7f26d34",
        "R16B-TRIGGER-OCC:704ee7e707d4dd67b7b9fff13ed8d8b03c30483b8f5e9a2171930ff90852c13a",
        "R16B-TRIGGER-OCC:70d9310e0d521a915ebc7386f95a13af7e8ffedb91020f9eaac3bd4b4bb82040",
        "R16B-TRIGGER-OCC:713c1c8fa7afd5472d81e34ce525c97bc83d9ad877728c13a28c341620264356",
        "R16B-TRIGGER-OCC:715f70115a6dbd78222a62bba04f49f0c40f40677e9b1d223dbb2dcc8f386607",
        "R16B-TRIGGER-OCC:71a9486c5f28a487812fc2c8744a6fc94d06606b864378dee2ceffe313708fdb",
        "R16B-TRIGGER-OCC:73d9538d23a8aac4af675ac436a18e3df481682285653c7a07e82bbea609beeb",
        "R16B-TRIGGER-OCC:742458399510d6a33489d93df9770d380eda4885ba9d4b0c2da285f863ad8b4b",
        "R16B-TRIGGER-OCC:748de6cb0ed481192a42c5d2f0bbf4aadabb51470374d0a34d3df43148786c24",
        "R16B-TRIGGER-OCC:74a4900d94eecf849e086a54a842dbac4bb0cd96ca1b8e724c07dce566a8761d",
        "R16B-TRIGGER-OCC:74b0a079b9279d840667341793e15e79ffbce5cda78f772d5ce90b360b164084",
        "R16B-TRIGGER-OCC:756576c1436cbd1430355909b0e718756454cfaabf9ed06750ba4a48115d060a",
        "R16B-TRIGGER-OCC:75be54720c8efb1022921041c0759d89ba3137d7b8e77c1fc50546b3129845ac",
        "R16B-TRIGGER-OCC:76c4d299645348d6f0c7b07642f277daef1d18a282c0e662bfc23e6ae2b8ac46",
        "R16B-TRIGGER-OCC:78d03ab72e8a3e8eaa8337b4a1661712d144119c8c547f942d2be159874a6b85",
        "R16B-TRIGGER-OCC:78d3f9c3bb15d21cce0380a00447d2ca01a2ee535f21b0d914566b616ce5a952",
        "R16B-TRIGGER-OCC:7a62f702617a7cdf74118948758fc77cbe32089aa15a4940af452b23c724d396",
        "R16B-TRIGGER-OCC:7ae5b18ed4ea465c930c46b9c65ef08cbdb6d7ed646abcb8f2090b60abc4a7ed",
        "R16B-TRIGGER-OCC:7ae8b2eb8dd1ac0f10ec3aeb3f65ee97c07c3859c156ca199db570298953bb89",
        "R16B-TRIGGER-OCC:7b0c06180c3ba6718a078e0251c77a5f4189f32ea76819440c96f9a7f80f3de4",
        "R16B-TRIGGER-OCC:7b9cb1b860b572ea90efd2dcf6d46434fb5486410b513c898c1dbaacb1c18a1b",
        "R16B-TRIGGER-OCC:7c8cb35ba685083550a9eb9ce22cafd55e772bf984f4d91b121d667b2d15d184",
        "R16B-TRIGGER-OCC:7d3f95aedb7a15e34dc59499adabe55dd3069cc9fc2f55c9c5457a5056f5bb40",
        "R16B-TRIGGER-OCC:7fc3e25d56b7ef117091a95e3bb5f92a73825ef9ea98f7064855b7c8ebf5b46b",
        "R16B-TRIGGER-OCC:80b86e5e1e43dab762e0f18dba1cf27ed919079770cbf571b3df51ff580d6f61",
        "R16B-TRIGGER-OCC:8251af23000f494741606339ef8c4a99cac34a655c476b7f4acbaee97f8e2290",
        "R16B-TRIGGER-OCC:840fdf9b8712f6fdea5e7487afc8d8265b9af74a2d7fc4f328c569721d1ae918",
        "R16B-TRIGGER-OCC:849eef865b1c4531699c207c68c03762dfbb9d322f9d7ca0ec41d3ef90705118",
        "R16B-TRIGGER-OCC:84abd4013a944e75989c468d935dfe6039b4de9fa8392c9a48a3987d10df42dc",
        "R16B-TRIGGER-OCC:850e8fdf7a35bd9785778d61be40f30dc01302c2ad1c517cdbcb3a0de0c6e2dd",
        "R16B-TRIGGER-OCC:8537da1ab1ccf449516b1f3de1296868c171d9e1b872eea3b4353550c59faa0b",
        "R16B-TRIGGER-OCC:85613b3f3f354b9a0efa711b7b2410702f85453831d110cdd4f0cf36d2bb64cb",
        "R16B-TRIGGER-OCC:8587f30de7a623f9e6485777758faab880124a187251e351ae924b2fd3ace114",
        "R16B-TRIGGER-OCC:865cda08da075e7ad0eec89c8e41abef1537f8e798e521360e698f62359a1bdb",
        "R16B-TRIGGER-OCC:86d36966d329f83aca2f039fcd8f24e297ca18244c99ab3aff450a219097d880",
        "R16B-TRIGGER-OCC:870f33db193d81cd61cf4757d6065d4723f3bd529761858b2677a860d06d840a",
        "R16B-TRIGGER-OCC:875cc15efb5c7d2bed9059cc19fcbdb4128a57b96da3a6ab924377fee0fbccd8",
        "R16B-TRIGGER-OCC:892b93c58f273429248854b7937d1875df916676348133a9cbaee32d394190ca",
        "R16B-TRIGGER-OCC:8a2081465295e7bbf53d258131b8ca890ce63d45e56ae17d44773f87aa0ee654",
        "R16B-TRIGGER-OCC:8bdcfbc38a9e800899c6573f6e00174fd45ecf108684caf510a4e8e4d86dabbb",
        "R16B-TRIGGER-OCC:8c69c7f8383868b6bd634989dab77b26ff187c5799dc923691aa581e7e7becd6",
        "R16B-TRIGGER-OCC:8f510f8102ef769304271a83f7f4e6c4442642b1e6f49f1865b862975c531263",
        "R16B-TRIGGER-OCC:901e02775f1927e6c3447c1a292ce29fad6addc0cc8a0aed55a4cb9c2ba78662",
        "R16B-TRIGGER-OCC:903b604e73a3977efb4751634361b3d7ed28587c2c86392b97abb6b98c406dc1",
        "R16B-TRIGGER-OCC:92e0d65ed2eb6bb8ed97ba6793209200cf7a8651e366672246c5a9c4d8e656e1",
        "R16B-TRIGGER-OCC:935ac84f58e6957fc674f625374fe3422d04d9986bddf35ee79ae888e8ea32cf",
        "R16B-TRIGGER-OCC:93b1382451bc0d02967606f55e6ab9e2611bef2339e3bece8b46a95f5852486b",
        "R16B-TRIGGER-OCC:93cfa754a47302252a3315afd97ab07340081cfcfd5246a683a436c10f650b5e",
        "R16B-TRIGGER-OCC:962b74f290c61658aed1afbf35b154e36f453ec7872dff13b6c2eb3c0a9da36b",
        "R16B-TRIGGER-OCC:96b2892dc4da76ec991acee1a8d95a03bb0156242330197190e1c142f671ed91",
        "R16B-TRIGGER-OCC:96e2eeb5fbeddf8c0bca2e2c46ebedd93da90ab43aec90f1d13723911f01bbff",
        "R16B-TRIGGER-OCC:987db5e0e8ec91871cd4c72ac58a3a9656b45968fa46c0ddc32b4ed51ef7e6f7",
        "R16B-TRIGGER-OCC:98888801fddf6384e080d34b662b5c60ca647bdd81916a3755d33efa696ea047",
        "R16B-TRIGGER-OCC:98aefe9c2de3604d9955dca224c4408ba453157b6f39b58bf8f8dda6c320e4f0",
        "R16B-TRIGGER-OCC:98b10196642d31799b2067e6d6e4e78eb0eb71234fbcbb4a6c0ea1735f6e3ab7",
        "R16B-TRIGGER-OCC:98f857b3241fd9c59078ac9e724da7bc86c2d76fbf2c4698fbed0f71f098a6e7",
        "R16B-TRIGGER-OCC:9a59bff96efcfddd2023ee035e230d6d4c4995b2cba49fe34b4784403165d3c5",
        "R16B-TRIGGER-OCC:9b014b46b2180773276ff73a19a82f5963fce3dcf5144f0a9882a7215eead437",
        "R16B-TRIGGER-OCC:9da9533aefee2b79b53218480fa69dea03168ec0f57208784ec07a488ac17b3a",
        "R16B-TRIGGER-OCC:9df31a7d35b1c7b1b0eff08e97edd3cdeee60b993bb5fd3123c85359209dda88",
        "R16B-TRIGGER-OCC:9f22a09e69347587587e1316916b9b471a4b87958875f3633436f488a0264d9f",
        "R16B-TRIGGER-OCC:a126aaae19de1dcf17f2dab893b1ff0194e662d7b40296ae7badf263986b8427",
        "R16B-TRIGGER-OCC:a1819f55cf2b425cd3ad37677f4e2724249c78df778efe05f9e222d347abaf3c",
        "R16B-TRIGGER-OCC:a1a38cdef01d804e81c40d530291da7c0d5584c04582943eb8ff1f13cb26bc4f",
        "R16B-TRIGGER-OCC:a1f85f12c0b1f88d8c56f0c29643320e2266e0230e8898f502976793ff7bae07",
        "R16B-TRIGGER-OCC:a3c1c52773986e6cb4b1daed5cd83a0f978ecf2bc5c518f6cc3af5fe355928fe",
        "R16B-TRIGGER-OCC:a4ad23d3ab52ddf2a94e27133095aac353447f58b06028b5e5120175453c0e7e",
        "R16B-TRIGGER-OCC:a57ac6de28e2959672d808e610c5b3fb25e3dca75569481f0c2755352820f89c",
        "R16B-TRIGGER-OCC:a58e8899db8095adc5e2f787c08897f8da6460c27f49cddd98bf1b88cfc47a84",
        "R16B-TRIGGER-OCC:a5df206c2233c371cc3bd03399bb60aa19d7dfd9e23b0be8080191ea52e65e7a",
        "R16B-TRIGGER-OCC:a6472a30f570d36980dc7d8f6ddedb7a4161c7a11ecc7a48786ad1bb5e4ecb43",
        "R16B-TRIGGER-OCC:a6d100ea0eae61a5670ef2ae151b3d25ca536b7023fc0aa032367d186bd02c6a",
        "R16B-TRIGGER-OCC:a84efdc62b7355538561f3cb1121dd8e6683100da45ffd5860e2b9549d8cf748",
        "R16B-TRIGGER-OCC:a8e53b0065f8deedf45a905a4edea9aea39f7f27127b5665396da396e327d49f",
        "R16B-TRIGGER-OCC:a9ad39ffa4e83207561871b9aa75e7ccfca218c991275de69a41eb4ee998a0e7",
        "R16B-TRIGGER-OCC:aa7ed8700db3ecfcbcb89d105bfb0528d16a011e469d9a22eb98d98c612d72d4",
        "R16B-TRIGGER-OCC:acfcfb0239367b9bcb02542a4bba107cdd43a2c956cb71baf129d20a9c522507",
        "R16B-TRIGGER-OCC:ad9b22a73bef71cc84d99a4c26fd9070bbc34b18236370d2dbddbeebb3f1b428",
        "R16B-TRIGGER-OCC:ae27800f2f02dfff92f31369366c3ea8d50d45cbe86b354829da815d01aa2bf8",
        "R16B-TRIGGER-OCC:aeb06099ce9f1b0b01b06eeae4a3fc39b8bccc35aac02c98e6954f722c2e7b6c",
        "R16B-TRIGGER-OCC:b00ad15cf61cacd84e52e538acfeacfb4ee0b42e14d32b343c2c87ee6aff87c8",
        "R16B-TRIGGER-OCC:b033e8a9836dba626d8f5a8b51f5fdc81561cd0fd26698e1f602118262912dda",
        "R16B-TRIGGER-OCC:b0ca83c5f44d025d1b0df4651ef0bcabed7265a497ff385d06ed85e6fa1a5822",
        "R16B-TRIGGER-OCC:b0f432481cb6b776e9e09f9af09c0c34b0087952771f54488a55183ca9ffc6c9",
        "R16B-TRIGGER-OCC:b142e40dfa5aac5141401e59af2bd2329250c5007b10f0d1f81ee133fd512c01",
        "R16B-TRIGGER-OCC:b1d252ae01fa65a4f2c04437e770fe4f3de8cd8156f7477d39a1ac666a03c7c3",
        "R16B-TRIGGER-OCC:b1eb1b6aa9538111d8e465fa01a9050c04eef56eee57685799e4023b05c31159",
        "R16B-TRIGGER-OCC:b240fe15d4208b873e24436f285b1da9cfc04fe37bc238c11437ffc32af56285",
        "R16B-TRIGGER-OCC:b2cedc8d85b6f9246ddc35929f97b08664ece545a67f24d2d23643f338e71abe",
        "R16B-TRIGGER-OCC:b37f0052aa6f36dd68a4fa5463f35830e3efdaae5e8f8793885b3f59874c5027",
        "R16B-TRIGGER-OCC:b393b9f0c4d67bf3d5c04cbc823f94f1d30f370e3340b10bfa4d86600b1c5460",
        "R16B-TRIGGER-OCC:b3db36c8408f440587568c9900f9faa8651277148a3a331804885d47dd313436",
        "R16B-TRIGGER-OCC:b4234c1d1f08f9c0f71abfe4f892432d85529829552a5a314c7d4e5a5e1aefbd",
        "R16B-TRIGGER-OCC:b4bba36c64805ac955d5be0835ed1558cc31b71e22fe448d13b7e2a4b417d1e1",
        "R16B-TRIGGER-OCC:b630055e16e82ad4c4326517a18ddb863171293b45be83ebbef49f46b9874db5",
        "R16B-TRIGGER-OCC:b8a981e3826b38dd499973aea875008113e42996136a0666f6fee03b0943f7fa",
        "R16B-TRIGGER-OCC:ba22c60b72952ae060209bf73709e397d04e75f29d77fbbaa6aa7982c03f790b",
        "R16B-TRIGGER-OCC:bb8035cbdeffd3f57494c32f44e77a1bf9049aa1013cc0aae3318553cee92cd8",
        "R16B-TRIGGER-OCC:bbaeac80c6d64ba80291227ce1eb12f756a73a8486796134d904e74aae031bf9",
        "R16B-TRIGGER-OCC:bbf2f806cb1af6dd022aaf5d8ee371750bfdb11e616a7f835c646a7b2953d330",
        "R16B-TRIGGER-OCC:bd153d55df54c5af2f1fb68a4a87b088dda75162ffa4d5dfe5f5ccd4210c7fdd",
        "R16B-TRIGGER-OCC:bd62dcbc9d5d75d2dbd1df21b9ecd01e28d2b2ef392f97563c16cd77f671599d",
        "R16B-TRIGGER-OCC:bd8202b5f69dfd3b0b24a509fa4e0b5ce676cb899fd587458c0bcfdcda9016d5",
        "R16B-TRIGGER-OCC:bd8b986a1f8ded9bdc7cbc871ad4a641b2dc45844bb70580d0ce126af20bbdaa",
        "R16B-TRIGGER-OCC:bf6ef2ab871c62ed2e82503ec9ca4998e249f4b1f32ce9f4a324ea4e9a120567",
        "R16B-TRIGGER-OCC:c0c339b1b7fdb64d9158fabf34c37df736008193149c0f12748778dc23c60927",
        "R16B-TRIGGER-OCC:c1c81af6e2fd4c1f34cbdc5e01bfa7c798c035b049cc3b64e12678b1496af649",
        "R16B-TRIGGER-OCC:c33d3473b3510426220ed216ecc0a664801752831b957b57c618bf4a98d05d2b",
        "R16B-TRIGGER-OCC:c3e22ab90af9e6ba14e945d6155e68fa97b49fd5774aaf013052a01732c564d5",
        "R16B-TRIGGER-OCC:c4974aca760033b13ac35f4d15e5fdb199f24c95eaa394ee44db0e1e0aa22d7f",
        "R16B-TRIGGER-OCC:c4a9ff1620a25821335fe92576e26710036d7b35f5410aa98e881d17386bc3f8",
        "R16B-TRIGGER-OCC:c53f55987eb60575acec926329712e2eb0c83fba4f17adb6a330b1b31a81489d",
        "R16B-TRIGGER-OCC:c5914d70b6805ff5a7960cfc5405254c5a9eafb82bbf2c182cbdbac4d2739458",
        "R16B-TRIGGER-OCC:c594f97928d75ca284a9dac7738d2bab5eb905ea14c77be9e07f2e4613bec5b6",
        "R16B-TRIGGER-OCC:c7a349042ce3fb62faaa602537aaaa49dd33703df46ae1bf53a78f4a93855039",
        "R16B-TRIGGER-OCC:c8c9e3e959ca5cd318a81be81edf41285defcc4dff6a72ba083d8c74c790dc96",
        "R16B-TRIGGER-OCC:c9e0b7e398b59951a24fc3c728c8b4dd5d15f8f5a9b271cfaeb118c03399a243",
        "R16B-TRIGGER-OCC:ca16104e86eb305eb7250e1e103bec77b73cff8cd899d9d85f08f6554a55fcfb",
        "R16B-TRIGGER-OCC:cbf8ac0888c36dd7bde9ac0ef2906ca6fb374b6e9e415bd72a32eb1d8eb5ccc9",
        "R16B-TRIGGER-OCC:cc2fd31b4dd8edbf530a681a2440053b9af230e00a078b7445e7e0196276fcf0",
        "R16B-TRIGGER-OCC:ceea60bb048f3cd2d2db9f599c62f0ac3460d760b53b95659bee5a7113554667",
        "R16B-TRIGGER-OCC:ceeed4bfb73ed7ace9a8c41f2a54cf3ca1dad085afd28d3fde4eafef85ebec47",
        "R16B-TRIGGER-OCC:cfca09742535dfc31b204ee3937fea818a027de07600e976672b178e5f33891f",
        "R16B-TRIGGER-OCC:cfe3f05f4ca5550c8a1ff51ef5cc3914fb44577de09ae1b298f28fcd75897b9c",
        "R16B-TRIGGER-OCC:d1cb1a52cfcf57ba00bd1ff81c2c076dc73ff81d8410f51dd4c987a4321471c0",
        "R16B-TRIGGER-OCC:d1e34d829137ff9b35ef2888cd735fa86d93dd01e9947fc58cedf90b368e2053",
        "R16B-TRIGGER-OCC:d2cd204af8ffdf2231bbdb686dbb3e8695e55a67a44adf9e730b87fa1b94bcaa",
        "R16B-TRIGGER-OCC:d36676aec41bda897e96d7dcd4a57df62c5fe6ffb505e83d8b7a191964c143f2",
        "R16B-TRIGGER-OCC:d4da77ad36989006372cf1c339da3a933045c043f994ede284ad3a57986dcb77",
        "R16B-TRIGGER-OCC:d55dae023b20b2402ecfbd13214c7f51ada5320be890c06a53ebd4a2d0e232f5",
        "R16B-TRIGGER-OCC:d5de7b727fd415997b54d0d62154b43e4f52186c524e3ba8aa01a209f7cf574d",
        "R16B-TRIGGER-OCC:d6ef4a12d0decb1ef6cea41f4caef9f88d5f6d4cbd63c8a8db86837caa87e1a9",
        "R16B-TRIGGER-OCC:d70b958ebb88cbae6a0feadc21e91a3ea46f195e386fda7c350857ad3c3bfa1e",
        "R16B-TRIGGER-OCC:d72e89efc7bf1c467e7c3ae1da7ac7a1945ebcc11f50f9a8f57f0c650d487cbe",
        "R16B-TRIGGER-OCC:d827891ac9d7f3620910ae895de74f282a8d35f8ce0e7bf51f243935dc3182c6",
        "R16B-TRIGGER-OCC:d83e279a20c4bbf31e28d2b7ed727ce6330ddc261e66646a794e26897ea9cb14",
        "R16B-TRIGGER-OCC:d9e4161d905e9e2e0bcecfc474916d8f9baaabda0c536d57ee6d1ed33c658b99",
        "R16B-TRIGGER-OCC:d9e45fcc8872a7adb28cd464937dc5e704d4762a7e81379f3ecaa30f9e546ed9",
        "R16B-TRIGGER-OCC:da2bcfe907343507c993595146367fb73e3e9069da81802e6adbc24079ddb8ef",
        "R16B-TRIGGER-OCC:da890b5f614cef0a839445d05cb0fb416d416363ba0b2eb0c93919b00d2cfddd",
        "R16B-TRIGGER-OCC:dadf3b58e32fddb4a69d2b90ff80294b46c52c595560899f63fbaaf1dab00680",
        "R16B-TRIGGER-OCC:db582051d88bef7d0830b282f464666fa696f57ceac8ac6f2957c97d400e0097",
        "R16B-TRIGGER-OCC:dd5dd90e71a08219b5080077d0b71d71d5630aed926ef5313ee5ba149e95e620",
        "R16B-TRIGGER-OCC:dd78eb8c32132fe7b6ffaf695e1ed20bcc6eb68de60ded1d8c86a03a8f89937e",
        "R16B-TRIGGER-OCC:de464000e259fceab6d7fa3a1cd610457547f771b59410d2794cddb3f6daddbe",
        "R16B-TRIGGER-OCC:de47a1803d387cac4d096f88c898ab833bfa3cdbfb4412cc301a464a42aeaa44",
        "R16B-TRIGGER-OCC:dfbcb6f7543e9fd89f8fd24185f2adc85815c74af4782bd9efb2f0bb2f8a0bb3",
        "R16B-TRIGGER-OCC:e03084a77f6db34fad36bad02b8bc58e516004eb3a697ef4bb3561eb2b4780f3",
        "R16B-TRIGGER-OCC:e10219d25d67eecc5a820ed1512e897d2b4d71403561c84a10da9a5e8a8c9d49",
        "R16B-TRIGGER-OCC:e1a385b9fd4848262622ad4a839ecb99a1bf047c6c9ef7ddb1ec725511d4c0c3",
        "R16B-TRIGGER-OCC:e2948b4ca4b56eceb5d1bef761b97ce865db0ece560ae1a20f4683797c1b9246",
        "R16B-TRIGGER-OCC:e2ae18f559c630994377d2f392f996562172f3a7cd580a69a9589155d306e116",
        "R16B-TRIGGER-OCC:e2b2323a75ebf0477c51b60eb4dc69324d13efa8d9d2a4ab8fba96c611556d2a",
        "R16B-TRIGGER-OCC:e2ffb0f13d21c2bb6435ea8d4303bcd300d2d308ac2559e1edb4dbf5a8c44b6a",
        "R16B-TRIGGER-OCC:e464d1c433a8964390803d0ad1cb77a86cb8c89df5a57a90b20e862b3197f7d3",
        "R16B-TRIGGER-OCC:e6487c8bc58a03ff7237832fd5a1ae4ab5d32e779f0f9ae820aac23dc9e8a9f9",
        "R16B-TRIGGER-OCC:e66a4cb068f15fc05498e960e6f8e04f715913259c566021c6489c8f4bc30dec",
        "R16B-TRIGGER-OCC:e71deb02d2c7d8d2630dc628395740935778186becf515f48e138647d34bae40",
        "R16B-TRIGGER-OCC:e7576d2b070a7ddc628a4a17cfb697c1846e21aa66dfff6fa889b234d0f7a928",
        "R16B-TRIGGER-OCC:e7e7061cb2ea6476707d189e710afe4e2e9a018c00aa3f4bc54a2e17381877ba",
        "R16B-TRIGGER-OCC:e7f070550d2d65302eb903d576b80307774a46588061f891892f367f28745328",
        "R16B-TRIGGER-OCC:eaff769301dd300ccbf28422ff5bfe28eb451d8406f27123afb8dd8715782fb6",
        "R16B-TRIGGER-OCC:ec5243197131a6703d448475d40e3ad9d14bac2a45a2aa6d93656d49855e8057",
        "R16B-TRIGGER-OCC:ec9ba0a23c0967bd005e8e6d20f2267152df24cd0384b00365decf390e2a8ed5",
        "R16B-TRIGGER-OCC:ecd41329fce846f012baaaacc937752e3319f7e97be83fc054d23214a51c21de",
        "R16B-TRIGGER-OCC:edd630ab55ebfa4be225c7b8d6f7d26e6cfcd3d9f501f6c1c702146caef7bf35",
        "R16B-TRIGGER-OCC:edeeb0bd4556fe3a2a7a9e248ceea18298385bfa5f8e18c91ce7a43531c9e8bf",
        "R16B-TRIGGER-OCC:ee0efb4e632ad08b52a170ebfd755f90e668dd82ab611de3838f10f7216a8703",
        "R16B-TRIGGER-OCC:eee00213e2a29c2083d16d4ccb4a273257b8151b6cf494cfecf32d0338f7b790",
        "R16B-TRIGGER-OCC:efa1df8b2a6f2371f030f119d98b56f0860a21a9147450752dde264a9f5e0829",
        "R16B-TRIGGER-OCC:efeb1453ffbbc6c638cd3fd4c1b09b5293f2e57defea4009165a80e997e84749",
        "R16B-TRIGGER-OCC:f1251e1667abc539e752de573a9972d5418459b288f7b94fe1b06aaabf0221ad",
        "R16B-TRIGGER-OCC:f198ba498a88a78d823ff4f8774bbecdaba89c8ac83e8a0a0eafb3873788e2a7",
        "R16B-TRIGGER-OCC:f208bf96cd25417e856812186a26f56375ec6f12ebd51f2ce6e72d3e344910db",
        "R16B-TRIGGER-OCC:f24c99ab35f87d43719b528865f0794d04fcbcf0bdd976d124392d5bddb91461",
        "R16B-TRIGGER-OCC:f336f2c37c92fc84fe6c5fae9a1afd2e6d801f2edb1fe5c6d01741279f9ac033",
        "R16B-TRIGGER-OCC:f3a2545a99e82c6901bb06d5d4b70d7ba8ff7e741c4c7aa1195ce13e3c76fcbb",
        "R16B-TRIGGER-OCC:f3e66e2737129361cf1eedd945c433ecfbf24a16451ddbffc8168ac03fbd97bc",
        "R16B-TRIGGER-OCC:f3e727d8ab1c3645d976dd2262bed82196d311b3aa88868160dcb942d748bc1e",
        "R16B-TRIGGER-OCC:f49f2492ccf007e4b937cef03da0ac22267c2943dd565eef0848c45c7723161a",
        "R16B-TRIGGER-OCC:f67ba2e0f02f33e87febfc00b9ca3fa47a8d0b33de18f60c8f72e6c109ba0722",
        "R16B-TRIGGER-OCC:f7bdcc6550b74dfcd4c6827643eb09e7075405e28cd155e49a153bd98247b568",
        "R16B-TRIGGER-OCC:f8f0eb5992f8f8e610f3a56f7b8129799b05136c50700c27fd80351eba1cb0ac",
        "R16B-TRIGGER-OCC:f8f4f8f4cadc67b12e097111ba1f2cc44aa0886e070196e3632f69da63d270f7",
        "R16B-TRIGGER-OCC:faabaf76edef6fedf059402edf05d769d48d224b1228815bc1bba9a1b215496c",
        "R16B-TRIGGER-OCC:fb46aba791e87a17d47e56a9391ef885ec354a5848b099095e0ffb7c33323918",
        "R16B-TRIGGER-OCC:fbc4882d4b4336df86db10b6441f4c1d6d6b38714de9489b0be4689198dc3535",
        "R16B-TRIGGER-OCC:fbcf4890457991e9c6d7c04452e139de91e821ba376ee21bc860fa7d3588ce61",
        "R16B-TRIGGER-OCC:fe60bb8d7d6a36d249653c889a3dcf97c41e33005cce13a1ab16e290bcc7cbec",
        "R16B-TRIGGER-OCC:fe646c4dfe2c7f82dc662925d843255f8ae2786743f549f25a1c2de796f56f29",
        "R16B-TRIGGER-OCC:fe71e5e89a9d62c4e3c067c7ac6ecc7053828c3e81b45ac6c557016cfc09180e",
        "R16B-TRIGGER-OCC:feabb940c6254e3d5c7c3a7e7819f206c3982b7c7a37dff2b77556974f568aac",
        "R16B-TRIGGER-OCC:fec2245a66bb460a7e897638bb07d440847f104389d1cadd478fc41ebc55fbaf",
        "R16B-TRIGGER-OCC:fed4ef9c8cd5c0462bb3b28ea9cea69e0728a0b664322a1ce8e8ed28209d706f",
        "R16B-TRIGGER-OCC:fee67f1c8cffc7bef9c749926da6be237e63d5df80449dcaf52d833fc586fe60",
        "R16B-TRIGGER-OCC:ffb19a271560e97d57d2f21e4ebda1d0acd621ffba4a327b0c2fb0c64fddcebb",
        "R16B-TRIGGER-OCC:ffbcb6b5555f09e81cfbabfa9d51baed7564bb33366d7e81c78cc61d4456b1ef"
      ],
      "status": "PASS"
    },
    {
      "check": "cumulative_family_row_count",
      "observed": 35,
      "status": "PASS"
    },
    {
      "check": "cumulative_family_disjoint_union",
      "observed": 35,
      "status": "PASS"
    },
    {
      "check": "cumulative_family_universe_equality",
      "observed": [
        "00244f87a89799f75a57307b7eecd35f40bd1f74c99f8e31f4c23fa56855c27a",
        "07d5c44f285178774f70755012d2745feec81d240210c340b5910a738ae0a837",
        "08555e0036d8fa72ac6454261ba70bfa4ad09988a59f17c92c3401fd0d1d907d",
        "0c335e4ef6d612535b516a59ac96442d3cbf17affbbd517d57c6d74388f8fd2d",
        "0e719db533fd03f71aa5fbb293aa0d6aa8b79453db51fe8e0f8b7f0fc59fede9",
        "15f5757830dfe043fb27e73c28ff3bfd902aaa9c938ab254fda8682d359a7249",
        "1d76bf657bbdec293265d051268a2a1153be0108b15a8d63ebbf2cb98cf6f06a",
        "23b72032e8165ac9f164a43ac0e1932f2fe4354f1b89f62d67ebe7d497de7af1",
        "2770b6b66713cd3191cec7b14915b14624cbda9b7307b53bb230ea7f29d8caec",
        "33a113b724e4e0088fd1c0fa77ea8757112a289ca51e8a441f9111b96697646a",
        "3648ab4f374cda7a490244914de785b764e7e4f7c872f094e8a2d3f03a71a560",
        "3cd10180090e141ef9c63f03a217b2bae056c52da1a52850736c3b580dd533b7",
        "3d978cc2b2ed5a65ad9841e04307657d41e0a23034f54b821fa59ce974e43e00",
        "3fab395d77bb9112b04a2eedc91aa128a006839ed048fb6a3a143762a35a3c3c",
        "5f28402103d5315b59cf0f022e43f679658b1e4d1e960072ae945a66c87d5669",
        "6bd3485742a465105a9adb73f09f1d700f9601abf114d49ba37d02cbbe0337f7",
        "7696ac77a3bd8ac70e8e0181b3ae969502426a44200925dffb65ef88312e954a",
        "7e0a0ee4f78d2f565c4f7771653ecc5a27828dd9fb704139d1e068f2a5fdce64",
        "80a8ae28dc2c532a9ee8fb3293fbfa310d5e9b9042b7d8d3d1dc9612eb7fb941",
        "83009b1d124d4635a57866eeffba5e1a1a33e499bd60b30c6346b94ff1a04f8e",
        "89817e7a449f1cc7b574fb1b89c9541f765e52825c5cb62bf0a2bb833e8f970a",
        "9ade19c60e22d8aa127040cefd633119f8b05e04baf0f814d2d008d0aae8796e",
        "9ba898462d422755c40d8ef6228e8a7faa6e74dd9b4b0499f82694e8ae4515da",
        "af25d1d4c93f79886769d53d071805bd5b6726130b153e4484121321d1122e3a",
        "b19df183e2e9eb0dd6b0a3bccc95944aebf625d45faf01908eaddae994c97e67",
        "b2f6aef3aded759512be2f639056c7dacb37707ae596bf8c078035ccd5cd96d5",
        "b63bdc2ca9694ca8e682cf6d1b38b65c8154eed366c405ab76391683e0b3c35b",
        "c0a6431919578166078d9823cb9994e5819ab7d56a9bad39a0dcb45d056d892c",
        "d6dfcd4e355294899be8838eb8ec71439d8911ea19f8aa92401d1a52becf76c0",
        "d936154cb902968e2e5e0404e3dffaa3b61b47480b69f600b766b96351b66148",
        "de6643ced4014989a08d0517a4c72ea1ccb91d6f95be3303c35997dd8c3df9c1",
        "e33bd6538eb80f04087e13b1896ff995a5523453a10e8f4aec460ef9fdd87376",
        "e6b89317c05c3543ab2cd0005c53716c62dcf45e75965992f7b593873772d0e4",
        "eaa73d3eac5e2a533cb50baf9955efb5a9c848bddbecdd05b6b59d30a1aa508b",
        "ed83d4054c6d0fa7f02d620e5253572e58205ac5d7839b870b10748486883188"
      ],
      "status": "PASS"
    },
    {
      "check": "tranche_c_exact_family_keys",
      "observed": [
        "08555e0036d8fa72ac6454261ba70bfa4ad09988a59f17c92c3401fd0d1d907d",
        "0c335e4ef6d612535b516a59ac96442d3cbf17affbbd517d57c6d74388f8fd2d",
        "3d978cc2b2ed5a65ad9841e04307657d41e0a23034f54b821fa59ce974e43e00",
        "5f28402103d5315b59cf0f022e43f679658b1e4d1e960072ae945a66c87d5669",
        "6bd3485742a465105a9adb73f09f1d700f9601abf114d49ba37d02cbbe0337f7",
        "89817e7a449f1cc7b574fb1b89c9541f765e52825c5cb62bf0a2bb833e8f970a",
        "9ba898462d422755c40d8ef6228e8a7faa6e74dd9b4b0499f82694e8ae4515da",
        "b2f6aef3aded759512be2f639056c7dacb37707ae596bf8c078035ccd5cd96d5",
        "d936154cb902968e2e5e0404e3dffaa3b61b47480b69f600b766b96351b66148",
        "ed83d4054c6d0fa7f02d620e5253572e58205ac5d7839b870b10748486883188"
      ],
      "status": "PASS"
    },
    {
      "check": "family_join_08555e00",
      "observed": [
        "R16B-TRIGGER-OCC:409236449c87a416ec5fab0c633bc84cf7d9e9e7953c1ea815af1fef9c8e3f42"
      ],
      "status": "PASS"
    },
    {
      "check": "family_arity_08555e00",
      "observed": 4,
      "status": "PASS"
    },
    {
      "check": "family_occurrence_count_08555e00",
      "observed": 1,
      "status": "PASS"
    },
    {
      "check": "family_disposition_08555e00",
      "observed": "PAIRWISE_SUPPORT_WITHOUT_GROUP_COHERENCE",
      "status": "PASS"
    },
    {
      "check": "family_join_0c335e4e",
      "observed": [
        "R16B-TRIGGER-OCC:962b74f290c61658aed1afbf35b154e36f453ec7872dff13b6c2eb3c0a9da36b"
      ],
      "status": "PASS"
    },
    {
      "check": "family_arity_0c335e4e",
      "observed": 4,
      "status": "PASS"
    },
    {
      "check": "family_occurrence_count_0c335e4e",
      "observed": 1,
      "status": "PASS"
    },
    {
      "check": "family_disposition_0c335e4e",
      "observed": "BOUNDED_SENSE_OR_SCOPE_CONFLICT",
      "status": "PASS"
    },
    {
      "check": "family_join_89817e7a",
      "observed": [
        "R16B-TRIGGER-OCC:01bde87d61f3a372bf1aa3ac8c5ed01b4ccbfa4021ef03ddf336c8deff4ee43d",
        "R16B-TRIGGER-OCC:032c9e51f000f49802decd4dab3fe9e6ab37015cbdd21d8685250c54c5314b13",
        "R16B-TRIGGER-OCC:0a06a3c2056a6614a33b7778a79dfbc4f939af1d04c7633e37e203c1e8f967fa",
        "R16B-TRIGGER-OCC:1826f68aa42a92bc6dca9d860b71f6023175d5f4f0c28713fd354e2069c54ff8",
        "R16B-TRIGGER-OCC:2425f4be2faac27d2e4781ff9d9e0e377205735f0d3ac0d8d1007057c8982c3a",
        "R16B-TRIGGER-OCC:246b2d51a66e6b509f2240966e16bb96057d7b8eb40d97d39461b22cc8c61251",
        "R16B-TRIGGER-OCC:2ce2399b4948ecd97f37ee4e1726b41b60f885e1bf190d2d8f0120d9460a46a9",
        "R16B-TRIGGER-OCC:2f30c0c9c59404c0e63526ef824929f5d2584c62f4588ffe199055a51da5b099",
        "R16B-TRIGGER-OCC:34a3a57a448dbf9cf3adf1018c7812139f5a2fd0e5cc4157e7ef058d88d4324e",
        "R16B-TRIGGER-OCC:3b3df5abb473472f96bdf2f5864f318eac96213b2dda7f4a3192aee639c66d26",
        "R16B-TRIGGER-OCC:3fdcca663191ef12d5b7806888eeb26e0a95eecc7d73e98f5cc7ab2b4f5b403f",
        "R16B-TRIGGER-OCC:463b8c81a96010d9e0dbad5d001d8784c3f0dde91ca2be1d644804c65970869a",
        "R16B-TRIGGER-OCC:46f134c8d09b178d1550ae7fff01581b03f2a902eb245432fe7e7b09fc66b0ab",
        "R16B-TRIGGER-OCC:47e7d90435105f248eb86d56bc27d2a1a121914976cf1d447171abc5befc262b",
        "R16B-TRIGGER-OCC:4b3633a82fb5e23ad1706e555c6092c915533da4040ca62b6195a45facbb2f24",
        "R16B-TRIGGER-OCC:4c092749b453ee6576120fda2fc88ba3f3711430059d0df4f9b673b8253ad68b",
        "R16B-TRIGGER-OCC:529b01ade349fc5ec1e7352f7d90dac74d15382bb52cf6ffd68ed264ba939864",
        "R16B-TRIGGER-OCC:562ba9002cc843378e5acf57cd2f8d892b9efe9e0331d905370dbb9dd448a421",
        "R16B-TRIGGER-OCC:5d4db12993718682a36d32c492e3561b0320913ee2689008acaa2b9026387f0c",
        "R16B-TRIGGER-OCC:6e94764052209c640fefd08b47df3440599535ff7046228f61bc6a7e2a5ebdf7",
        "R16B-TRIGGER-OCC:704c0c889f83a43f3a8b1a73f98d5b624b9afcc5676938f58519a06cd7f26d34",
        "R16B-TRIGGER-OCC:704ee7e707d4dd67b7b9fff13ed8d8b03c30483b8f5e9a2171930ff90852c13a",
        "R16B-TRIGGER-OCC:71a9486c5f28a487812fc2c8744a6fc94d06606b864378dee2ceffe313708fdb",
        "R16B-TRIGGER-OCC:756576c1436cbd1430355909b0e718756454cfaabf9ed06750ba4a48115d060a",
        "R16B-TRIGGER-OCC:8537da1ab1ccf449516b1f3de1296868c171d9e1b872eea3b4353550c59faa0b",
        "R16B-TRIGGER-OCC:8587f30de7a623f9e6485777758faab880124a187251e351ae924b2fd3ace114",
        "R16B-TRIGGER-OCC:901e02775f1927e6c3447c1a292ce29fad6addc0cc8a0aed55a4cb9c2ba78662",
        "R16B-TRIGGER-OCC:903b604e73a3977efb4751634361b3d7ed28587c2c86392b97abb6b98c406dc1",
        "R16B-TRIGGER-OCC:96b2892dc4da76ec991acee1a8d95a03bb0156242330197190e1c142f671ed91",
        "R16B-TRIGGER-OCC:9da9533aefee2b79b53218480fa69dea03168ec0f57208784ec07a488ac17b3a",
        "R16B-TRIGGER-OCC:a3c1c52773986e6cb4b1daed5cd83a0f978ecf2bc5c518f6cc3af5fe355928fe",
        "R16B-TRIGGER-OCC:aa7ed8700db3ecfcbcb89d105bfb0528d16a011e469d9a22eb98d98c612d72d4",
        "R16B-TRIGGER-OCC:b0f432481cb6b776e9e09f9af09c0c34b0087952771f54488a55183ca9ffc6c9",
        "R16B-TRIGGER-OCC:b1d252ae01fa65a4f2c04437e770fe4f3de8cd8156f7477d39a1ac666a03c7c3",
        "R16B-TRIGGER-OCC:cfe3f05f4ca5550c8a1ff51ef5cc3914fb44577de09ae1b298f28fcd75897b9c",
        "R16B-TRIGGER-OCC:d4da77ad36989006372cf1c339da3a933045c043f994ede284ad3a57986dcb77",
        "R16B-TRIGGER-OCC:d70b958ebb88cbae6a0feadc21e91a3ea46f195e386fda7c350857ad3c3bfa1e",
        "R16B-TRIGGER-OCC:da2bcfe907343507c993595146367fb73e3e9069da81802e6adbc24079ddb8ef",
        "R16B-TRIGGER-OCC:dd78eb8c32132fe7b6ffaf695e1ed20bcc6eb68de60ded1d8c86a03a8f89937e",
        "R16B-TRIGGER-OCC:e2ae18f559c630994377d2f392f996562172f3a7cd580a69a9589155d306e116",
        "R16B-TRIGGER-OCC:e2b2323a75ebf0477c51b60eb4dc69324d13efa8d9d2a4ab8fba96c611556d2a",
        "R16B-TRIGGER-OCC:e66a4cb068f15fc05498e960e6f8e04f715913259c566021c6489c8f4bc30dec",
        "R16B-TRIGGER-OCC:e71deb02d2c7d8d2630dc628395740935778186becf515f48e138647d34bae40",
        "R16B-TRIGGER-OCC:ec5243197131a6703d448475d40e3ad9d14bac2a45a2aa6d93656d49855e8057",
        "R16B-TRIGGER-OCC:ee0efb4e632ad08b52a170ebfd755f90e668dd82ab611de3838f10f7216a8703",
        "R16B-TRIGGER-OCC:f1251e1667abc539e752de573a9972d5418459b288f7b94fe1b06aaabf0221ad",
        "R16B-TRIGGER-OCC:f336f2c37c92fc84fe6c5fae9a1afd2e6d801f2edb1fe5c6d01741279f9ac033",
        "R16B-TRIGGER-OCC:f67ba2e0f02f33e87febfc00b9ca3fa47a8d0b33de18f60c8f72e6c109ba0722",
        "R16B-TRIGGER-OCC:fed4ef9c8cd5c0462bb3b28ea9cea69e0728a0b664322a1ce8e8ed28209d706f"
      ],
      "status": "PASS"
    },
    {
      "check": "family_arity_89817e7a",
      "observed": 4,
      "status": "PASS"
    },
    {
      "check": "family_occurrence_count_89817e7a",
      "observed": 49,
      "status": "PASS"
    },
    {
      "check": "family_disposition_89817e7a",
      "observed": "INQUIRY_ONLY_OR_UNRESOLVED",
      "status": "PASS"
    },
    {
      "check": "family_join_9ba89846",
      "observed": [
        "R16B-TRIGGER-OCC:126e2931395b21c25b6141ad70cddb5fe56d2dc031ab2c4fe42902ffd239749d",
        "R16B-TRIGGER-OCC:44c51d6b1a795bd8bd0f86c23b67bc8d28f2138f38ca5fc3f9d0f081da6dd887",
        "R16B-TRIGGER-OCC:7d3f95aedb7a15e34dc59499adabe55dd3069cc9fc2f55c9c5457a5056f5bb40"
      ],
      "status": "PASS"
    },
    {
      "check": "family_arity_9ba89846",
      "observed": 4,
      "status": "PASS"
    },
    {
      "check": "family_occurrence_count_9ba89846",
      "observed": 3,
      "status": "PASS"
    },
    {
      "check": "family_disposition_9ba89846",
      "observed": "PAIRWISE_SUPPORT_WITHOUT_GROUP_COHERENCE",
      "status": "PASS"
    },
    {
      "check": "family_join_d936154c",
      "observed": [
        "R16B-TRIGGER-OCC:98f857b3241fd9c59078ac9e724da7bc86c2d76fbf2c4698fbed0f71f098a6e7"
      ],
      "status": "PASS"
    },
    {
      "check": "family_arity_d936154c",
      "observed": 5,
      "status": "PASS"
    },
    {
      "check": "family_occurrence_count_d936154c",
      "observed": 1,
      "status": "PASS"
    },
    {
      "check": "family_disposition_d936154c",
      "observed": "INQUIRY_ONLY_OR_UNRESOLVED",
      "status": "PASS"
    },
    {
      "check": "family_join_5f284021",
      "observed": [
        "R16B-TRIGGER-OCC:d36676aec41bda897e96d7dcd4a57df62c5fe6ffb505e83d8b7a191964c143f2"
      ],
      "status": "PASS"
    },
    {
      "check": "family_arity_5f284021",
      "observed": 6,
      "status": "PASS"
    },
    {
      "check": "family_occurrence_count_5f284021",
      "observed": 1,
      "status": "PASS"
    },
    {
      "check": "family_disposition_5f284021",
      "observed": "BOUNDED_SENSE_OR_SCOPE_CONFLICT",
      "status": "PASS"
    },
    {
      "check": "family_join_6bd34857",
      "observed": [
        "R16B-TRIGGER-OCC:feabb940c6254e3d5c7c3a7e7819f206c3982b7c7a37dff2b77556974f568aac"
      ],
      "status": "PASS"
    },
    {
      "check": "family_arity_6bd34857",
      "observed": 6,
      "status": "PASS"
    },
    {
      "check": "family_occurrence_count_6bd34857",
      "observed": 1,
      "status": "PASS"
    },
    {
      "check": "family_disposition_6bd34857",
      "observed": "PAIRWISE_SUPPORT_WITHOUT_GROUP_COHERENCE",
      "status": "PASS"
    },
    {
      "check": "family_join_b2f6aef3",
      "observed": [
        "R16B-TRIGGER-OCC:6d3ed44071968e56ac9061bc547b9fb45166dd0be1c754cf1203544149316b2b"
      ],
      "status": "PASS"
    },
    {
      "check": "family_arity_b2f6aef3",
      "observed": 6,
      "status": "PASS"
    },
    {
      "check": "family_occurrence_count_b2f6aef3",
      "observed": 1,
      "status": "PASS"
    },
    {
      "check": "family_disposition_b2f6aef3",
      "observed": "HARD_NEGATIVE",
      "status": "PASS"
    },
    {
      "check": "family_join_ed83d405",
      "observed": [
        "R16B-TRIGGER-OCC:1e97c0aeb96380ca3f2a7ae43372ba361d2bbd3dff6ee1bb293c9631e1e4d066"
      ],
      "status": "PASS"
    },
    {
      "check": "family_arity_ed83d405",
      "observed": 6,
      "status": "PASS"
    },
    {
      "check": "family_occurrence_count_ed83d405",
      "observed": 1,
      "status": "PASS"
    },
    {
      "check": "family_disposition_ed83d405",
      "observed": "HARD_NEGATIVE",
      "status": "PASS"
    },
    {
      "check": "family_join_3d978cc2",
      "observed": [
        "R16B-TRIGGER-OCC:a6472a30f570d36980dc7d8f6ddedb7a4161c7a11ecc7a48786ad1bb5e4ecb43"
      ],
      "status": "PASS"
    },
    {
      "check": "family_arity_3d978cc2",
      "observed": 8,
      "status": "PASS"
    },
    {
      "check": "family_occurrence_count_3d978cc2",
      "observed": 1,
      "status": "PASS"
    },
    {
      "check": "family_disposition_3d978cc2",
      "observed": "BOUNDED_SENSE_OR_SCOPE_CONFLICT",
      "status": "PASS"
    },
    {
      "check": "tranche_c_occurrence_join_equality",
      "observed": [
        "R16B-TRIGGER-OCC:01bde87d61f3a372bf1aa3ac8c5ed01b4ccbfa4021ef03ddf336c8deff4ee43d",
        "R16B-TRIGGER-OCC:032c9e51f000f49802decd4dab3fe9e6ab37015cbdd21d8685250c54c5314b13",
        "R16B-TRIGGER-OCC:0a06a3c2056a6614a33b7778a79dfbc4f939af1d04c7633e37e203c1e8f967fa",
        "R16B-TRIGGER-OCC:126e2931395b21c25b6141ad70cddb5fe56d2dc031ab2c4fe42902ffd239749d",
        "R16B-TRIGGER-OCC:1826f68aa42a92bc6dca9d860b71f6023175d5f4f0c28713fd354e2069c54ff8",
        "R16B-TRIGGER-OCC:1e97c0aeb96380ca3f2a7ae43372ba361d2bbd3dff6ee1bb293c9631e1e4d066",
        "R16B-TRIGGER-OCC:2425f4be2faac27d2e4781ff9d9e0e377205735f0d3ac0d8d1007057c8982c3a",
        "R16B-TRIGGER-OCC:246b2d51a66e6b509f2240966e16bb96057d7b8eb40d97d39461b22cc8c61251",
        "R16B-TRIGGER-OCC:2ce2399b4948ecd97f37ee4e1726b41b60f885e1bf190d2d8f0120d9460a46a9",
        "R16B-TRIGGER-OCC:2f30c0c9c59404c0e63526ef824929f5d2584c62f4588ffe199055a51da5b099",
        "R16B-TRIGGER-OCC:34a3a57a448dbf9cf3adf1018c7812139f5a2fd0e5cc4157e7ef058d88d4324e",
        "R16B-TRIGGER-OCC:3b3df5abb473472f96bdf2f5864f318eac96213b2dda7f4a3192aee639c66d26",
        "R16B-TRIGGER-OCC:3fdcca663191ef12d5b7806888eeb26e0a95eecc7d73e98f5cc7ab2b4f5b403f",
        "R16B-TRIGGER-OCC:409236449c87a416ec5fab0c633bc84cf7d9e9e7953c1ea815af1fef9c8e3f42",
        "R16B-TRIGGER-OCC:44c51d6b1a795bd8bd0f86c23b67bc8d28f2138f38ca5fc3f9d0f081da6dd887",
        "R16B-TRIGGER-OCC:463b8c81a96010d9e0dbad5d001d8784c3f0dde91ca2be1d644804c65970869a",
        "R16B-TRIGGER-OCC:46f134c8d09b178d1550ae7fff01581b03f2a902eb245432fe7e7b09fc66b0ab",
        "R16B-TRIGGER-OCC:47e7d90435105f248eb86d56bc27d2a1a121914976cf1d447171abc5befc262b",
        "R16B-TRIGGER-OCC:4b3633a82fb5e23ad1706e555c6092c915533da4040ca62b6195a45facbb2f24",
        "R16B-TRIGGER-OCC:4c092749b453ee6576120fda2fc88ba3f3711430059d0df4f9b673b8253ad68b",
        "R16B-TRIGGER-OCC:529b01ade349fc5ec1e7352f7d90dac74d15382bb52cf6ffd68ed264ba939864",
        "R16B-TRIGGER-OCC:562ba9002cc843378e5acf57cd2f8d892b9efe9e0331d905370dbb9dd448a421",
        "R16B-TRIGGER-OCC:5d4db12993718682a36d32c492e3561b0320913ee2689008acaa2b9026387f0c",
        "R16B-TRIGGER-OCC:6d3ed44071968e56ac9061bc547b9fb45166dd0be1c754cf1203544149316b2b",
        "R16B-TRIGGER-OCC:6e94764052209c640fefd08b47df3440599535ff7046228f61bc6a7e2a5ebdf7",
        "R16B-TRIGGER-OCC:704c0c889f83a43f3a8b1a73f98d5b624b9afcc5676938f58519a06cd7f26d34",
        "R16B-TRIGGER-OCC:704ee7e707d4dd67b7b9fff13ed8d8b03c30483b8f5e9a2171930ff90852c13a",
        "R16B-TRIGGER-OCC:71a9486c5f28a487812fc2c8744a6fc94d06606b864378dee2ceffe313708fdb",
        "R16B-TRIGGER-OCC:756576c1436cbd1430355909b0e718756454cfaabf9ed06750ba4a48115d060a",
        "R16B-TRIGGER-OCC:7d3f95aedb7a15e34dc59499adabe55dd3069cc9fc2f55c9c5457a5056f5bb40",
        "R16B-TRIGGER-OCC:8537da1ab1ccf449516b1f3de1296868c171d9e1b872eea3b4353550c59faa0b",
        "R16B-TRIGGER-OCC:8587f30de7a623f9e6485777758faab880124a187251e351ae924b2fd3ace114",
        "R16B-TRIGGER-OCC:901e02775f1927e6c3447c1a292ce29fad6addc0cc8a0aed55a4cb9c2ba78662",
        "R16B-TRIGGER-OCC:903b604e73a3977efb4751634361b3d7ed28587c2c86392b97abb6b98c406dc1",
        "R16B-TRIGGER-OCC:962b74f290c61658aed1afbf35b154e36f453ec7872dff13b6c2eb3c0a9da36b",
        "R16B-TRIGGER-OCC:96b2892dc4da76ec991acee1a8d95a03bb0156242330197190e1c142f671ed91",
        "R16B-TRIGGER-OCC:98f857b3241fd9c59078ac9e724da7bc86c2d76fbf2c4698fbed0f71f098a6e7",
        "R16B-TRIGGER-OCC:9da9533aefee2b79b53218480fa69dea03168ec0f57208784ec07a488ac17b3a",
        "R16B-TRIGGER-OCC:a3c1c52773986e6cb4b1daed5cd83a0f978ecf2bc5c518f6cc3af5fe355928fe",
        "R16B-TRIGGER-OCC:a6472a30f570d36980dc7d8f6ddedb7a4161c7a11ecc7a48786ad1bb5e4ecb43",
        "R16B-TRIGGER-OCC:aa7ed8700db3ecfcbcb89d105bfb0528d16a011e469d9a22eb98d98c612d72d4",
        "R16B-TRIGGER-OCC:b0f432481cb6b776e9e09f9af09c0c34b0087952771f54488a55183ca9ffc6c9",
        "R16B-TRIGGER-OCC:b1d252ae01fa65a4f2c04437e770fe4f3de8cd8156f7477d39a1ac666a03c7c3",
        "R16B-TRIGGER-OCC:cfe3f05f4ca5550c8a1ff51ef5cc3914fb44577de09ae1b298f28fcd75897b9c",
        "R16B-TRIGGER-OCC:d36676aec41bda897e96d7dcd4a57df62c5fe6ffb505e83d8b7a191964c143f2",
        "R16B-TRIGGER-OCC:d4da77ad36989006372cf1c339da3a933045c043f994ede284ad3a57986dcb77",
        "R16B-TRIGGER-OCC:d70b958ebb88cbae6a0feadc21e91a3ea46f195e386fda7c350857ad3c3bfa1e",
        "R16B-TRIGGER-OCC:da2bcfe907343507c993595146367fb73e3e9069da81802e6adbc24079ddb8ef",
        "R16B-TRIGGER-OCC:dd78eb8c32132fe7b6ffaf695e1ed20bcc6eb68de60ded1d8c86a03a8f89937e",
        "R16B-TRIGGER-OCC:e2ae18f559c630994377d2f392f996562172f3a7cd580a69a9589155d306e116",
        "R16B-TRIGGER-OCC:e2b2323a75ebf0477c51b60eb4dc69324d13efa8d9d2a4ab8fba96c611556d2a",
        "R16B-TRIGGER-OCC:e66a4cb068f15fc05498e960e6f8e04f715913259c566021c6489c8f4bc30dec",
        "R16B-TRIGGER-OCC:e71deb02d2c7d8d2630dc628395740935778186becf515f48e138647d34bae40",
        "R16B-TRIGGER-OCC:ec5243197131a6703d448475d40e3ad9d14bac2a45a2aa6d93656d49855e8057",
        "R16B-TRIGGER-OCC:ee0efb4e632ad08b52a170ebfd755f90e668dd82ab611de3838f10f7216a8703",
        "R16B-TRIGGER-OCC:f1251e1667abc539e752de573a9972d5418459b288f7b94fe1b06aaabf0221ad",
        "R16B-TRIGGER-OCC:f336f2c37c92fc84fe6c5fae9a1afd2e6d801f2edb1fe5c6d01741279f9ac033",
        "R16B-TRIGGER-OCC:f67ba2e0f02f33e87febfc00b9ca3fa47a8d0b33de18f60c8f72e6c109ba0722",
        "R16B-TRIGGER-OCC:feabb940c6254e3d5c7c3a7e7819f206c3982b7c7a37dff2b77556974f568aac",
        "R16B-TRIGGER-OCC:fed4ef9c8cd5c0462bb3b28ea9cea69e0728a0b664322a1ce8e8ed28209d706f"
      ],
      "status": "PASS"
    },
    {
      "check": "tranche_c_parent_distribution",
      "observed": {
        "BOUNDED_SENSE_OR_SCOPE_CONFLICT": 3,
        "HARD_NEGATIVE": 2,
        "INQUIRY_ONLY_OR_UNRESOLVED": 2,
        "PAIRWISE_SUPPORT_WITHOUT_GROUP_COHERENCE": 3
      },
      "status": "PASS"
    },
    {
      "check": "cumulative_parent_distribution",
      "observed": {
        "BOUNDED_SENSE_OR_SCOPE_CONFLICT": 14,
        "COOCCURRENCE_ONLY": 2,
        "HARD_NEGATIVE": 3,
        "INQUIRY_ONLY_OR_UNRESOLVED": 5,
        "INSUFFICIENT_EVIDENCE": 2,
        "PAIRWISE_SUPPORT_WITHOUT_GROUP_COHERENCE": 8,
        "TOPOLOGY_OR_ROLE_CONFLICT": 1
      },
      "status": "PASS"
    },
    {
      "check": "occurrence_source_join_c8deff4ee43d",
      "observed": "fcda6d1152dc48dba61bedbdcc499f5acba48a90911932c444ed2541012ad53a",
      "status": "PASS"
    },
    {
      "check": "occurrence_source_join_0c54c5314b13",
      "observed": "885991dbeaa787af919c337690a80a0b58c646e7a21e4fac290f11e776492b81",
      "status": "PASS"
    },
    {
      "check": "occurrence_source_join_03c1e8f967fa",
      "observed": "1b9d926e31ccb1933c4f23c50a773b0947d4846a790777e86ada3e027ef89fbf",
      "status": "PASS"
    },
    {
      "check": "occurrence_source_join_02ffd239749d",
      "observed": "a103ab9f793ebd00578b8b9aea9ddedce83fe49696b3338ecf2acc1290e3e910",
      "status": "PASS"
    },
    {
      "check": "occurrence_source_join_4e2069c54ff8",
      "observed": "b097073429ff7f34d5f760147ba7d12da33d7ad7314ab0fb4a536221a12361ab",
      "status": "PASS"
    },
    {
      "check": "occurrence_source_join_9631e1e4d066",
      "observed": "b0a2485421799ba1dce21f5d43a3130fbb54348898fc0fde554f0c15e5c7f24c",
      "status": "PASS"
    },
    {
      "check": "occurrence_source_join_7057c8982c3a",
      "observed": "bffb78616f30cabc41f104a69a3aaa0845fbf10b2eed3dafef7f5cebd3be8ecc",
      "status": "PASS"
    },
    {
      "check": "occurrence_source_join_b22cc8c61251",
      "observed": "36d3876211fffbe93a251cbdcf0f3e63dd4ee246781482e8986d06d5b5330927",
      "status": "PASS"
    },
    {
      "check": "occurrence_source_join_20d9460a46a9",
      "observed": "b2faac919a5dd4ce614b769cf1bf240374d3f4be4601643f4ee652e7f29c64d4",
      "status": "PASS"
    },
    {
      "check": "occurrence_source_join_55a51da5b099",
      "observed": "2995e1d2d7d87aa70f06be56e2500e2eef26c7323e3235e4310fa1876f8300e8",
      "status": "PASS"
    },
    {
      "check": "occurrence_source_join_058d88d4324e",
      "observed": "1d238af524075ba70fc21a7346f7cca571b14c5b639df4954999288d5b2aa96f",
      "status": "PASS"
    },
    {
      "check": "occurrence_source_join_aee639c66d26",
      "observed": "264b5842b0b56c1d4c145a071e8592f6268e0c1aedc7b41b8384d549a5c0d0ca",
      "status": "PASS"
    },
    {
      "check": "occurrence_source_join_ab2b4f5b403f",
      "observed": "3e99e3e6b02bffee10a92db59b9d663d370407b06277110ee7566e0b4b137f9b",
      "status": "PASS"
    },
    {
      "check": "occurrence_source_join_1fef9c8e3f42",
      "observed": "9d459b1324230fa75ad57b27d93f4bdbf684c940ff98d941a4dfa29458bd9335",
      "status": "PASS"
    },
    {
      "check": "occurrence_source_join_f081da6dd887",
      "observed": "7df7aa5cb7af2c5645e4e405531d5b0a5b84643eca27cb7803ad5007d8963e65",
      "status": "PASS"
    },
    {
      "check": "occurrence_source_join_04c65970869a",
      "observed": "2464584f3fa6bd74e0b5aff0be2b7d156a22cfbff656adb5f31367bcbb181a2f",
      "status": "PASS"
    },
    {
      "check": "occurrence_source_join_7b09fc66b0ab",
      "observed": "a257483d4575c48545ad09c86b80d9bf16d812638d60523cc8e0b36ce7eb6c3d",
      "status": "PASS"
    },
    {
      "check": "occurrence_source_join_abc5befc262b",
      "observed": "eb9b46e07b614c7c2f6a2252ae28e123aabf05b729458968c008caf4fcd02048",
      "status": "PASS"
    },
    {
      "check": "occurrence_source_join_a45facbb2f24",
      "observed": "c3a03497c8617beb6468b8bf1839d5c5439a1a20e8673ee2c2ccffa8ed840f99",
      "status": "PASS"
    },
    {
      "check": "occurrence_source_join_73b8253ad68b",
      "observed": "fba49991e0f5aec38f92817e65a6962d554f81d7be3d4bc5cfa2f63d6eb5f38e",
      "status": "PASS"
    },
    {
      "check": "occurrence_source_join_d264ba939864",
      "observed": "809fc2bb5b398bd321e89128113b7dbdd14783c3fd1555e92e73a5453eee8e45",
      "status": "PASS"
    },
    {
      "check": "occurrence_source_join_bb9dd448a421",
      "observed": "c280909fee6f1539ddf9f2bbc5fb8d7d2f4ffb39e0e8fdb7e093e8d74f5187b9",
      "status": "PASS"
    },
    {
      "check": "occurrence_source_join_2b9026387f0c",
      "observed": "f7aad1444a729b571f1bedbb1d7980e5f4ee9e4318509e4d98cd8d4d18a07706",
      "status": "PASS"
    },
    {
      "check": "occurrence_source_join_544149316b2b",
      "observed": "0475c48ab08d3b0bb08838039b8b3d270909a8a91aca6690e0ee88104d4487c5",
      "status": "PASS"
    },
    {
      "check": "occurrence_source_join_6a7e2a5ebdf7",
      "observed": "1dbbb904605abefe9a19227bffebfa561a399f16eb074276554c4127bdc0bbd3",
      "status": "PASS"
    },
    {
      "check": "occurrence_source_join_a06cd7f26d34",
      "observed": "ff9df11451e79dd860cce614ed38db7603a3df2976e7e962437effb8e22dd0dd",
      "status": "PASS"
    },
    {
      "check": "occurrence_source_join_0ff90852c13a",
      "observed": "cb6be4afdcba4b954f18d758c9e1d217d3c18d6b82094739401079d05570f849",
      "status": "PASS"
    },
    {
      "check": "occurrence_source_join_ffe313708fdb",
      "observed": "96e7214cd69159cb47ae47caf54fe3858f72a67954363a8d7b6cf4a887f8a9eb",
      "status": "PASS"
    },
    {
      "check": "occurrence_source_join_4a48115d060a",
      "observed": "35fdb85bc24240172094aa44c302b406da6cf0aa8f476d27d9dae4b1ccf8ad56",
      "status": "PASS"
    },
    {
      "check": "occurrence_source_join_7a5056f5bb40",
      "observed": "6a799a15a5c2f17fd9f44915f098c644433d12532e631cab13236766f26fbe15",
      "status": "PASS"
    },
    {
      "check": "occurrence_source_join_3550c59faa0b",
      "observed": "4eb72ff778622457b5da23bf69fcecf43235671525bc864aad47ec72415c9085",
      "status": "PASS"
    },
    {
      "check": "occurrence_source_join_4b2fd3ace114",
      "observed": "b61f70630e415210bdbc0c6a23dbd3a67fb2c9dab579ea0b10e76348df5ba4ac",
      "status": "PASS"
    },
    {
      "check": "occurrence_source_join_cb9c2ba78662",
      "observed": "fbee1c227ff0ebeb695a57532c892c32ebe3674daccb0eb6586b97d0bbe48d35",
      "status": "PASS"
    },
    {
      "check": "occurrence_source_join_b6b98c406dc1",
      "observed": "6d9c8ebe67c5eb3e871ca9bd80249ab7b08c03fbd85ba9340b3dc93fdebab122",
      "status": "PASS"
    },
    {
      "check": "occurrence_source_join_eb3c0a9da36b",
      "observed": "9dc9df62e85b6a2ef4a1e3a34df6f85a3154971e455a37a03510a583ec7f816a",
      "status": "PASS"
    },
    {
      "check": "occurrence_source_join_c142f671ed91",
      "observed": "3b5695c79ff125cd2706caba0c88bf0de003cfc255b5ad64a514d1fcd96bdf07",
      "status": "PASS"
    },
    {
      "check": "occurrence_source_join_0f71f098a6e7",
      "observed": "79ddf905e151d3b0ae85f6926128c89a8993508c1bb582916156322e2e9403af",
      "status": "PASS"
    },
    {
      "check": "occurrence_source_join_7a488ac17b3a",
      "observed": "1c2e1de815c7d13447655920379c5dfcc1231ed58fa5e4b7d720bae82d30e75f",
      "status": "PASS"
    },
    {
      "check": "occurrence_source_join_f5fe355928fe",
      "observed": "a16618d41da913acd45f1665fcfb62d0acb8675e216c19d736d25aa8a58826be",
      "status": "PASS"
    },
    {
      "check": "occurrence_source_join_d1bb5e4ecb43",
      "observed": "e917f4ae50861c18afbfab9ea8b90de43bd081e4528371a7139124465e739e86",
      "status": "PASS"
    },
    {
      "check": "occurrence_source_join_d98c612d72d4",
      "observed": "6ab44488496f7c4a43f9ad87cd7612c5baac69baeb77fc3d4940e062ac1a9a25",
      "status": "PASS"
    },
    {
      "check": "occurrence_source_join_183ca9ffc6c9",
      "observed": "5a853630941b1d9effebd45c0f5854092f52fbed621d5c4df879474470aaa61e",
      "status": "PASS"
    },
    {
      "check": "occurrence_source_join_ac666a03c7c3",
      "observed": "18a433386ccbfe0b880b94efab547223fda8e8672dd1d8a9a6a1e8457f6e48fe",
      "status": "PASS"
    },
    {
      "check": "occurrence_source_join_8fcd75897b9c",
      "observed": "37ed151c3d6a54564eb6058674c2e269dc6298aadd040f3e86959002a28c53d6",
      "status": "PASS"
    },
    {
      "check": "occurrence_source_join_191964c143f2",
      "observed": "976d464122465f4067a78427d1cde94bb6416ac6f6e22cf1a3aeba0ada8ed84e",
      "status": "PASS"
    },
    {
      "check": "occurrence_source_join_3a57986dcb77",
      "observed": "51a135a5497345e8092c5d1416343b5e6c6af9826a213dac4f7e7893b85ca6e0",
      "status": "PASS"
    },
    {
      "check": "occurrence_source_join_57ad3c3bfa1e",
      "observed": "b05ff332015898941ad9d76b93f109c4441e72e108f8c251ddce1485c3c182b4",
      "status": "PASS"
    },
    {
      "check": "occurrence_source_join_c24079ddb8ef",
      "observed": "e7bc2779e257983804fe728839e4f093429dde20e274d0cf335ddcb6f74db346",
      "status": "PASS"
    },
    {
      "check": "occurrence_source_join_a03a8f89937e",
      "observed": "687b484bfc7c5d9a73d0113c47ad621358d99a1ba4cdb8ebe16ad1f1c5b362f5",
      "status": "PASS"
    },
    {
      "check": "occurrence_source_join_9155d306e116",
      "observed": "7d29d64683609090a300d0bed7bffadcc2945b8d19b8e7fe38ef7180e76aca07",
      "status": "PASS"
    },
    {
      "check": "occurrence_source_join_96c611556d2a",
      "observed": "a4a77d13add7e327f5085f7f501190dfbc89890797ba4d0021ac92745c0c975c",
      "status": "PASS"
    },
    {
      "check": "occurrence_source_join_9c8f4bc30dec",
      "observed": "557d668ed9bd8dad2edf4ae5abbb1935bb2019170d3655f4d26e37e43d688e66",
      "status": "PASS"
    },
    {
      "check": "occurrence_source_join_8647d34bae40",
      "observed": "e11109133e2db6eddf61da5668c9ca8978c4f5365e848c7b640c4cd9c165d21e",
      "status": "PASS"
    },
    {
      "check": "occurrence_source_join_6d49855e8057",
      "observed": "902f24761d4dfbdabf6c6f4d9bddf6555c3c7874377cf9a592e3925c318acac2",
      "status": "PASS"
    },
    {
      "check": "occurrence_source_join_10f7216a8703",
      "observed": "5f18054291f63c3f51204b64fae35ed3bccacf7985a63bc07bfe660ed88bb7dd",
      "status": "PASS"
    },
    {
      "check": "occurrence_source_join_6aaabf0221ad",
      "observed": "275f38f2e5e34343a78b9cf942215717d66d305c382718019a848ab6733a973f",
      "status": "PASS"
    },
    {
      "check": "occurrence_source_join_41279f9ac033",
      "observed": "bcbfe1b1db4d18a6b82de6e3849374877041d69cf9ece4f5609b69593d6125ae",
      "status": "PASS"
    },
    {
      "check": "occurrence_source_join_e6c109ba0722",
      "observed": "9ad3c5519d50d089ae7782c6848a584decbe0336c65522d1dfc7e1c79560e8e1",
      "status": "PASS"
    },
    {
      "check": "occurrence_source_join_56974f568aac",
      "observed": "a2c68a31f719b969ede039f01d0ce20de754aedc8000d3c6e637a61207281a26",
      "status": "PASS"
    },
    {
      "check": "occurrence_source_join_ed28209d706f",
      "observed": "eac97b06c583a05ce4258461b6b87a4a570553d0ae2d3828c78941766a015467",
      "status": "PASS"
    },
    {
      "check": "tranche_c_independent_source_class_counts",
      "observed": {
        "R13_EXACT_EVIDENCE_RECORD": 2,
        "R14_SHARED_LOCATOR_PROVENANCE": 2,
        "R14_SYNTHETIC_NARY_CONTROL": 1,
        "R15_RESEARCH_FIXTURE": 10,
        "R16A_CONNECTED_SUBGRAPH": 14,
        "R16A_PRESENTATION_TOPOLOGY": 6,
        "R16A_PRODUCT_COMPOSITION": 24,
        "R16_LEGACY_PRODUCT_COMPOSITION": 1
      },
      "status": "PASS"
    },
    {
      "check": "tranche_c_reported_source_class_counts",
      "observed": {
        "R13_EXACT_EVIDENCE_RECORD": 2,
        "R14_SHARED_LOCATOR_PROVENANCE": 2,
        "R14_SYNTHETIC_NARY_CONTROL": 1,
        "R15_RESEARCH_FIXTURE": 10,
        "R16A_CONNECTED_SUBGRAPH": 14,
        "R16A_PRESENTATION_TOPOLOGY": 6,
        "R16A_PRODUCT_COMPOSITION": 24,
        "R16_LEGACY_PRODUCT_COMPOSITION": 1
      },
      "status": "PASS"
    },
    {
      "check": "sweden_active_pair_count",
      "observed": 5,
      "status": "PASS"
    },
    {
      "check": "sweden_possible_pair_count",
      "observed": 6,
      "status": "PASS"
    },
    {
      "check": "sweden_active_pair_graph_components",
      "observed": 1,
      "status": "PASS"
    },
    {
      "check": "sweden_only_missing_pair",
      "observed": [
        [
          "exhibition",
          "trade"
        ]
      ],
      "status": "PASS"
    },
    {
      "check": "sweden_reported_active_pair_count",
      "observed": 5,
      "status": "PASS"
    },
    {
      "check": "hutton_active_pair_count",
      "observed": 4,
      "status": "PASS"
    },
    {
      "check": "hutton_possible_pair_count",
      "observed": 10,
      "status": "PASS"
    },
    {
      "check": "hutton_active_pair_graph_components",
      "observed": 2,
      "status": "PASS"
    },
    {
      "check": "hutton_reported_pair_and_component_counts",
      "observed": [
        4,
        2
      ],
      "status": "PASS"
    },
    {
      "check": "inherited_pairwise_clique_invalid_keys",
      "observed": [
        "1d76bf657bbdec293265d051268a2a1153be0108b15a8d63ebbf2cb98cf6f06a",
        "23b72032e8165ac9f164a43ac0e1932f2fe4354f1b89f62d67ebe7d497de7af1",
        "7e0a0ee4f78d2f565c4f7771653ecc5a27828dd9fb704139d1e068f2a5fdce64",
        "83009b1d124d4635a57866eeffba5e1a1a33e499bd60b30c6346b94ff1a04f8e",
        "af25d1d4c93f79886769d53d071805bd5b6726130b153e4484121321d1122e3a"
      ],
      "status": "PASS"
    },
    {
      "check": "inherited_pairwise_clique_invalid_count",
      "observed": 5,
      "status": "PASS"
    },
    {
      "check": "independent_hard_negative_count_b2f6aef3",
      "observed": 3,
      "status": "PASS"
    },
    {
      "check": "reported_hard_negative_count_b2f6aef3",
      "observed": 3,
      "status": "PASS"
    },
    {
      "check": "independent_hard_negative_count_ed83d405",
      "observed": 2,
      "status": "PASS"
    },
    {
      "check": "reported_hard_negative_count_ed83d405",
      "observed": 2,
      "status": "PASS"
    },
    {
      "check": "independent_hard_negative_count_3d978cc2",
      "observed": 5,
      "status": "PASS"
    },
    {
      "check": "reported_hard_negative_count_3d978cc2",
      "observed": 5,
      "status": "PASS"
    },
    {
      "check": "scoped_inquiry_identity_count",
      "observed": 2,
      "status": "PASS"
    },
    {
      "check": "scoped_inquiry_identity_parents",
      "observed": [
        "R16B-LOCAL-FAMILY:89817e7a449f1cc7b574fb1b89c9541f765e52825c5cb62bf0a2bb833e8f970a",
        "R16B-LOCAL-FAMILY:d936154cb902968e2e5e0404e3dffaa3b61b47480b69f600b766b96351b66148"
      ],
      "status": "PASS"
    },
    {
      "check": "scoped_identity_id_uniqueness",
      "observed": 2,
      "status": "PASS"
    },
    {
      "check": "scoped_identity_id_format",
      "observed": true,
      "status": "PASS"
    },
    {
      "check": "scoped_identity_inquiry_only",
      "observed": true,
      "status": "PASS"
    },
    {
      "check": "scoped_identity_human_review_open",
      "observed": true,
      "status": "PASS"
    },
    {
      "check": "source_shard_governed_identity_count",
      "observed": 2,
      "status": "PASS"
    },
    {
      "check": "source_shard_canonical_identity_equality",
      "observed": {
        "R16B-LOCAL-FAMILY:89817e7a449f1cc7b574fb1b89c9541f765e52825c5cb62bf0a2bb833e8f970a": {
          "association_id": "R16B-ASSOC:4dcabb459b575457929aa565dc7579f43c0e78167fe466f0d0bd777835c19742",
          "association_revision_id": "R16B-ASSOC-REV:d22c9c9aae73bfcf3609e48a226c054aaad13dea9e477a3388224851beb35689",
          "participant_labels_json": "[\"exhibition\",\"trade\",\"propaganda\",\"design diplomacy\"]",
          "participant_sense_ids_json": "[\"R16B-SENSE:4e14e64610176c44c8a9775fba3a7d484b4eee0fb06ee9553c17675cb7f0b634\",\"R16B-SENSE:f0e28e13851d04c13b701f53d9b3911cb50fc572cc6203c64527804f0b37e909\",\"R16B-SENSE:f26224717160ca63c45ca85fe7c23e1469baa3e10672a68beafb13d195d0915d\",\"R16B-SENSE:fa3369a6eb4bebe96ee289987f963e539b8da9c27ea0f454e8a24b6bddf9306f\"]",
          "scope_key": "SWEDEN_IN_SYDNEY_1954"
        },
        "R16B-LOCAL-FAMILY:d936154cb902968e2e5e0404e3dffaa3b61b47480b69f600b766b96351b66148": {
          "association_id": "R16B-ASSOC:b2d7f71d946768a35ee4de75b912d325fbf778f950c9679ef32696596794933a",
          "association_revision_id": "R16B-ASSOC-REV:f6104d746a20cfb56943be568b578f3efc1add4dcd54647d3b3021f30381c46a",
          "participant_labels_json": "[\"consumption\",\"production site\",\"production\",\"material displacement\",\"supply chain\"]",
          "participant_sense_ids_json": "[\"R16B-SENSE:06c230c771547ee49390903e0bad7aaf44063613309c93bcbd72e808116af4c6\",\"R16B-SENSE:0ebc966b965fc5703be0f4bae727d337f32d83eb7db9066e926a2530dcfa0171\",\"R16B-SENSE:419a96e12217bfa4ed031510c32033cb2408489e3abb14eb28291b13c068e159\",\"R16B-SENSE:61aaade597c45243fcdef0d2514fc52f58a066ae5c9f4ad550727cb75b124f64\",\"R16B-SENSE:697603bbe891d791295d478b3b16d10add9bdab1fd92826d63d8b630f3779cfb\"]",
          "scope_key": "HUTTON_RECIPROCAL_LANDSCAPES_ARTICLE_METHOD_2013"
        }
      },
      "status": "PASS"
    },
    {
      "check": "source_shard_canonical_authority_path",
      "observed": [
        "docs/audits/v49-exploration-higher-order-association-closure-round16b/raw/scoped-higher-order-review-queue-tranche-c-v1.tsv"
      ],
      "status": "PASS"
    },
    {
      "check": "source_shard_canonical_queue_refs",
      "observed": [
        "TCQ-003",
        "TCQ-006"
      ],
      "status": "PASS"
    },
    {
      "check": "source_shard_identity_inquiry_only",
      "observed": true,
      "status": "PASS"
    },
    {
      "check": "source_shard_no_projection_or_product",
      "observed": false,
      "status": "PASS"
    },
    {
      "check": "queue_no_active_association",
      "observed": false,
      "status": "PASS"
    },
    {
      "check": "queue_no_pair_projection",
      "observed": false,
      "status": "PASS"
    },
    {
      "check": "queue_no_subset_projection",
      "observed": false,
      "status": "PASS"
    },
    {
      "check": "queue_no_product_path",
      "observed": false,
      "status": "PASS"
    },
    {
      "check": "family_no_active_association",
      "observed": false,
      "status": "PASS"
    },
    {
      "check": "family_no_pair_projection",
      "observed": false,
      "status": "PASS"
    },
    {
      "check": "family_no_product_eligibility",
      "observed": false,
      "status": "PASS"
    },
    {
      "check": "occurrence_no_activation_or_projection",
      "observed": false,
      "status": "PASS"
    },
    {
      "check": "active_pending_review_count",
      "observed": 0,
      "status": "PASS"
    },
    {
      "check": "queue_record_count",
      "observed": 12,
      "status": "PASS"
    },
    {
      "check": "gap_record_count",
      "observed": 8,
      "status": "PASS"
    },
    {
      "check": "input_manifest_record_count",
      "observed": 24,
      "status": "PASS"
    },
    {
      "check": "input_manifest_unique_paths",
      "observed": 24,
      "status": "PASS"
    },
    {
      "check": "input_pin_1",
      "observed": [
        "true",
        "1685e5bfdab735657ce78499b2597e6a20aecd7402d97f515b162a5d16009cd6",
        "1685e5bfdab735657ce78499b2597e6a20aecd7402d97f515b162a5d16009cd6"
      ],
      "status": "PASS"
    },
    {
      "check": "input_pin_2",
      "observed": [
        "true",
        "cd4c3ca997c0f4cd5919d4e29d89ca45291fae4f70f78a49742aafb9c76baea7",
        "cd4c3ca997c0f4cd5919d4e29d89ca45291fae4f70f78a49742aafb9c76baea7"
      ],
      "status": "PASS"
    },
    {
      "check": "input_pin_3",
      "observed": [
        "true",
        "dfc1751482f3e74de78c2a94fd46f20eb3538d26e8c6bbf94482cac9534e770a",
        "dfc1751482f3e74de78c2a94fd46f20eb3538d26e8c6bbf94482cac9534e770a"
      ],
      "status": "PASS"
    },
    {
      "check": "input_pin_4",
      "observed": [
        "true",
        "b40e28810aa59a0e2ac926e403cf45ba9b032b465ee54a62fd7e32b2f6e4fe31",
        "b40e28810aa59a0e2ac926e403cf45ba9b032b465ee54a62fd7e32b2f6e4fe31"
      ],
      "status": "PASS"
    },
    {
      "check": "input_pin_5",
      "observed": [
        "true",
        "f37ff8aa97d3c9a0d417ee0a9e6ef96971b0c0985bf88bf7bb59af8da8d106e7",
        "f37ff8aa97d3c9a0d417ee0a9e6ef96971b0c0985bf88bf7bb59af8da8d106e7"
      ],
      "status": "PASS"
    },
    {
      "check": "input_pin_6",
      "observed": [
        "true",
        "20248f9d62f672f88ce1aa691e059e6459747deb9674a3b600ac9959465b165d",
        "20248f9d62f672f88ce1aa691e059e6459747deb9674a3b600ac9959465b165d"
      ],
      "status": "PASS"
    },
    {
      "check": "input_pin_7",
      "observed": [
        "true",
        "1dee15d7cc0a9aa25f2a4a0fd7a352d2df5e7eacf88bd71badec5ebd476063bd",
        "1dee15d7cc0a9aa25f2a4a0fd7a352d2df5e7eacf88bd71badec5ebd476063bd"
      ],
      "status": "PASS"
    },
    {
      "check": "input_pin_8",
      "observed": [
        "true",
        "cbb41db463dafcd43da4779e2db271fd2c1df0b4c769d5ea1d59bb8fa52333b8",
        "cbb41db463dafcd43da4779e2db271fd2c1df0b4c769d5ea1d59bb8fa52333b8"
      ],
      "status": "PASS"
    },
    {
      "check": "input_pin_9",
      "observed": [
        "true",
        "fc5f9716838af109f3b1c5e097cbefe6c8dd58f37210e7562b67bd8c80e717a9",
        "fc5f9716838af109f3b1c5e097cbefe6c8dd58f37210e7562b67bd8c80e717a9"
      ],
      "status": "PASS"
    },
    {
      "check": "input_pin_10",
      "observed": [
        "true",
        "5e77187942e0815a0291c24374bbc389cd09a78d9165977f5e73a63fad7fe7f0",
        "5e77187942e0815a0291c24374bbc389cd09a78d9165977f5e73a63fad7fe7f0"
      ],
      "status": "PASS"
    },
    {
      "check": "input_pin_11",
      "observed": [
        "true",
        "b4cad410eee7ad36a411f4dbf68eb6cb840c308790878899e216384f4a4d89e1",
        "b4cad410eee7ad36a411f4dbf68eb6cb840c308790878899e216384f4a4d89e1"
      ],
      "status": "PASS"
    },
    {
      "check": "input_pin_12",
      "observed": [
        "true",
        "8f87bdad1a700202fecdf0f28dfd0016e96a55e49435ba76d5e4c04b958dceaa",
        "8f87bdad1a700202fecdf0f28dfd0016e96a55e49435ba76d5e4c04b958dceaa"
      ],
      "status": "PASS"
    },
    {
      "check": "input_pin_13",
      "observed": [
        "true",
        "1f6547e799963d14c45335569aaa9a5facf9eb1715afe6c462605acdae16a090",
        "1f6547e799963d14c45335569aaa9a5facf9eb1715afe6c462605acdae16a090"
      ],
      "status": "PASS"
    },
    {
      "check": "input_pin_14",
      "observed": [
        "true",
        "143266126e7ec3e06158b56647e91c416ed896fb6ebb067656f88db74d7c952f",
        "143266126e7ec3e06158b56647e91c416ed896fb6ebb067656f88db74d7c952f"
      ],
      "status": "PASS"
    },
    {
      "check": "input_pin_15",
      "observed": [
        "true",
        "2532c815bcca68f9c86fbef6b4dc22d7a69617a6f403deb1a303b377ff94438c",
        "2532c815bcca68f9c86fbef6b4dc22d7a69617a6f403deb1a303b377ff94438c"
      ],
      "status": "PASS"
    },
    {
      "check": "input_pin_16",
      "observed": [
        "true",
        "1f54c0956ca12dfaad472a6644c6102ee13b2e9a46f6c1794e21e1a2d7097dca",
        "1f54c0956ca12dfaad472a6644c6102ee13b2e9a46f6c1794e21e1a2d7097dca"
      ],
      "status": "PASS"
    },
    {
      "check": "input_pin_17",
      "observed": [
        "true",
        "3bfc526c160909838da90db700a72c987e1b9ea80fb605358a400951c64c2d8c",
        "3bfc526c160909838da90db700a72c987e1b9ea80fb605358a400951c64c2d8c"
      ],
      "status": "PASS"
    },
    {
      "check": "input_pin_18",
      "observed": [
        "true",
        "51c3e29909a8aa5226a7d18ebaef896aa52c48be6725d722c869515874c6c24d",
        "51c3e29909a8aa5226a7d18ebaef896aa52c48be6725d722c869515874c6c24d"
      ],
      "status": "PASS"
    },
    {
      "check": "input_pin_19",
      "observed": [
        "true",
        "c3d24a2a6f90d1e0b6ce7f0f483d04a752761cb3699294039c97778ed84dd714",
        "c3d24a2a6f90d1e0b6ce7f0f483d04a752761cb3699294039c97778ed84dd714"
      ],
      "status": "PASS"
    },
    {
      "check": "input_pin_20",
      "observed": [
        "true",
        "53eaf59c95446eeb3781a7153183c54b3ff59fd52f21744cc917053959dfdcc9",
        "53eaf59c95446eeb3781a7153183c54b3ff59fd52f21744cc917053959dfdcc9"
      ],
      "status": "PASS"
    },
    {
      "check": "input_pin_21",
      "observed": [
        "true",
        "32c8fa359e6bd14d3d2e4d62c4a276a1bcfa6daee1c29e9b18bffb427f6e0e56",
        "32c8fa359e6bd14d3d2e4d62c4a276a1bcfa6daee1c29e9b18bffb427f6e0e56"
      ],
      "status": "PASS"
    },
    {
      "check": "input_pin_22",
      "observed": [
        "true",
        "0322c715166f4ed8cb4603a5a1f10db69512ef3f41386cec6450c6d52813badb",
        "0322c715166f4ed8cb4603a5a1f10db69512ef3f41386cec6450c6d52813badb"
      ],
      "status": "PASS"
    },
    {
      "check": "input_pin_23",
      "observed": [
        "true",
        "cad6669c93a52924a17d31d07a16b1e1e5b0ffa06917f3cd467a5f2db003393f",
        "cad6669c93a52924a17d31d07a16b1e1e5b0ffa06917f3cd467a5f2db003393f"
      ],
      "status": "PASS"
    },
    {
      "check": "input_pin_24",
      "observed": [
        "true",
        "93d78c0d2191ff4b1abe7c75b3406e70c2be2ddbd141985edf491667dfb85308",
        "93d78c0d2191ff4b1abe7c75b3406e70c2be2ddbd141985edf491667dfb85308"
      ],
      "status": "PASS"
    },
    {
      "check": "record_hash_row_count",
      "observed": 114,
      "status": "PASS"
    },
    {
      "check": "builder_output_hash_evidence-disposition-census-tranche-c-v1.json",
      "observed": [
        4020,
        "0a983c8be4f98a4124bb9b42d2d365fe1a53bd5a5d1bf934f4ebc4bc66357fd7"
      ],
      "status": "PASS"
    },
    {
      "check": "builder_output_hash_evidence-disposition-input-manifest-tranche-c-v1.tsv",
      "observed": [
        9671,
        "37949a4deb20d17037b0aedbf7910b10197c58eb16749cf783ab470fdd524177"
      ],
      "status": "PASS"
    },
    {
      "check": "builder_output_hash_evidence-occurrence-disposition-tranche-c-v1.tsv",
      "observed": [
        93594,
        "a93b920fcb42bab89ff9d7958434c3f18d38648091c391246f321e8bfe2a8f66"
      ],
      "status": "PASS"
    },
    {
      "check": "builder_output_hash_family-evidence-disposition-tranche-c-v1.tsv",
      "observed": [
        24776,
        "560ac2574c3c0855387bfa423ece6ed99a17193771575c0014f2752a3fd820d5"
      ],
      "status": "PASS"
    },
    {
      "check": "builder_output_hash_recursive-gap-ledger-checkpoint007-tranche-c-v1.tsv",
      "observed": [
        4605,
        "14272d3be247175fab22505dfba9309a122201dcc06e7615fcc4a63c577cbaa8"
      ],
      "status": "PASS"
    },
    {
      "check": "builder_output_hash_scoped-higher-order-review-queue-tranche-c-v1.tsv",
      "observed": [
        24321,
        "d7ff7c13d75ad0ba14c1f84490b021956a23137d6e926f655057f2ea2009e22e"
      ],
      "status": "PASS"
    },
    {
      "check": "builder_output_hash_12_EVIDENCE_DISPOSITION_TRANCHE_C.md",
      "observed": [
        3047,
        "a4f89895cfa257eb28d0e67cc3fd680a745c6ca4a92cef9f16926ddcc2e4b3dd"
      ],
      "status": "PASS"
    },
    {
      "check": "builder_aggregate_output_hash",
      "observed": "70a12c06b1e9213d427a5f9e0d065a23d090441250e0cb14270d16521dc4ce66",
      "status": "PASS"
    },
    {
      "check": "local_parent_disposition_coverage",
      "observed": true,
      "status": "PASS"
    },
    {
      "check": "remaining_local_families",
      "observed": 0,
      "status": "PASS"
    },
    {
      "check": "remaining_local_occurrences",
      "observed": 0,
      "status": "PASS"
    },
    {
      "check": "candidate_universe_closure_false",
      "observed": false,
      "status": "PASS"
    },
    {
      "check": "all_closure_flags_false",
      "observed": true,
      "status": "PASS"
    },
    {
      "check": "build_receipt_closure_flags_true_count",
      "observed": 0,
      "status": "PASS"
    },
    {
      "check": "build_receipt_active_association_count",
      "observed": 0,
      "status": "PASS"
    },
    {
      "check": "build_receipt_projection_and_product_counts",
      "observed": [
        0,
        0,
        0,
        0
      ],
      "status": "PASS"
    }
  ],
  "control_results": {
    "hard_negative_parent_controls": 2,
    "hutton_active_pair_graph_components": 2,
    "hutton_active_pairs": 4,
    "hutton_possible_pairs": 10,
    "inherited_pairwise_clique_invalid_parent_count": 5,
    "no_projection": true,
    "sweden_active_pairs": 5,
    "sweden_missing_pair": [
      "exhibition",
      "trade"
    ],
    "sweden_possible_pairs": 6
  },
  "failure_count": 0,
  "format": "trace-round16b-evidence-disposition-independent-verification-tranche-c-v1",
  "parent_checkpoint_sha": "f97d20b37b58a509d04cdf3bc3385486fc8d173c",
  "pass_count": 205,
  "source_sha": "5419770959bdb8998b693fb2275b47e29b92367c",
  "source_tree": "977d7e8e045c71857959750b775cd4df3d036686",
  "status": "PASS_INDEPENDENT_FAIL_CLOSED_TRANCHE_C_LOCAL_PARENT_COVERAGE_ONLY",
  "verified_build_receipt_path": "docs/audits/v49-exploration-higher-order-association-closure-round16b/raw/evidence-disposition-build-receipt-tranche-c-v1.json",
  "verified_build_receipt_sha256": "cc7855fc0e619ed575a817b84dabf8f68a1192c5fc96e6f5d26e2d9b93d10342",
  "verified_counts": {
    "active_associations": 0,
    "active_pending_review": 0,
    "closure_flags_true": 0,
    "local_candidate_families": 35,
    "local_trigger_occurrences": 359,
    "pair_projections": 0,
    "product_paths": 0,
    "scoped_inquiry_identities": 2,
    "subset_projections": 0,
    "tranche_c_families": 10,
    "tranche_c_occurrences": 60
  },
  "verified_source_hypothesis_ledger_path": "docs/audits/v49-exploration-higher-order-association-closure-round16b/raw/scoped-association-hypothesis-ledger-shard-1-v1.tsv",
  "verified_source_hypothesis_ledger_sha256": "f16deeca67663b05262640cba1512bb46acb0a36ffe8dcae006fd45dc475bed3",
  "verifier_independence": {
    "calls_builder": false,
    "connectivity": "UNION_FIND",
    "family_occurrence_join": "DIRECT_OCCURRENCE_LEDGER_PARTICIPANT_SET_JOIN",
    "imports_builder": false,
    "pair_enumeration": "NESTED_INDEX_LOOPS"
  },
  "verifier_path": "scripts/trace_round16b/verify_evidence_disposition_tranche_c.py",
  "verifier_sha256": "4de64be413a45080bb176069412a6b630c143db264f217905e4eb58b2e89c522",
  "verifier_version": "trace-round16b-evidence-disposition-tranche-c-independent-verifier-v1"
}
