database/migrations/001_foundation.sql
database/migrations/002_raw_core_provenance.sql
database/migrations/003_research_rights.sql
database/migrations/004_release_audit.sql
database/migrations/005_normative_closure.sql
database/migrations/006_epistemic_trace_closure.sql
database/migrations/007_release_copy_integrity.sql
database/migrations/008_final_integrity_closure.sql
database/migrations/009_read_api_core.sql
database/migrations/010_release_projection_snapshot.sql
database/migrations/011_release_projection_snapshot_closure.sql
database/migrations/012_release_projection_snapshot_performance.sql
database/migrations/013_release_projection_snapshot_db_closure.sql
database/functions/001_deferred_constraints.sql
database/functions/002_mutation_guards.sql
database/functions/003_release_and_cas.sql
database/functions/004_controlled_writes.sql
database/functions/005_projection_builders.sql
database/functions/006_normative_closure.sql
database/functions/007_release_protocol_closure.sql
database/functions/008_projection_builders_v2.sql
database/functions/009_projection_inventory_builders.sql
database/functions/010_visual_inventory_builders.sql
database/functions/011_rights_hash_closure.sql
database/functions/012_controlled_write_closure.sql
database/functions/013_review_case_closure.sql
database/functions/014_release_copy_guards.sql
database/functions/015_final_integrity_closure.sql
database/functions/016_release_projection_snapshot_v3.sql
database/functions/017_release_projection_snapshot_closure.sql
database/functions/018_release_projection_snapshot_performance.sql
database/functions/019_release_projection_snapshot_db_closure.sql
database/views/001_api_v1.sql
database/views/002_role_workspaces.sql
database/roles/002_database_grants.sql
database/roles/003_read_api_core_grants.sql
database/roles/004_release_projection_snapshot_grants.sql
database/roles/005_release_projection_snapshot_closure_grants.sql
database/roles/006_release_projection_snapshot_performance_grants.sql
database/roles/007_release_projection_snapshot_db_closure_grants.sql
