getaddrinfo ENOTFOUND fonts.googleapis.com

Retrying 1/3...
getaddrinfo ENOTFOUND fonts.googleapis.com

Retrying 1/3...
getaddrinfo ENOTFOUND fonts.googleapis.com

Retrying 2/3...
getaddrinfo ENOTFOUND fonts.googleapis.com

Retrying 2/3...
getaddrinfo ENOTFOUND fonts.googleapis.com

Retrying 3/3...
getaddrinfo ENOTFOUND fonts.googleapis.com

Retrying 3/3...
[Error: getaddrinfo ENOTFOUND fonts.googleapis.com] {
  errno: -3008,
  code: 'ENOTFOUND',
  syscall: 'getaddrinfo',
  hostname: 'fonts.googleapis.com'
}
[Error: getaddrinfo ENOTFOUND fonts.googleapis.com] {
  errno: -3008,
  code: 'ENOTFOUND',
  syscall: 'getaddrinfo',
  hostname: 'fonts.googleapis.com'
}
Failed to compile.

src/app/layout.tsx
`next/font` error:
Failed to fetch `IBM Plex Mono` from Google Fonts.

src/app/layout.tsx
`next/font` error:
Failed to fetch `IBM Plex Sans` from Google Fonts.


> Build failed because of webpack errors
