Time: 0.074 ms
Time: 108.919 ms
Time: 0.305 ms
Time: 103.445 ms
Time: 60.042 ms
Time: 915.282 ms
Time: 136.313 ms
Time: 149.350 ms
Time: 126.704 ms
Time: 1.804 ms
P1_POSTFIX_DIRECT_EXPLAIN_BEGIN scale=250
                                                    QUERY PLAN                                                    
------------------------------------------------------------------------------------------------------------------
 [                                                                                                               +
   {                                                                                                             +
     "Plan": {                                                                                                   +
       "Node Type": "Aggregate",                                                                                 +
       "Strategy": "Plain",                                                                                      +
       "Partial Mode": "Simple",                                                                                 +
       "Parallel Aware": false,                                                                                  +
       "Async Capable": false,                                                                                   +
       "Startup Cost": 13.30,                                                                                    +
       "Total Cost": 13.31,                                                                                      +
       "Plan Rows": 1,                                                                                           +
       "Plan Width": 8,                                                                                          +
       "Actual Startup Time": 0.126,                                                                             +
       "Actual Total Time": 0.127,                                                                               +
       "Actual Rows": 1,                                                                                         +
       "Actual Loops": 1,                                                                                        +
       "Shared Hit Blocks": 7,                                                                                   +
       "Shared Read Blocks": 0,                                                                                  +
       "Shared Dirtied Blocks": 0,                                                                               +
       "Shared Written Blocks": 0,                                                                               +
       "Local Hit Blocks": 0,                                                                                    +
       "Local Read Blocks": 0,                                                                                   +
       "Local Dirtied Blocks": 0,                                                                                +
       "Local Written Blocks": 0,                                                                                +
       "Temp Read Blocks": 0,                                                                                    +
       "Temp Written Blocks": 0,                                                                                 +
       "WAL Records": 0,                                                                                         +
       "WAL FPI": 0,                                                                                             +
       "WAL Bytes": 0,                                                                                           +
       "Plans": [                                                                                                +
         {                                                                                                       +
           "Node Type": "Nested Loop",                                                                           +
           "Parent Relationship": "Outer",                                                                       +
           "Parallel Aware": false,                                                                              +
           "Async Capable": false,                                                                               +
           "Join Type": "Anti",                                                                                  +
           "Startup Cost": 5.28,                                                                                 +
           "Total Cost": 13.30,                                                                                  +
           "Plan Rows": 1,                                                                                       +
           "Plan Width": 0,                                                                                      +
           "Actual Startup Time": 0.056,                                                                         +
           "Actual Total Time": 0.120,                                                                           +
           "Actual Rows": 1,                                                                                     +
           "Actual Loops": 1,                                                                                    +
           "Inner Unique": false,                                                                                +
           "Shared Hit Blocks": 7,                                                                               +
           "Shared Read Blocks": 0,                                                                              +
           "Shared Dirtied Blocks": 0,                                                                           +
           "Shared Written Blocks": 0,                                                                           +
           "Local Hit Blocks": 0,                                                                                +
           "Local Read Blocks": 0,                                                                               +
           "Local Dirtied Blocks": 0,                                                                            +
           "Local Written Blocks": 0,                                                                            +
           "Temp Read Blocks": 0,                                                                                +
           "Temp Written Blocks": 0,                                                                             +
           "WAL Records": 0,                                                                                     +
           "WAL FPI": 0,                                                                                         +
           "WAL Bytes": 0,                                                                                       +
           "Plans": [                                                                                            +
             {                                                                                                   +
               "Node Type": "Hash Join",                                                                         +
               "Parent Relationship": "Outer",                                                                   +
               "Parallel Aware": false,                                                                          +
               "Async Capable": false,                                                                           +
               "Join Type": "Inner",                                                                             +
               "Startup Cost": 5.14,                                                                             +
               "Total Cost": 12.93,                                                                              +
               "Plan Rows": 1,                                                                                   +
               "Plan Width": 16,                                                                                 +
               "Actual Startup Time": 0.051,                                                                     +
               "Actual Total Time": 0.115,                                                                       +
               "Actual Rows": 1,                                                                                 +
               "Actual Loops": 1,                                                                                +
               "Inner Unique": true,                                                                             +
               "Hash Cond": "(x.rights_assessment_id = t.rights_assessment_id)",                                 +
               "Shared Hit Blocks": 6,                                                                           +
               "Shared Read Blocks": 0,                                                                          +
               "Shared Dirtied Blocks": 0,                                                                       +
               "Shared Written Blocks": 0,                                                                       +
               "Local Hit Blocks": 0,                                                                            +
               "Local Read Blocks": 0,                                                                           +
               "Local Dirtied Blocks": 0,                                                                        +
               "Local Written Blocks": 0,                                                                        +
               "Temp Read Blocks": 0,                                                                            +
               "Temp Written Blocks": 0,                                                                         +
               "WAL Records": 0,                                                                                 +
               "WAL FPI": 0,                                                                                     +
               "WAL Bytes": 0,                                                                                   +
               "Plans": [                                                                                        +
                 {                                                                                               +
                   "Node Type": "Seq Scan",                                                                      +
                   "Parent Relationship": "Outer",                                                               +
                   "Parallel Aware": false,                                                                      +
                   "Async Capable": false,                                                                       +
                   "Relation Name": "rights_assessment",                                                         +
                   "Alias": "x",                                                                                 +
                   "Startup Cost": 0.00,                                                                         +
                   "Total Cost": 7.12,                                                                           +
                   "Plan Rows": 250,                                                                             +
                   "Plan Width": 16,                                                                             +
                   "Actual Startup Time": 0.008,                                                                 +
                   "Actual Total Time": 0.044,                                                                   +
                   "Actual Rows": 250,                                                                           +
                   "Actual Loops": 1,                                                                            +
                   "Filter": "(subject_kind = 'external_visual_reference'::rights.rights_subject_kind)",         +
                   "Rows Removed by Filter": 0,                                                                  +
                   "Shared Hit Blocks": 4,                                                                       +
                   "Shared Read Blocks": 0,                                                                      +
                   "Shared Dirtied Blocks": 0,                                                                   +
                   "Shared Written Blocks": 0,                                                                   +
                   "Local Hit Blocks": 0,                                                                        +
                   "Local Read Blocks": 0,                                                                       +
                   "Local Dirtied Blocks": 0,                                                                    +
                   "Local Written Blocks": 0,                                                                    +
                   "Temp Read Blocks": 0,                                                                        +
                   "Temp Written Blocks": 0,                                                                     +
                   "WAL Records": 0,                                                                             +
                   "WAL FPI": 0,                                                                                 +
                   "WAL Bytes": 0                                                                                +
                 },                                                                                              +
                 {                                                                                               +
                   "Node Type": "Hash",                                                                          +
                   "Parent Relationship": "Inner",                                                               +
                   "Parallel Aware": false,                                                                      +
                   "Async Capable": false,                                                                       +
                   "Startup Cost": 5.12,                                                                         +
                   "Total Cost": 5.12,                                                                           +
                   "Plan Rows": 1,                                                                               +
                   "Plan Width": 16,                                                                             +
                   "Actual Startup Time": 0.031,                                                                 +
                   "Actual Total Time": 0.031,                                                                   +
                   "Actual Rows": 1,                                                                             +
                   "Actual Loops": 1,                                                                            +
                   "Hash Buckets": 1024,                                                                         +
                   "Original Hash Buckets": 1024,                                                                +
                   "Hash Batches": 1,                                                                            +
                   "Original Hash Batches": 1,                                                                   +
                   "Peak Memory Usage": 9,                                                                       +
                   "Shared Hit Blocks": 2,                                                                       +
                   "Shared Read Blocks": 0,                                                                      +
                   "Shared Dirtied Blocks": 0,                                                                   +
                   "Shared Written Blocks": 0,                                                                   +
                   "Local Hit Blocks": 0,                                                                        +
                   "Local Read Blocks": 0,                                                                       +
                   "Local Dirtied Blocks": 0,                                                                    +
                   "Local Written Blocks": 0,                                                                    +
                   "Temp Read Blocks": 0,                                                                        +
                   "Temp Written Blocks": 0,                                                                     +
                   "WAL Records": 0,                                                                             +
                   "WAL FPI": 0,                                                                                 +
                   "WAL Bytes": 0,                                                                               +
                   "Plans": [                                                                                    +
                     {                                                                                           +
                       "Node Type": "Seq Scan",                                                                  +
                       "Parent Relationship": "Outer",                                                           +
                       "Parallel Aware": false,                                                                  +
                       "Async Capable": false,                                                                   +
                       "Relation Name": "rights_assessment_visual_reference",                                    +
                       "Alias": "t",                                                                             +
                       "Startup Cost": 0.00,                                                                     +
                       "Total Cost": 5.12,                                                                       +
                       "Plan Rows": 1,                                                                           +
                       "Plan Width": 16,                                                                         +
                       "Actual Startup Time": 0.005,                                                             +
                       "Actual Total Time": 0.027,                                                               +
                       "Actual Rows": 1,                                                                         +
                       "Actual Loops": 1,                                                                        +
                       "Filter": "(external_visual_reference_id = 'a3000000-0000-4000-8000-000000000001'::uuid)",+
                       "Rows Removed by Filter": 249,                                                            +
                       "Shared Hit Blocks": 2,                                                                   +
                       "Shared Read Blocks": 0,                                                                  +
                       "Shared Dirtied Blocks": 0,                                                               +
                       "Shared Written Blocks": 0,                                                               +
                       "Local Hit Blocks": 0,                                                                    +
                       "Local Read Blocks": 0,                                                                   +
                       "Local Dirtied Blocks": 0,                                                                +
                       "Local Written Blocks": 0,                                                                +
                       "Temp Read Blocks": 0,                                                                    +
                       "Temp Written Blocks": 0,                                                                 +
                       "WAL Records": 0,                                                                         +
                       "WAL FPI": 0,                                                                             +
                       "WAL Bytes": 0                                                                            +
                     }                                                                                           +
                   ]                                                                                             +
                 }                                                                                               +
               ]                                                                                                 +
             },                                                                                                  +
             {                                                                                                   +
               "Node Type": "Index Only Scan",                                                                   +
               "Parent Relationship": "Inner",                                                                   +
               "Parallel Aware": false,                                                                          +
               "Async Capable": false,                                                                           +
               "Scan Direction": "Forward",                                                                      +
               "Index Name": "rights_assessment_supersedes_rights_assessment_id_key",                            +
               "Relation Name": "rights_assessment",                                                             +
               "Alias": "newer",                                                                                 +
               "Startup Cost": 0.14,                                                                             +
               "Total Cost": 0.26,                                                                               +
               "Plan Rows": 1,                                                                                   +
               "Plan Width": 16,                                                                                 +
               "Actual Startup Time": 0.003,                                                                     +
               "Actual Total Time": 0.003,                                                                       +
               "Actual Rows": 0,                                                                                 +
               "Actual Loops": 1,                                                                                +
               "Index Cond": "(supersedes_rights_assessment_id = x.rights_assessment_id)",                       +
               "Rows Removed by Index Recheck": 0,                                                               +
               "Heap Fetches": 0,                                                                                +
               "Shared Hit Blocks": 1,                                                                           +
               "Shared Read Blocks": 0,                                                                          +
               "Shared Dirtied Blocks": 0,                                                                       +
               "Shared Written Blocks": 0,                                                                       +
               "Local Hit Blocks": 0,                                                                            +
               "Local Read Blocks": 0,                                                                           +
               "Local Dirtied Blocks": 0,                                                                        +
               "Local Written Blocks": 0,                                                                        +
               "Temp Read Blocks": 0,                                                                            +
               "Temp Written Blocks": 0,                                                                         +
               "WAL Records": 0,                                                                                 +
               "WAL FPI": 0,                                                                                     +
               "WAL Bytes": 0                                                                                    +
             }                                                                                                   +
           ]                                                                                                     +
         }                                                                                                       +
       ]                                                                                                         +
     },                                                                                                          +
     "Settings": {                                                                                               +
     },                                                                                                          +
     "Planning": {                                                                                               +
       "Shared Hit Blocks": 128,                                                                                 +
       "Shared Read Blocks": 0,                                                                                  +
       "Shared Dirtied Blocks": 0,                                                                               +
       "Shared Written Blocks": 0,                                                                               +
       "Local Hit Blocks": 0,                                                                                    +
       "Local Read Blocks": 0,                                                                                   +
       "Local Dirtied Blocks": 0,                                                                                +
       "Local Written Blocks": 0,                                                                                +
       "Temp Read Blocks": 0,                                                                                    +
       "Temp Written Blocks": 0                                                                                  +
     },                                                                                                          +
     "Planning Time": 0.952,                                                                                     +
     "Triggers": [                                                                                               +
     ],                                                                                                          +
     "Execution Time": 0.167                                                                                     +
   }                                                                                                             +
 ]
(1 row)

Time: 2.151 ms
P1_POSTFIX_DIRECT_EXPLAIN_END scale=250
Time: 0.109 ms
P1_NAMED_CONSTRAINT_BEGIN constraint=rights.rights_assessment_one_current_leaf scale=250
Time: 310.325 ms
 scale | named_constraint_seconds | named_constraint_wal_bytes | assessment_rows | typed_subject_rows 
-------+--------------------------+----------------------------+-----------------+--------------------
   250 |                 0.310908 |                      16384 |             250 |                250
(1 row)

Time: 0.488 ms
P1_NAMED_CONSTRAINT_END constraint=rights.rights_assessment_one_current_leaf scale=250
Time: 0.166 ms
