Time: 0.059 ms
Time: 0.608 ms
Time: 0.039 ms
Time: 91.644 ms
Time: 218.935 ms
Time: 23.036 ms
Time: 69.155 ms
Time: 485.070 ms
Time: 9.056 ms
Time: 7.296 ms
Time: 155.927 ms
Time: 113.154 ms
Time: 265.726 ms
Time: 5.386 ms
Time: 68.881 ms
Time: 76.520 ms
Time: 7.972 ms
Time: 3.575 ms
Time: 5.339 ms
Time: 4.171 ms
P1_DELIVERY_POSTFIX_DIRECT_EXPLAIN_BEGIN scale=50
                                                                          QUERY PLAN                                                                          
--------------------------------------------------------------------------------------------------------------------------------------------------------------
 [                                                                                                                                                           +
   {                                                                                                                                                         +
     "Plan": {                                                                                                                                               +
       "Node Type": "Result",                                                                                                                                +
       "Parallel Aware": false,                                                                                                                              +
       "Async Capable": false,                                                                                                                               +
       "Startup Cost": 11.94,                                                                                                                                +
       "Total Cost": 11.95,                                                                                                                                  +
       "Plan Rows": 1,                                                                                                                                       +
       "Plan Width": 1,                                                                                                                                      +
       "Actual Startup Time": 0.091,                                                                                                                         +
       "Actual Total Time": 0.093,                                                                                                                           +
       "Actual Rows": 1,                                                                                                                                     +
       "Actual Loops": 1,                                                                                                                                    +
       "Shared Hit Blocks": 10,                                                                                                                              +
       "Shared Read Blocks": 0,                                                                                                                              +
       "Shared Dirtied Blocks": 0,                                                                                                                           +
       "Shared Written Blocks": 0,                                                                                                                           +
       "Local Hit Blocks": 0,                                                                                                                                +
       "Local Read Blocks": 0,                                                                                                                               +
       "Local Dirtied Blocks": 0,                                                                                                                            +
       "Local Written Blocks": 0,                                                                                                                            +
       "Temp Read Blocks": 0,                                                                                                                                +
       "Temp Written Blocks": 0,                                                                                                                             +
       "WAL Records": 0,                                                                                                                                     +
       "WAL FPI": 0,                                                                                                                                         +
       "WAL Bytes": 0,                                                                                                                                       +
       "Plans": [                                                                                                                                            +
         {                                                                                                                                                   +
           "Node Type": "Nested Loop",                                                                                                                       +
           "Parent Relationship": "InitPlan",                                                                                                                +
           "Subplan Name": "InitPlan 1 (returns $4)",                                                                                                        +
           "Parallel Aware": false,                                                                                                                          +
           "Async Capable": false,                                                                                                                           +
           "Join Type": "Anti",                                                                                                                              +
           "Startup Cost": 8.74,                                                                                                                             +
           "Total Cost": 11.94,                                                                                                                              +
           "Plan Rows": 1,                                                                                                                                   +
           "Plan Width": 0,                                                                                                                                  +
           "Actual Startup Time": 0.088,                                                                                                                     +
           "Actual Total Time": 0.091,                                                                                                                       +
           "Actual Rows": 0,                                                                                                                                 +
           "Actual Loops": 1,                                                                                                                                +
           "Inner Unique": false,                                                                                                                            +
           "Shared Hit Blocks": 10,                                                                                                                          +
           "Shared Read Blocks": 0,                                                                                                                          +
           "Shared Dirtied Blocks": 0,                                                                                                                       +
           "Shared Written Blocks": 0,                                                                                                                       +
           "Local Hit Blocks": 0,                                                                                                                            +
           "Local Read Blocks": 0,                                                                                                                           +
           "Local Dirtied Blocks": 0,                                                                                                                        +
           "Local Written Blocks": 0,                                                                                                                        +
           "Temp Read Blocks": 0,                                                                                                                            +
           "Temp Written Blocks": 0,                                                                                                                         +
           "WAL Records": 0,                                                                                                                                 +
           "WAL FPI": 0,                                                                                                                                     +
           "WAL Bytes": 0,                                                                                                                                   +
           "Plans": [                                                                                                                                        +
             {                                                                                                                                               +
               "Node Type": "Nested Loop",                                                                                                                   +
               "Parent Relationship": "Outer",                                                                                                               +
               "Parallel Aware": false,                                                                                                                      +
               "Async Capable": false,                                                                                                                       +
               "Join Type": "Anti",                                                                                                                          +
               "Startup Cost": 8.60,                                                                                                                         +
               "Total Cost": 11.28,                                                                                                                          +
               "Plan Rows": 1,                                                                                                                               +
               "Plan Width": 16,                                                                                                                             +
               "Actual Startup Time": 0.054,                                                                                                                 +
               "Actual Total Time": 0.068,                                                                                                                   +
               "Actual Rows": 1,                                                                                                                             +
               "Actual Loops": 1,                                                                                                                            +
               "Inner Unique": false,                                                                                                                        +
               "Shared Hit Blocks": 8,                                                                                                                       +
               "Shared Read Blocks": 0,                                                                                                                      +
               "Shared Dirtied Blocks": 0,                                                                                                                   +
               "Shared Written Blocks": 0,                                                                                                                   +
               "Local Hit Blocks": 0,                                                                                                                        +
               "Local Read Blocks": 0,                                                                                                                       +
               "Local Dirtied Blocks": 0,                                                                                                                    +
               "Local Written Blocks": 0,                                                                                                                    +
               "Temp Read Blocks": 0,                                                                                                                        +
               "Temp Written Blocks": 0,                                                                                                                     +
               "WAL Records": 0,                                                                                                                             +
               "WAL FPI": 0,                                                                                                                                 +
               "WAL Bytes": 0,                                                                                                                               +
               "Plans": [                                                                                                                                    +
                 {                                                                                                                                           +
                   "Node Type": "Nested Loop",                                                                                                               +
                   "Parent Relationship": "Outer",                                                                                                           +
                   "Parallel Aware": false,                                                                                                                  +
                   "Async Capable": false,                                                                                                                   +
                   "Join Type": "Inner",                                                                                                                     +
                   "Startup Cost": 8.46,                                                                                                                     +
                   "Total Cost": 10.63,                                                                                                                      +
                   "Plan Rows": 1,                                                                                                                           +
                   "Plan Width": 16,                                                                                                                         +
                   "Actual Startup Time": 0.047,                                                                                                             +
                   "Actual Total Time": 0.060,                                                                                                               +
                   "Actual Rows": 1,                                                                                                                         +
                   "Actual Loops": 1,                                                                                                                        +
                   "Inner Unique": true,                                                                                                                     +
                   "Shared Hit Blocks": 7,                                                                                                                   +
                   "Shared Read Blocks": 0,                                                                                                                  +
                   "Shared Dirtied Blocks": 0,                                                                                                               +
                   "Shared Written Blocks": 0,                                                                                                               +
                   "Local Hit Blocks": 0,                                                                                                                    +
                   "Local Read Blocks": 0,                                                                                                                   +
                   "Local Dirtied Blocks": 0,                                                                                                                +
                   "Local Written Blocks": 0,                                                                                                                +
                   "Temp Read Blocks": 0,                                                                                                                    +
                   "Temp Written Blocks": 0,                                                                                                                 +
                   "WAL Records": 0,                                                                                                                         +
                   "WAL FPI": 0,                                                                                                                             +
                   "WAL Bytes": 0,                                                                                                                           +
                   "Plans": [                                                                                                                                +
                     {                                                                                                                                       +
                       "Node Type": "Nested Loop",                                                                                                           +
                       "Parent Relationship": "Outer",                                                                                                       +
                       "Parallel Aware": false,                                                                                                              +
                       "Async Capable": false,                                                                                                               +
                       "Join Type": "Inner",                                                                                                                 +
                       "Startup Cost": 8.32,                                                                                                                 +
                       "Total Cost": 10.22,                                                                                                                  +
                       "Plan Rows": 1,                                                                                                                       +
                       "Plan Width": 32,                                                                                                                     +
                       "Actual Startup Time": 0.039,                                                                                                         +
                       "Actual Total Time": 0.052,                                                                                                           +
                       "Actual Rows": 1,                                                                                                                     +
                       "Actual Loops": 1,                                                                                                                    +
                       "Inner Unique": true,                                                                                                                 +
                       "Shared Hit Blocks": 5,                                                                                                               +
                       "Shared Read Blocks": 0,                                                                                                              +
                       "Shared Dirtied Blocks": 0,                                                                                                           +
                       "Shared Written Blocks": 0,                                                                                                           +
                       "Local Hit Blocks": 0,                                                                                                                +
                       "Local Read Blocks": 0,                                                                                                               +
                       "Local Dirtied Blocks": 0,                                                                                                            +
                       "Local Written Blocks": 0,                                                                                                            +
                       "Temp Read Blocks": 0,                                                                                                                +
                       "Temp Written Blocks": 0,                                                                                                             +
                       "WAL Records": 0,                                                                                                                     +
                       "WAL FPI": 0,                                                                                                                         +
                       "WAL Bytes": 0,                                                                                                                       +
                       "Plans": [                                                                                                                            +
                         {                                                                                                                                   +
                           "Node Type": "Hash Join",                                                                                                         +
                           "Parent Relationship": "Outer",                                                                                                   +
                           "Parallel Aware": false,                                                                                                          +
                           "Async Capable": false,                                                                                                           +
                           "Join Type": "Inner",                                                                                                             +
                           "Startup Cost": 8.18,                                                                                                             +
                           "Total Cost": 9.81,                                                                                                               +
                           "Plan Rows": 1,                                                                                                                   +
                           "Plan Width": 16,                                                                                                                 +
                           "Actual Startup Time": 0.035,                                                                                                     +
                           "Actual Total Time": 0.047,                                                                                                       +
                           "Actual Rows": 1,                                                                                                                 +
                           "Actual Loops": 1,                                                                                                                +
                           "Inner Unique": true,                                                                                                             +
                           "Hash Cond": "(t.external_visual_reference_id = b.external_visual_reference_id)",                                                 +
                           "Shared Hit Blocks": 3,                                                                                                           +
                           "Shared Read Blocks": 0,                                                                                                          +
                           "Shared Dirtied Blocks": 0,                                                                                                       +
                           "Shared Written Blocks": 0,                                                                                                       +
                           "Local Hit Blocks": 0,                                                                                                            +
                           "Local Read Blocks": 0,                                                                                                           +
                           "Local Dirtied Blocks": 0,                                                                                                        +
                           "Local Written Blocks": 0,                                                                                                        +
                           "Temp Read Blocks": 0,                                                                                                            +
                           "Temp Written Blocks": 0,                                                                                                         +
                           "WAL Records": 0,                                                                                                                 +
                           "WAL FPI": 0,                                                                                                                     +
                           "WAL Bytes": 0,                                                                                                                   +
                           "Plans": [                                                                                                                        +
                             {                                                                                                                               +
                               "Node Type": "Seq Scan",                                                                                                      +
                               "Parent Relationship": "Outer",                                                                                               +
                               "Parallel Aware": false,                                                                                                      +
                               "Async Capable": false,                                                                                                       +
                               "Relation Name": "rights_assessment_visual_reference",                                                                        +
                               "Alias": "t",                                                                                                                 +
                               "Startup Cost": 0.00,                                                                                                         +
                               "Total Cost": 1.50,                                                                                                           +
                               "Plan Rows": 50,                                                                                                              +
                               "Plan Width": 32,                                                                                                             +
                               "Actual Startup Time": 0.011,                                                                                                 +
                               "Actual Total Time": 0.016,                                                                                                   +
                               "Actual Rows": 50,                                                                                                            +
                               "Actual Loops": 1,                                                                                                            +
                               "Shared Hit Blocks": 1,                                                                                                       +
                               "Shared Read Blocks": 0,                                                                                                      +
                               "Shared Dirtied Blocks": 0,                                                                                                   +
                               "Shared Written Blocks": 0,                                                                                                   +
                               "Local Hit Blocks": 0,                                                                                                        +
                               "Local Read Blocks": 0,                                                                                                       +
                               "Local Dirtied Blocks": 0,                                                                                                    +
                               "Local Written Blocks": 0,                                                                                                    +
                               "Temp Read Blocks": 0,                                                                                                        +
                               "Temp Written Blocks": 0,                                                                                                     +
                               "WAL Records": 0,                                                                                                             +
                               "WAL FPI": 0,                                                                                                                 +
                               "WAL Bytes": 0                                                                                                                +
                             },                                                                                                                              +
                             {                                                                                                                               +
                               "Node Type": "Hash",                                                                                                          +
                               "Parent Relationship": "Inner",                                                                                               +
                               "Parallel Aware": false,                                                                                                      +
                               "Async Capable": false,                                                                                                       +
                               "Startup Cost": 8.17,                                                                                                         +
                               "Total Cost": 8.17,                                                                                                           +
                               "Plan Rows": 1,                                                                                                               +
                               "Plan Width": 16,                                                                                                             +
                               "Actual Startup Time": 0.011,                                                                                                 +
                               "Actual Total Time": 0.011,                                                                                                   +
                               "Actual Rows": 1,                                                                                                             +
                               "Actual Loops": 1,                                                                                                            +
                               "Hash Buckets": 1024,                                                                                                         +
                               "Original Hash Buckets": 1024,                                                                                                +
                               "Hash Batches": 1,                                                                                                            +
                               "Original Hash Batches": 1,                                                                                                   +
                               "Peak Memory Usage": 9,                                                                                                       +
                               "Shared Hit Blocks": 2,                                                                                                       +
                               "Shared Read Blocks": 0,                                                                                                      +
                               "Shared Dirtied Blocks": 0,                                                                                                   +
                               "Shared Written Blocks": 0,                                                                                                   +
                               "Local Hit Blocks": 0,                                                                                                        +
                               "Local Read Blocks": 0,                                                                                                       +
                               "Local Dirtied Blocks": 0,                                                                                                    +
                               "Local Written Blocks": 0,                                                                                                    +
                               "Temp Read Blocks": 0,                                                                                                        +
                               "Temp Written Blocks": 0,                                                                                                     +
                               "WAL Records": 0,                                                                                                             +
                               "WAL FPI": 0,                                                                                                                 +
                               "WAL Bytes": 0,                                                                                                               +
                               "Plans": [                                                                                                                    +
                                 {                                                                                                                           +
                                   "Node Type": "Index Scan",                                                                                                +
                                   "Parent Relationship": "Outer",                                                                                           +
                                   "Parallel Aware": false,                                                                                                  +
                                   "Async Capable": false,                                                                                                   +
                                   "Scan Direction": "Forward",                                                                                              +
                                   "Index Name": "object_visual_reference_pkey",                                                                             +
                                   "Relation Name": "object_visual_reference",                                                                               +
                                   "Alias": "b",                                                                                                             +
                                   "Startup Cost": 0.15,                                                                                                     +
                                   "Total Cost": 8.17,                                                                                                       +
                                   "Plan Rows": 1,                                                                                                           +
                                   "Plan Width": 16,                                                                                                         +
                                   "Actual Startup Time": 0.006,                                                                                             +
                                   "Actual Total Time": 0.007,                                                                                               +
                                   "Actual Rows": 1,                                                                                                         +
                                   "Actual Loops": 1,                                                                                                        +
                                   "Index Cond": "(object_visual_reference_id = 'b6000000-0000-4000-8000-000000000001'::uuid)",                              +
                                   "Rows Removed by Index Recheck": 0,                                                                                       +
                                   "Shared Hit Blocks": 2,                                                                                                   +
                                   "Shared Read Blocks": 0,                                                                                                  +
                                   "Shared Dirtied Blocks": 0,                                                                                               +
                                   "Shared Written Blocks": 0,                                                                                               +
                                   "Local Hit Blocks": 0,                                                                                                    +
                                   "Local Read Blocks": 0,                                                                                                   +
                                   "Local Dirtied Blocks": 0,                                                                                                +
                                   "Local Written Blocks": 0,                                                                                                +
                                   "Temp Read Blocks": 0,                                                                                                    +
                                   "Temp Written Blocks": 0,                                                                                                 +
                                   "WAL Records": 0,                                                                                                         +
                                   "WAL FPI": 0,                                                                                                             +
                                   "WAL Bytes": 0                                                                                                            +
                                 }                                                                                                                           +
                               ]                                                                                                                             +
                             }                                                                                                                               +
                           ]                                                                                                                                 +
                         },                                                                                                                                  +
                         {                                                                                                                                   +
                           "Node Type": "Index Scan",                                                                                                        +
                           "Parent Relationship": "Inner",                                                                                                   +
                           "Parallel Aware": false,                                                                                                          +
                           "Async Capable": false,                                                                                                           +
                           "Scan Direction": "Forward",                                                                                                      +
                           "Index Name": "rights_assessment_pkey",                                                                                           +
                           "Relation Name": "rights_assessment",                                                                                             +
                           "Alias": "a_1",                                                                                                                   +
                           "Startup Cost": 0.14,                                                                                                             +
                           "Total Cost": 0.40,                                                                                                               +
                           "Plan Rows": 1,                                                                                                                   +
                           "Plan Width": 16,                                                                                                                 +
                           "Actual Startup Time": 0.002,                                                                                                     +
                           "Actual Total Time": 0.002,                                                                                                       +
                           "Actual Rows": 1,                                                                                                                 +
                           "Actual Loops": 1,                                                                                                                +
                           "Index Cond": "(rights_assessment_id = t.rights_assessment_id)",                                                                  +
                           "Rows Removed by Index Recheck": 0,                                                                                               +
                           "Filter": "(subject_kind = 'external_visual_reference'::rights.rights_subject_kind)",                                             +
                           "Rows Removed by Filter": 0,                                                                                                      +
                           "Shared Hit Blocks": 2,                                                                                                           +
                           "Shared Read Blocks": 0,                                                                                                          +
                           "Shared Dirtied Blocks": 0,                                                                                                       +
                           "Shared Written Blocks": 0,                                                                                                       +
                           "Local Hit Blocks": 0,                                                                                                            +
                           "Local Read Blocks": 0,                                                                                                           +
                           "Local Dirtied Blocks": 0,                                                                                                        +
                           "Local Written Blocks": 0,                                                                                                        +
                           "Temp Read Blocks": 0,                                                                                                            +
                           "Temp Written Blocks": 0,                                                                                                         +
                           "WAL Records": 0,                                                                                                                 +
                           "WAL FPI": 0,                                                                                                                     +
                           "WAL Bytes": 0                                                                                                                    +
                         }                                                                                                                                   +
                       ]                                                                                                                                     +
                     },                                                                                                                                      +
                     {                                                                                                                                       +
                       "Node Type": "Index Only Scan",                                                                                                       +
                       "Parent Relationship": "Inner",                                                                                                       +
                       "Parallel Aware": false,                                                                                                              +
                       "Async Capable": false,                                                                                                               +
                       "Scan Direction": "Forward",                                                                                                          +
                       "Index Name": "rights_assessment_pkey",                                                                                               +
                       "Relation Name": "rights_assessment",                                                                                                 +
                       "Alias": "a",                                                                                                                         +
                       "Startup Cost": 0.14,                                                                                                                 +
                       "Total Cost": 0.40,                                                                                                                   +
                       "Plan Rows": 1,                                                                                                                       +
                       "Plan Width": 16,                                                                                                                     +
                       "Actual Startup Time": 0.007,                                                                                                         +
                       "Actual Total Time": 0.007,                                                                                                           +
                       "Actual Rows": 1,                                                                                                                     +
                       "Actual Loops": 1,                                                                                                                    +
                       "Index Cond": "(rights_assessment_id = a_1.rights_assessment_id)",                                                                    +
                       "Rows Removed by Index Recheck": 0,                                                                                                   +
                       "Heap Fetches": 1,                                                                                                                    +
                       "Shared Hit Blocks": 2,                                                                                                               +
                       "Shared Read Blocks": 0,                                                                                                              +
                       "Shared Dirtied Blocks": 0,                                                                                                           +
                       "Shared Written Blocks": 0,                                                                                                           +
                       "Local Hit Blocks": 0,                                                                                                                +
                       "Local Read Blocks": 0,                                                                                                               +
                       "Local Dirtied Blocks": 0,                                                                                                            +
                       "Local Written Blocks": 0,                                                                                                            +
                       "Temp Read Blocks": 0,                                                                                                                +
                       "Temp Written Blocks": 0,                                                                                                             +
                       "WAL Records": 0,                                                                                                                     +
                       "WAL FPI": 0,                                                                                                                         +
                       "WAL Bytes": 0                                                                                                                        +
                     }                                                                                                                                       +
                   ]                                                                                                                                         +
                 },                                                                                                                                          +
                 {                                                                                                                                           +
                   "Node Type": "Index Only Scan",                                                                                                           +
                   "Parent Relationship": "Inner",                                                                                                           +
                   "Parallel Aware": false,                                                                                                                  +
                   "Async Capable": false,                                                                                                                   +
                   "Scan Direction": "Forward",                                                                                                              +
                   "Index Name": "rights_assessment_supersedes_rights_assessment_id_key",                                                                    +
                   "Relation Name": "rights_assessment",                                                                                                     +
                   "Alias": "newer",                                                                                                                         +
                   "Startup Cost": 0.14,                                                                                                                     +
                   "Total Cost": 0.40,                                                                                                                       +
                   "Plan Rows": 1,                                                                                                                           +
                   "Plan Width": 16,                                                                                                                         +
                   "Actual Startup Time": 0.006,                                                                                                             +
                   "Actual Total Time": 0.007,                                                                                                               +
                   "Actual Rows": 0,                                                                                                                         +
                   "Actual Loops": 1,                                                                                                                        +
                   "Index Cond": "(supersedes_rights_assessment_id = a.rights_assessment_id)",                                                               +
                   "Rows Removed by Index Recheck": 0,                                                                                                       +
                   "Heap Fetches": 0,                                                                                                                        +
                   "Shared Hit Blocks": 1,                                                                                                                   +
                   "Shared Read Blocks": 0,                                                                                                                  +
                   "Shared Dirtied Blocks": 0,                                                                                                               +
                   "Shared Written Blocks": 0,                                                                                                               +
                   "Local Hit Blocks": 0,                                                                                                                    +
                   "Local Read Blocks": 0,                                                                                                                   +
                   "Local Dirtied Blocks": 0,                                                                                                                +
                   "Local Written Blocks": 0,                                                                                                                +
                   "Temp Read Blocks": 0,                                                                                                                    +
                   "Temp Written Blocks": 0,                                                                                                                 +
                   "WAL Records": 0,                                                                                                                         +
                   "WAL FPI": 0,                                                                                                                             +
                   "WAL Bytes": 0                                                                                                                            +
                 }                                                                                                                                           +
               ]                                                                                                                                             +
             },                                                                                                                                              +
             {                                                                                                                                               +
               "Node Type": "Index Only Scan",                                                                                                               +
               "Parent Relationship": "Inner",                                                                                                               +
               "Parallel Aware": false,                                                                                                                      +
               "Async Capable": false,                                                                                                                       +
               "Scan Direction": "Forward",                                                                                                                  +
               "Index Name": "delivery_rights_assessment_pkey",                                                                                              +
               "Relation Name": "delivery_rights_assessment",                                                                                                +
               "Alias": "linked",                                                                                                                            +
               "Startup Cost": 0.14,                                                                                                                         +
               "Total Cost": 0.40,                                                                                                                           +
               "Plan Rows": 1,                                                                                                                               +
               "Plan Width": 16,                                                                                                                             +
               "Actual Startup Time": 0.022,                                                                                                                 +
               "Actual Total Time": 0.022,                                                                                                                   +
               "Actual Rows": 1,                                                                                                                             +
               "Actual Loops": 1,                                                                                                                            +
               "Index Cond": "((delivery_assessment_id = 'b9000000-0000-4000-8000-000000000001'::uuid) AND (rights_assessment_id = a.rights_assessment_id))",+
               "Rows Removed by Index Recheck": 0,                                                                                                           +
               "Heap Fetches": 1,                                                                                                                            +
               "Shared Hit Blocks": 2,                                                                                                                       +
               "Shared Read Blocks": 0,                                                                                                                      +
               "Shared Dirtied Blocks": 0,                                                                                                                   +
               "Shared Written Blocks": 0,                                                                                                                   +
               "Local Hit Blocks": 0,                                                                                                                        +
               "Local Read Blocks": 0,                                                                                                                       +
               "Local Dirtied Blocks": 0,                                                                                                                    +
               "Local Written Blocks": 0,                                                                                                                    +
               "Temp Read Blocks": 0,                                                                                                                        +
               "Temp Written Blocks": 0,                                                                                                                     +
               "WAL Records": 0,                                                                                                                             +
               "WAL FPI": 0,                                                                                                                                 +
               "WAL Bytes": 0                                                                                                                                +
             }                                                                                                                                               +
           ]                                                                                                                                                 +
         }                                                                                                                                                   +
       ]                                                                                                                                                     +
     },                                                                                                                                                      +
     "Settings": {                                                                                                                                           +
     },                                                                                                                                                      +
     "Planning": {                                                                                                                                           +
       "Shared Hit Blocks": 168,                                                                                                                             +
       "Shared Read Blocks": 0,                                                                                                                              +
       "Shared Dirtied Blocks": 0,                                                                                                                           +
       "Shared Written Blocks": 0,                                                                                                                           +
       "Local Hit Blocks": 0,                                                                                                                                +
       "Local Read Blocks": 0,                                                                                                                               +
       "Local Dirtied Blocks": 0,                                                                                                                            +
       "Local Written Blocks": 0,                                                                                                                            +
       "Temp Read Blocks": 0,                                                                                                                                +
       "Temp Written Blocks": 0                                                                                                                              +
     },                                                                                                                                                      +
     "Planning Time": 3.151,                                                                                                                                 +
     "Triggers": [                                                                                                                                           +
     ],                                                                                                                                                      +
     "Execution Time": 0.156                                                                                                                                 +
   }                                                                                                                                                         +
 ]
(1 row)

Time: 30.780 ms
P1_DELIVERY_POSTFIX_DIRECT_EXPLAIN_END scale=50
Time: 3.055 ms
P1_NAMED_CONSTRAINT_BEGIN constraint=rights.delivery_assessment_validation scale=50
Time: 1384.570 ms (00:01.385)
 scale | named_constraint_seconds | named_constraint_wal_bytes 
-------+--------------------------+----------------------------
    50 |                 1.385307 |                      16384
(1 row)

Time: 1.063 ms
P1_NAMED_CONSTRAINT_END constraint=rights.delivery_assessment_validation scale=50
Time: 0.158 ms
P1_NAMED_CONSTRAINT_BEGIN constraint=rights.delivery_rights_validation scale=50
Time: 1284.708 ms (00:01.285)
 scale | named_constraint_seconds | named_constraint_wal_bytes 
-------+--------------------------+----------------------------
    50 |                 1.285332 |                          0
(1 row)

Time: 1.111 ms
P1_NAMED_CONSTRAINT_END constraint=rights.delivery_rights_validation scale=50
Time: 0.201 ms
P1_NAMED_CONSTRAINT_BEGIN constraint=rights.delivery_policy_validation scale=50
Time: 1406.322 ms (00:01.406)
 scale | named_constraint_seconds | named_constraint_wal_bytes 
-------+--------------------------+----------------------------
    50 |                 1.406713 |                          0
(1 row)

Time: 0.240 ms
P1_NAMED_CONSTRAINT_END constraint=rights.delivery_policy_validation scale=50
Time: 2.924 ms
