Time: 53.298 ms
Time: 16.281 ms
Time: 0.219 ms
Time: 200.365 ms
Time: 236.258 ms
Time: 71.648 ms
Time: 11.899 ms
Time: 67.176 ms
Time: 46.166 ms
Time: 136.532 ms
Time: 24.214 ms
Time: 39.555 ms
Time: 157.293 ms
Time: 140.261 ms
Time: 8.565 ms
Time: 26.392 ms
Time: 6.029 ms
Time: 1.105 ms
Time: 1.082 ms
Time: 0.318 ms
P1_DELIVERY_POSTFIX_DIRECT_EXPLAIN_BEGIN scale=250
                                                                          QUERY PLAN                                                                          
--------------------------------------------------------------------------------------------------------------------------------------------------------------
 [                                                                                                                                                           +
   {                                                                                                                                                         +
     "Plan": {                                                                                                                                               +
       "Node Type": "Result",                                                                                                                                +
       "Parallel Aware": false,                                                                                                                              +
       "Async Capable": false,                                                                                                                               +
       "Startup Cost": 14.77,                                                                                                                                +
       "Total Cost": 14.78,                                                                                                                                  +
       "Plan Rows": 1,                                                                                                                                       +
       "Plan Width": 1,                                                                                                                                      +
       "Actual Startup Time": 1.328,                                                                                                                         +
       "Actual Total Time": 1.329,                                                                                                                           +
       "Actual Rows": 1,                                                                                                                                     +
       "Actual Loops": 1,                                                                                                                                    +
       "Shared Hit Blocks": 12,                                                                                                                              +
       "Shared Read Blocks": 0,                                                                                                                              +
       "Shared Dirtied Blocks": 0,                                                                                                                           +
       "Shared Written Blocks": 0,                                                                                                                           +
       "Local Hit Blocks": 0,                                                                                                                                +
       "Local Read Blocks": 0,                                                                                                                               +
       "Local Dirtied Blocks": 0,                                                                                                                            +
       "Local Written Blocks": 0,                                                                                                                            +
       "Temp Read Blocks": 0,                                                                                                                                +
       "Temp Written Blocks": 0,                                                                                                                             +
       "WAL Records": 0,                                                                                                                                     +
       "WAL FPI": 0,                                                                                                                                         +
       "WAL Bytes": 0,                                                                                                                                       +
       "Plans": [                                                                                                                                            +
         {                                                                                                                                                   +
           "Node Type": "Nested Loop",                                                                                                                       +
           "Parent Relationship": "InitPlan",                                                                                                                +
           "Subplan Name": "InitPlan 1 (returns $4)",                                                                                                        +
           "Parallel Aware": false,                                                                                                                          +
           "Async Capable": false,                                                                                                                           +
           "Join Type": "Anti",                                                                                                                              +
           "Startup Cost": 8.88,                                                                                                                             +
           "Total Cost": 14.77,                                                                                                                              +
           "Plan Rows": 1,                                                                                                                                   +
           "Plan Width": 0,                                                                                                                                  +
           "Actual Startup Time": 1.325,                                                                                                                     +
           "Actual Total Time": 1.326,                                                                                                                       +
           "Actual Rows": 0,                                                                                                                                 +
           "Actual Loops": 1,                                                                                                                                +
           "Inner Unique": false,                                                                                                                            +
           "Shared Hit Blocks": 12,                                                                                                                          +
           "Shared Read Blocks": 0,                                                                                                                          +
           "Shared Dirtied Blocks": 0,                                                                                                                       +
           "Shared Written Blocks": 0,                                                                                                                       +
           "Local Hit Blocks": 0,                                                                                                                            +
           "Local Read Blocks": 0,                                                                                                                           +
           "Local Dirtied Blocks": 0,                                                                                                                        +
           "Local Written Blocks": 0,                                                                                                                        +
           "Temp Read Blocks": 0,                                                                                                                            +
           "Temp Written Blocks": 0,                                                                                                                         +
           "WAL Records": 0,                                                                                                                                 +
           "WAL FPI": 0,                                                                                                                                     +
           "WAL Bytes": 0,                                                                                                                                   +
           "Plans": [                                                                                                                                        +
             {                                                                                                                                               +
               "Node Type": "Nested Loop",                                                                                                                   +
               "Parent Relationship": "Outer",                                                                                                               +
               "Parallel Aware": false,                                                                                                                      +
               "Async Capable": false,                                                                                                                       +
               "Join Type": "Anti",                                                                                                                          +
               "Startup Cost": 8.61,                                                                                                                         +
               "Total Cost": 14.24,                                                                                                                          +
               "Plan Rows": 1,                                                                                                                               +
               "Plan Width": 16,                                                                                                                             +
               "Actual Startup Time": 0.074,                                                                                                                 +
               "Actual Total Time": 1.287,                                                                                                                   +
               "Actual Rows": 1,                                                                                                                             +
               "Actual Loops": 1,                                                                                                                            +
               "Inner Unique": false,                                                                                                                        +
               "Shared Hit Blocks": 9,                                                                                                                       +
               "Shared Read Blocks": 0,                                                                                                                      +
               "Shared Dirtied Blocks": 0,                                                                                                                   +
               "Shared Written Blocks": 0,                                                                                                                   +
               "Local Hit Blocks": 0,                                                                                                                        +
               "Local Read Blocks": 0,                                                                                                                       +
               "Local Dirtied Blocks": 0,                                                                                                                    +
               "Local Written Blocks": 0,                                                                                                                    +
               "Temp Read Blocks": 0,                                                                                                                        +
               "Temp Written Blocks": 0,                                                                                                                     +
               "WAL Records": 0,                                                                                                                             +
               "WAL FPI": 0,                                                                                                                                 +
               "WAL Bytes": 0,                                                                                                                               +
               "Plans": [                                                                                                                                    +
                 {                                                                                                                                           +
                   "Node Type": "Nested Loop",                                                                                                               +
                   "Parent Relationship": "Outer",                                                                                                           +
                   "Parallel Aware": false,                                                                                                                  +
                   "Async Capable": false,                                                                                                                   +
                   "Join Type": "Inner",                                                                                                                     +
                   "Startup Cost": 8.47,                                                                                                                     +
                   "Total Cost": 13.87,                                                                                                                      +
                   "Plan Rows": 1,                                                                                                                           +
                   "Plan Width": 16,                                                                                                                         +
                   "Actual Startup Time": 0.064,                                                                                                             +
                   "Actual Total Time": 1.277,                                                                                                               +
                   "Actual Rows": 1,                                                                                                                         +
                   "Actual Loops": 1,                                                                                                                        +
                   "Inner Unique": true,                                                                                                                     +
                   "Shared Hit Blocks": 8,                                                                                                                   +
                   "Shared Read Blocks": 0,                                                                                                                  +
                   "Shared Dirtied Blocks": 0,                                                                                                               +
                   "Shared Written Blocks": 0,                                                                                                               +
                   "Local Hit Blocks": 0,                                                                                                                    +
                   "Local Read Blocks": 0,                                                                                                                   +
                   "Local Dirtied Blocks": 0,                                                                                                                +
                   "Local Written Blocks": 0,                                                                                                                +
                   "Temp Read Blocks": 0,                                                                                                                    +
                   "Temp Written Blocks": 0,                                                                                                                 +
                   "WAL Records": 0,                                                                                                                         +
                   "WAL FPI": 0,                                                                                                                             +
                   "WAL Bytes": 0,                                                                                                                           +
                   "Plans": [                                                                                                                                +
                     {                                                                                                                                       +
                       "Node Type": "Nested Loop",                                                                                                           +
                       "Parent Relationship": "Outer",                                                                                                       +
                       "Parallel Aware": false,                                                                                                              +
                       "Async Capable": false,                                                                                                               +
                       "Join Type": "Inner",                                                                                                                 +
                       "Startup Cost": 8.32,                                                                                                                 +
                       "Total Cost": 13.61,                                                                                                                  +
                       "Plan Rows": 1,                                                                                                                       +
                       "Plan Width": 32,                                                                                                                     +
                       "Actual Startup Time": 0.055,                                                                                                         +
                       "Actual Total Time": 1.267,                                                                                                           +
                       "Actual Rows": 1,                                                                                                                     +
                       "Actual Loops": 1,                                                                                                                    +
                       "Inner Unique": true,                                                                                                                 +
                       "Shared Hit Blocks": 6,                                                                                                               +
                       "Shared Read Blocks": 0,                                                                                                              +
                       "Shared Dirtied Blocks": 0,                                                                                                           +
                       "Shared Written Blocks": 0,                                                                                                           +
                       "Local Hit Blocks": 0,                                                                                                                +
                       "Local Read Blocks": 0,                                                                                                               +
                       "Local Dirtied Blocks": 0,                                                                                                            +
                       "Local Written Blocks": 0,                                                                                                            +
                       "Temp Read Blocks": 0,                                                                                                                +
                       "Temp Written Blocks": 0,                                                                                                             +
                       "WAL Records": 0,                                                                                                                     +
                       "WAL FPI": 0,                                                                                                                         +
                       "WAL Bytes": 0,                                                                                                                       +
                       "Plans": [                                                                                                                            +
                         {                                                                                                                                   +
                           "Node Type": "Hash Join",                                                                                                         +
                           "Parent Relationship": "Outer",                                                                                                   +
                           "Parallel Aware": false,                                                                                                          +
                           "Async Capable": false,                                                                                                           +
                           "Join Type": "Inner",                                                                                                             +
                           "Startup Cost": 8.18,                                                                                                             +
                           "Total Cost": 13.35,                                                                                                              +
                           "Plan Rows": 1,                                                                                                                   +
                           "Plan Width": 16,                                                                                                                 +
                           "Actual Startup Time": 0.049,                                                                                                     +
                           "Actual Total Time": 1.261,                                                                                                       +
                           "Actual Rows": 1,                                                                                                                 +
                           "Actual Loops": 1,                                                                                                                +
                           "Inner Unique": true,                                                                                                             +
                           "Hash Cond": "(t.external_visual_reference_id = b.external_visual_reference_id)",                                                 +
                           "Shared Hit Blocks": 4,                                                                                                           +
                           "Shared Read Blocks": 0,                                                                                                          +
                           "Shared Dirtied Blocks": 0,                                                                                                       +
                           "Shared Written Blocks": 0,                                                                                                       +
                           "Local Hit Blocks": 0,                                                                                                            +
                           "Local Read Blocks": 0,                                                                                                           +
                           "Local Dirtied Blocks": 0,                                                                                                        +
                           "Local Written Blocks": 0,                                                                                                        +
                           "Temp Read Blocks": 0,                                                                                                            +
                           "Temp Written Blocks": 0,                                                                                                         +
                           "WAL Records": 0,                                                                                                                 +
                           "WAL FPI": 0,                                                                                                                     +
                           "WAL Bytes": 0,                                                                                                                   +
                           "Plans": [                                                                                                                        +
                             {                                                                                                                               +
                               "Node Type": "Seq Scan",                                                                                                      +
                               "Parent Relationship": "Outer",                                                                                               +
                               "Parallel Aware": false,                                                                                                      +
                               "Async Capable": false,                                                                                                       +
                               "Relation Name": "rights_assessment_visual_reference",                                                                        +
                               "Alias": "t",                                                                                                                 +
                               "Startup Cost": 0.00,                                                                                                         +
                               "Total Cost": 4.50,                                                                                                           +
                               "Plan Rows": 250,                                                                                                             +
                               "Plan Width": 32,                                                                                                             +
                               "Actual Startup Time": 0.020,                                                                                                 +
                               "Actual Total Time": 0.044,                                                                                                   +
                               "Actual Rows": 250,                                                                                                           +
                               "Actual Loops": 1,                                                                                                            +
                               "Shared Hit Blocks": 2,                                                                                                       +
                               "Shared Read Blocks": 0,                                                                                                      +
                               "Shared Dirtied Blocks": 0,                                                                                                   +
                               "Shared Written Blocks": 0,                                                                                                   +
                               "Local Hit Blocks": 0,                                                                                                        +
                               "Local Read Blocks": 0,                                                                                                       +
                               "Local Dirtied Blocks": 0,                                                                                                    +
                               "Local Written Blocks": 0,                                                                                                    +
                               "Temp Read Blocks": 0,                                                                                                        +
                               "Temp Written Blocks": 0,                                                                                                     +
                               "WAL Records": 0,                                                                                                             +
                               "WAL FPI": 0,                                                                                                                 +
                               "WAL Bytes": 0                                                                                                                +
                             },                                                                                                                              +
                             {                                                                                                                               +
                               "Node Type": "Hash",                                                                                                          +
                               "Parent Relationship": "Inner",                                                                                               +
                               "Parallel Aware": false,                                                                                                      +
                               "Async Capable": false,                                                                                                       +
                               "Startup Cost": 8.17,                                                                                                         +
                               "Total Cost": 8.17,                                                                                                           +
                               "Plan Rows": 1,                                                                                                               +
                               "Plan Width": 16,                                                                                                             +
                               "Actual Startup Time": 0.017,                                                                                                 +
                               "Actual Total Time": 0.018,                                                                                                   +
                               "Actual Rows": 1,                                                                                                             +
                               "Actual Loops": 1,                                                                                                            +
                               "Hash Buckets": 1024,                                                                                                         +
                               "Original Hash Buckets": 1024,                                                                                                +
                               "Hash Batches": 1,                                                                                                            +
                               "Original Hash Batches": 1,                                                                                                   +
                               "Peak Memory Usage": 9,                                                                                                       +
                               "Shared Hit Blocks": 2,                                                                                                       +
                               "Shared Read Blocks": 0,                                                                                                      +
                               "Shared Dirtied Blocks": 0,                                                                                                   +
                               "Shared Written Blocks": 0,                                                                                                   +
                               "Local Hit Blocks": 0,                                                                                                        +
                               "Local Read Blocks": 0,                                                                                                       +
                               "Local Dirtied Blocks": 0,                                                                                                    +
                               "Local Written Blocks": 0,                                                                                                    +
                               "Temp Read Blocks": 0,                                                                                                        +
                               "Temp Written Blocks": 0,                                                                                                     +
                               "WAL Records": 0,                                                                                                             +
                               "WAL FPI": 0,                                                                                                                 +
                               "WAL Bytes": 0,                                                                                                               +
                               "Plans": [                                                                                                                    +
                                 {                                                                                                                           +
                                   "Node Type": "Index Scan",                                                                                                +
                                   "Parent Relationship": "Outer",                                                                                           +
                                   "Parallel Aware": false,                                                                                                  +
                                   "Async Capable": false,                                                                                                   +
                                   "Scan Direction": "Forward",                                                                                              +
                                   "Index Name": "object_visual_reference_pkey",                                                                             +
                                   "Relation Name": "object_visual_reference",                                                                               +
                                   "Alias": "b",                                                                                                             +
                                   "Startup Cost": 0.15,                                                                                                     +
                                   "Total Cost": 8.17,                                                                                                       +
                                   "Plan Rows": 1,                                                                                                           +
                                   "Plan Width": 16,                                                                                                         +
                                   "Actual Startup Time": 0.012,                                                                                             +
                                   "Actual Total Time": 0.013,                                                                                               +
                                   "Actual Rows": 1,                                                                                                         +
                                   "Actual Loops": 1,                                                                                                        +
                                   "Index Cond": "(object_visual_reference_id = 'b6000000-0000-4000-8000-000000000001'::uuid)",                              +
                                   "Rows Removed by Index Recheck": 0,                                                                                       +
                                   "Shared Hit Blocks": 2,                                                                                                   +
                                   "Shared Read Blocks": 0,                                                                                                  +
                                   "Shared Dirtied Blocks": 0,                                                                                               +
                                   "Shared Written Blocks": 0,                                                                                               +
                                   "Local Hit Blocks": 0,                                                                                                    +
                                   "Local Read Blocks": 0,                                                                                                   +
                                   "Local Dirtied Blocks": 0,                                                                                                +
                                   "Local Written Blocks": 0,                                                                                                +
                                   "Temp Read Blocks": 0,                                                                                                    +
                                   "Temp Written Blocks": 0,                                                                                                 +
                                   "WAL Records": 0,                                                                                                         +
                                   "WAL FPI": 0,                                                                                                             +
                                   "WAL Bytes": 0                                                                                                            +
                                 }                                                                                                                           +
                               ]                                                                                                                             +
                             }                                                                                                                               +
                           ]                                                                                                                                 +
                         },                                                                                                                                  +
                         {                                                                                                                                   +
                           "Node Type": "Index Scan",                                                                                                        +
                           "Parent Relationship": "Inner",                                                                                                   +
                           "Parallel Aware": false,                                                                                                          +
                           "Async Capable": false,                                                                                                           +
                           "Scan Direction": "Forward",                                                                                                      +
                           "Index Name": "rights_assessment_pkey",                                                                                           +
                           "Relation Name": "rights_assessment",                                                                                             +
                           "Alias": "a_1",                                                                                                                   +
                           "Startup Cost": 0.14,                                                                                                             +
                           "Total Cost": 0.26,                                                                                                               +
                           "Plan Rows": 1,                                                                                                                   +
                           "Plan Width": 16,                                                                                                                 +
                           "Actual Startup Time": 0.005,                                                                                                     +
                           "Actual Total Time": 0.005,                                                                                                       +
                           "Actual Rows": 1,                                                                                                                 +
                           "Actual Loops": 1,                                                                                                                +
                           "Index Cond": "(rights_assessment_id = t.rights_assessment_id)",                                                                  +
                           "Rows Removed by Index Recheck": 0,                                                                                               +
                           "Filter": "(subject_kind = 'external_visual_reference'::rights.rights_subject_kind)",                                             +
                           "Rows Removed by Filter": 0,                                                                                                      +
                           "Shared Hit Blocks": 2,                                                                                                           +
                           "Shared Read Blocks": 0,                                                                                                          +
                           "Shared Dirtied Blocks": 0,                                                                                                       +
                           "Shared Written Blocks": 0,                                                                                                       +
                           "Local Hit Blocks": 0,                                                                                                            +
                           "Local Read Blocks": 0,                                                                                                           +
                           "Local Dirtied Blocks": 0,                                                                                                        +
                           "Local Written Blocks": 0,                                                                                                        +
                           "Temp Read Blocks": 0,                                                                                                            +
                           "Temp Written Blocks": 0,                                                                                                         +
                           "WAL Records": 0,                                                                                                                 +
                           "WAL FPI": 0,                                                                                                                     +
                           "WAL Bytes": 0                                                                                                                    +
                         }                                                                                                                                   +
                       ]                                                                                                                                     +
                     },                                                                                                                                      +
                     {                                                                                                                                       +
                       "Node Type": "Index Only Scan",                                                                                                       +
                       "Parent Relationship": "Inner",                                                                                                       +
                       "Parallel Aware": false,                                                                                                              +
                       "Async Capable": false,                                                                                                               +
                       "Scan Direction": "Forward",                                                                                                          +
                       "Index Name": "rights_assessment_pkey",                                                                                               +
                       "Relation Name": "rights_assessment",                                                                                                 +
                       "Alias": "a",                                                                                                                         +
                       "Startup Cost": 0.14,                                                                                                                 +
                       "Total Cost": 0.26,                                                                                                                   +
                       "Plan Rows": 1,                                                                                                                       +
                       "Plan Width": 16,                                                                                                                     +
                       "Actual Startup Time": 0.008,                                                                                                         +
                       "Actual Total Time": 0.008,                                                                                                           +
                       "Actual Rows": 1,                                                                                                                     +
                       "Actual Loops": 1,                                                                                                                    +
                       "Index Cond": "(rights_assessment_id = a_1.rights_assessment_id)",                                                                    +
                       "Rows Removed by Index Recheck": 0,                                                                                                   +
                       "Heap Fetches": 1,                                                                                                                    +
                       "Shared Hit Blocks": 2,                                                                                                               +
                       "Shared Read Blocks": 0,                                                                                                              +
                       "Shared Dirtied Blocks": 0,                                                                                                           +
                       "Shared Written Blocks": 0,                                                                                                           +
                       "Local Hit Blocks": 0,                                                                                                                +
                       "Local Read Blocks": 0,                                                                                                               +
                       "Local Dirtied Blocks": 0,                                                                                                            +
                       "Local Written Blocks": 0,                                                                                                            +
                       "Temp Read Blocks": 0,                                                                                                                +
                       "Temp Written Blocks": 0,                                                                                                             +
                       "WAL Records": 0,                                                                                                                     +
                       "WAL FPI": 0,                                                                                                                         +
                       "WAL Bytes": 0                                                                                                                        +
                     }                                                                                                                                       +
                   ]                                                                                                                                         +
                 },                                                                                                                                          +
                 {                                                                                                                                           +
                   "Node Type": "Index Only Scan",                                                                                                           +
                   "Parent Relationship": "Inner",                                                                                                           +
                   "Parallel Aware": false,                                                                                                                  +
                   "Async Capable": false,                                                                                                                   +
                   "Scan Direction": "Forward",                                                                                                              +
                   "Index Name": "rights_assessment_supersedes_rights_assessment_id_key",                                                                    +
                   "Relation Name": "rights_assessment",                                                                                                     +
                   "Alias": "newer",                                                                                                                         +
                   "Startup Cost": 0.14,                                                                                                                     +
                   "Total Cost": 0.26,                                                                                                                       +
                   "Plan Rows": 1,                                                                                                                           +
                   "Plan Width": 16,                                                                                                                         +
                   "Actual Startup Time": 0.009,                                                                                                             +
                   "Actual Total Time": 0.009,                                                                                                               +
                   "Actual Rows": 0,                                                                                                                         +
                   "Actual Loops": 1,                                                                                                                        +
                   "Index Cond": "(supersedes_rights_assessment_id = a.rights_assessment_id)",                                                               +
                   "Rows Removed by Index Recheck": 0,                                                                                                       +
                   "Heap Fetches": 0,                                                                                                                        +
                   "Shared Hit Blocks": 1,                                                                                                                   +
                   "Shared Read Blocks": 0,                                                                                                                  +
                   "Shared Dirtied Blocks": 0,                                                                                                               +
                   "Shared Written Blocks": 0,                                                                                                               +
                   "Local Hit Blocks": 0,                                                                                                                    +
                   "Local Read Blocks": 0,                                                                                                                   +
                   "Local Dirtied Blocks": 0,                                                                                                                +
                   "Local Written Blocks": 0,                                                                                                                +
                   "Temp Read Blocks": 0,                                                                                                                    +
                   "Temp Written Blocks": 0,                                                                                                                 +
                   "WAL Records": 0,                                                                                                                         +
                   "WAL FPI": 0,                                                                                                                             +
                   "WAL Bytes": 0                                                                                                                            +
                 }                                                                                                                                           +
               ]                                                                                                                                             +
             },                                                                                                                                              +
             {                                                                                                                                               +
               "Node Type": "Index Only Scan",                                                                                                               +
               "Parent Relationship": "Inner",                                                                                                               +
               "Parallel Aware": false,                                                                                                                      +
               "Async Capable": false,                                                                                                                       +
               "Scan Direction": "Forward",                                                                                                                  +
               "Index Name": "delivery_rights_assessment_pkey",                                                                                              +
               "Relation Name": "delivery_rights_assessment",                                                                                                +
               "Alias": "linked",                                                                                                                            +
               "Startup Cost": 0.27,                                                                                                                         +
               "Total Cost": 0.40,                                                                                                                           +
               "Plan Rows": 1,                                                                                                                               +
               "Plan Width": 16,                                                                                                                             +
               "Actual Startup Time": 0.039,                                                                                                                 +
               "Actual Total Time": 0.039,                                                                                                                   +
               "Actual Rows": 1,                                                                                                                             +
               "Actual Loops": 1,                                                                                                                            +
               "Index Cond": "((delivery_assessment_id = 'b9000000-0000-4000-8000-000000000001'::uuid) AND (rights_assessment_id = a.rights_assessment_id))",+
               "Rows Removed by Index Recheck": 0,                                                                                                           +
               "Heap Fetches": 1,                                                                                                                            +
               "Shared Hit Blocks": 3,                                                                                                                       +
               "Shared Read Blocks": 0,                                                                                                                      +
               "Shared Dirtied Blocks": 0,                                                                                                                   +
               "Shared Written Blocks": 0,                                                                                                                   +
               "Local Hit Blocks": 0,                                                                                                                        +
               "Local Read Blocks": 0,                                                                                                                       +
               "Local Dirtied Blocks": 0,                                                                                                                    +
               "Local Written Blocks": 0,                                                                                                                    +
               "Temp Read Blocks": 0,                                                                                                                        +
               "Temp Written Blocks": 0,                                                                                                                     +
               "WAL Records": 0,                                                                                                                             +
               "WAL FPI": 0,                                                                                                                                 +
               "WAL Bytes": 0                                                                                                                                +
             }                                                                                                                                               +
           ]                                                                                                                                                 +
         }                                                                                                                                                   +
       ]                                                                                                                                                     +
     },                                                                                                                                                      +
     "Settings": {                                                                                                                                           +
     },                                                                                                                                                      +
     "Planning": {                                                                                                                                           +
       "Shared Hit Blocks": 175,                                                                                                                             +
       "Shared Read Blocks": 0,                                                                                                                              +
       "Shared Dirtied Blocks": 0,                                                                                                                           +
       "Shared Written Blocks": 0,                                                                                                                           +
       "Local Hit Blocks": 0,                                                                                                                                +
       "Local Read Blocks": 0,                                                                                                                               +
       "Local Dirtied Blocks": 0,                                                                                                                            +
       "Local Written Blocks": 0,                                                                                                                            +
       "Temp Read Blocks": 0,                                                                                                                                +
       "Temp Written Blocks": 0                                                                                                                              +
     },                                                                                                                                                      +
     "Planning Time": 32.726,                                                                                                                                +
     "Triggers": [                                                                                                                                           +
     ],                                                                                                                                                      +
     "Execution Time": 1.414                                                                                                                                 +
   }                                                                                                                                                         +
 ]
(1 row)

Time: 41.165 ms
P1_DELIVERY_POSTFIX_DIRECT_EXPLAIN_END scale=250
Time: 0.200 ms
P1_NAMED_CONSTRAINT_BEGIN constraint=rights.delivery_assessment_validation scale=250
Time: 2075.025 ms (00:02.075)
 scale | named_constraint_seconds | named_constraint_wal_bytes 
-------+--------------------------+----------------------------
   250 |                 2.075577 |                      24576
(1 row)

Time: 0.336 ms
P1_NAMED_CONSTRAINT_END constraint=rights.delivery_assessment_validation scale=250
Time: 0.060 ms
P1_NAMED_CONSTRAINT_BEGIN constraint=rights.delivery_rights_validation scale=250
Time: 1098.033 ms (00:01.098)
 scale | named_constraint_seconds | named_constraint_wal_bytes 
-------+--------------------------+----------------------------
   250 |                 1.098251 |                          0
(1 row)

Time: 0.082 ms
P1_NAMED_CONSTRAINT_END constraint=rights.delivery_rights_validation scale=250
Time: 0.023 ms
P1_NAMED_CONSTRAINT_BEGIN constraint=rights.delivery_policy_validation scale=250
Time: 1187.381 ms (00:01.187)
 scale | named_constraint_seconds | named_constraint_wal_bytes 
-------+--------------------------+----------------------------
   250 |                 1.187670 |                          0
(1 row)

Time: 0.177 ms
P1_NAMED_CONSTRAINT_END constraint=rights.delivery_policy_validation scale=250
Time: 0.352 ms
