Time: 0.048 ms
Time: 1.601 ms
Time: 0.358 ms
Time: 23.744 ms
Time: 17.683 ms
Time: 0.890 ms
Time: 72.884 ms
Time: 1814.929 ms (00:01.815)
Time: 278.406 ms
Time: 144.674 ms
Time: 440.196 ms
Time: 233.167 ms
Time: 242.876 ms
Time: 227.601 ms
Time: 369.744 ms
Time: 170.957 ms
Time: 23.075 ms
Time: 31.629 ms
Time: 56.265 ms
Time: 67.323 ms
P1_DELIVERY_POSTFIX_DIRECT_EXPLAIN_BEGIN scale=1000
                                                                          QUERY PLAN                                                                          
--------------------------------------------------------------------------------------------------------------------------------------------------------------
 [                                                                                                                                                           +
   {                                                                                                                                                         +
     "Plan": {                                                                                                                                               +
       "Node Type": "Result",                                                                                                                                +
       "Parallel Aware": false,                                                                                                                              +
       "Async Capable": false,                                                                                                                               +
       "Startup Cost": 18.12,                                                                                                                                +
       "Total Cost": 18.13,                                                                                                                                  +
       "Plan Rows": 1,                                                                                                                                       +
       "Plan Width": 1,                                                                                                                                      +
       "Actual Startup Time": 0.110,                                                                                                                         +
       "Actual Total Time": 0.112,                                                                                                                           +
       "Actual Rows": 1,                                                                                                                                     +
       "Actual Loops": 1,                                                                                                                                    +
       "Shared Hit Blocks": 16,                                                                                                                              +
       "Shared Read Blocks": 0,                                                                                                                              +
       "Shared Dirtied Blocks": 0,                                                                                                                           +
       "Shared Written Blocks": 0,                                                                                                                           +
       "Local Hit Blocks": 0,                                                                                                                                +
       "Local Read Blocks": 0,                                                                                                                               +
       "Local Dirtied Blocks": 0,                                                                                                                            +
       "Local Written Blocks": 0,                                                                                                                            +
       "Temp Read Blocks": 0,                                                                                                                                +
       "Temp Written Blocks": 0,                                                                                                                             +
       "WAL Records": 0,                                                                                                                                     +
       "WAL FPI": 0,                                                                                                                                         +
       "WAL Bytes": 0,                                                                                                                                       +
       "Plans": [                                                                                                                                            +
         {                                                                                                                                                   +
           "Node Type": "Nested Loop",                                                                                                                       +
           "Parent Relationship": "InitPlan",                                                                                                                +
           "Subplan Name": "InitPlan 1 (returns $5)",                                                                                                        +
           "Parallel Aware": false,                                                                                                                          +
           "Async Capable": false,                                                                                                                           +
           "Join Type": "Anti",                                                                                                                              +
           "Startup Cost": 1.52,                                                                                                                             +
           "Total Cost": 18.12,                                                                                                                              +
           "Plan Rows": 1,                                                                                                                                   +
           "Plan Width": 0,                                                                                                                                  +
           "Actual Startup Time": 0.108,                                                                                                                     +
           "Actual Total Time": 0.109,                                                                                                                       +
           "Actual Rows": 0,                                                                                                                                 +
           "Actual Loops": 1,                                                                                                                                +
           "Inner Unique": false,                                                                                                                            +
           "Shared Hit Blocks": 16,                                                                                                                          +
           "Shared Read Blocks": 0,                                                                                                                          +
           "Shared Dirtied Blocks": 0,                                                                                                                       +
           "Shared Written Blocks": 0,                                                                                                                       +
           "Local Hit Blocks": 0,                                                                                                                            +
           "Local Read Blocks": 0,                                                                                                                           +
           "Local Dirtied Blocks": 0,                                                                                                                        +
           "Local Written Blocks": 0,                                                                                                                        +
           "Temp Read Blocks": 0,                                                                                                                            +
           "Temp Written Blocks": 0,                                                                                                                         +
           "WAL Records": 0,                                                                                                                                 +
           "WAL FPI": 0,                                                                                                                                     +
           "WAL Bytes": 0,                                                                                                                                   +
           "Plans": [                                                                                                                                        +
             {                                                                                                                                               +
               "Node Type": "Nested Loop",                                                                                                                   +
               "Parent Relationship": "Outer",                                                                                                               +
               "Parallel Aware": false,                                                                                                                      +
               "Async Capable": false,                                                                                                                       +
               "Join Type": "Anti",                                                                                                                          +
               "Startup Cost": 1.25,                                                                                                                         +
               "Total Cost": 17.66,                                                                                                                          +
               "Plan Rows": 1,                                                                                                                               +
               "Plan Width": 16,                                                                                                                             +
               "Actual Startup Time": 0.059,                                                                                                                 +
               "Actual Total Time": 0.062,                                                                                                                   +
               "Actual Rows": 1,                                                                                                                             +
               "Actual Loops": 1,                                                                                                                            +
               "Inner Unique": false,                                                                                                                        +
               "Shared Hit Blocks": 13,                                                                                                                      +
               "Shared Read Blocks": 0,                                                                                                                      +
               "Shared Dirtied Blocks": 0,                                                                                                                   +
               "Shared Written Blocks": 0,                                                                                                                   +
               "Local Hit Blocks": 0,                                                                                                                        +
               "Local Read Blocks": 0,                                                                                                                       +
               "Local Dirtied Blocks": 0,                                                                                                                    +
               "Local Written Blocks": 0,                                                                                                                    +
               "Temp Read Blocks": 0,                                                                                                                        +
               "Temp Written Blocks": 0,                                                                                                                     +
               "WAL Records": 0,                                                                                                                             +
               "WAL FPI": 0,                                                                                                                                 +
               "WAL Bytes": 0,                                                                                                                               +
               "Plans": [                                                                                                                                    +
                 {                                                                                                                                           +
                   "Node Type": "Nested Loop",                                                                                                               +
                   "Parent Relationship": "Outer",                                                                                                           +
                   "Parallel Aware": false,                                                                                                                  +
                   "Async Capable": false,                                                                                                                   +
                   "Join Type": "Inner",                                                                                                                     +
                   "Startup Cost": 1.10,                                                                                                                     +
                   "Total Cost": 17.34,                                                                                                                      +
                   "Plan Rows": 1,                                                                                                                           +
                   "Plan Width": 16,                                                                                                                         +
                   "Actual Startup Time": 0.050,                                                                                                             +
                   "Actual Total Time": 0.052,                                                                                                               +
                   "Actual Rows": 1,                                                                                                                         +
                   "Actual Loops": 1,                                                                                                                        +
                   "Inner Unique": true,                                                                                                                     +
                   "Shared Hit Blocks": 12,                                                                                                                  +
                   "Shared Read Blocks": 0,                                                                                                                  +
                   "Shared Dirtied Blocks": 0,                                                                                                               +
                   "Shared Written Blocks": 0,                                                                                                               +
                   "Local Hit Blocks": 0,                                                                                                                    +
                   "Local Read Blocks": 0,                                                                                                                   +
                   "Local Dirtied Blocks": 0,                                                                                                                +
                   "Local Written Blocks": 0,                                                                                                                +
                   "Temp Read Blocks": 0,                                                                                                                    +
                   "Temp Written Blocks": 0,                                                                                                                 +
                   "WAL Records": 0,                                                                                                                         +
                   "WAL FPI": 0,                                                                                                                             +
                   "WAL Bytes": 0,                                                                                                                           +
                   "Plans": [                                                                                                                                +
                     {                                                                                                                                       +
                       "Node Type": "Nested Loop",                                                                                                           +
                       "Parent Relationship": "Outer",                                                                                                       +
                       "Parallel Aware": false,                                                                                                              +
                       "Async Capable": false,                                                                                                               +
                       "Join Type": "Inner",                                                                                                                 +
                       "Startup Cost": 0.83,                                                                                                                 +
                       "Total Cost": 16.97,                                                                                                                  +
                       "Plan Rows": 1,                                                                                                                       +
                       "Plan Width": 32,                                                                                                                     +
                       "Actual Startup Time": 0.041,                                                                                                         +
                       "Actual Total Time": 0.043,                                                                                                           +
                       "Actual Rows": 1,                                                                                                                     +
                       "Actual Loops": 1,                                                                                                                    +
                       "Inner Unique": true,                                                                                                                 +
                       "Shared Hit Blocks": 9,                                                                                                               +
                       "Shared Read Blocks": 0,                                                                                                              +
                       "Shared Dirtied Blocks": 0,                                                                                                           +
                       "Shared Written Blocks": 0,                                                                                                           +
                       "Local Hit Blocks": 0,                                                                                                                +
                       "Local Read Blocks": 0,                                                                                                               +
                       "Local Dirtied Blocks": 0,                                                                                                            +
                       "Local Written Blocks": 0,                                                                                                            +
                       "Temp Read Blocks": 0,                                                                                                                +
                       "Temp Written Blocks": 0,                                                                                                             +
                       "WAL Records": 0,                                                                                                                     +
                       "WAL FPI": 0,                                                                                                                         +
                       "WAL Bytes": 0,                                                                                                                       +
                       "Plans": [                                                                                                                            +
                         {                                                                                                                                   +
                           "Node Type": "Nested Loop",                                                                                                       +
                           "Parent Relationship": "Outer",                                                                                                   +
                           "Parallel Aware": false,                                                                                                          +
                           "Async Capable": false,                                                                                                           +
                           "Join Type": "Inner",                                                                                                             +
                           "Startup Cost": 0.55,                                                                                                             +
                           "Total Cost": 16.60,                                                                                                              +
                           "Plan Rows": 1,                                                                                                                   +
                           "Plan Width": 16,                                                                                                                 +
                           "Actual Startup Time": 0.029,                                                                                                     +
                           "Actual Total Time": 0.030,                                                                                                       +
                           "Actual Rows": 1,                                                                                                                 +
                           "Actual Loops": 1,                                                                                                                +
                           "Inner Unique": false,                                                                                                            +
                           "Shared Hit Blocks": 6,                                                                                                           +
                           "Shared Read Blocks": 0,                                                                                                          +
                           "Shared Dirtied Blocks": 0,                                                                                                       +
                           "Shared Written Blocks": 0,                                                                                                       +
                           "Local Hit Blocks": 0,                                                                                                            +
                           "Local Read Blocks": 0,                                                                                                           +
                           "Local Dirtied Blocks": 0,                                                                                                        +
                           "Local Written Blocks": 0,                                                                                                        +
                           "Temp Read Blocks": 0,                                                                                                            +
                           "Temp Written Blocks": 0,                                                                                                         +
                           "WAL Records": 0,                                                                                                                 +
                           "WAL FPI": 0,                                                                                                                     +
                           "WAL Bytes": 0,                                                                                                                   +
                           "Plans": [                                                                                                                        +
                             {                                                                                                                               +
                               "Node Type": "Index Scan",                                                                                                    +
                               "Parent Relationship": "Outer",                                                                                               +
                               "Parallel Aware": false,                                                                                                      +
                               "Async Capable": false,                                                                                                       +
                               "Scan Direction": "Forward",                                                                                                  +
                               "Index Name": "object_visual_reference_pkey",                                                                                 +
                               "Relation Name": "object_visual_reference",                                                                                   +
                               "Alias": "b",                                                                                                                 +
                               "Startup Cost": 0.28,                                                                                                         +
                               "Total Cost": 8.29,                                                                                                           +
                               "Plan Rows": 1,                                                                                                               +
                               "Plan Width": 16,                                                                                                             +
                               "Actual Startup Time": 0.018,                                                                                                 +
                               "Actual Total Time": 0.018,                                                                                                   +
                               "Actual Rows": 1,                                                                                                             +
                               "Actual Loops": 1,                                                                                                            +
                               "Index Cond": "(object_visual_reference_id = 'b6000000-0000-4000-8000-000000000001'::uuid)",                                  +
                               "Rows Removed by Index Recheck": 0,                                                                                           +
                               "Shared Hit Blocks": 3,                                                                                                       +
                               "Shared Read Blocks": 0,                                                                                                      +
                               "Shared Dirtied Blocks": 0,                                                                                                   +
                               "Shared Written Blocks": 0,                                                                                                   +
                               "Local Hit Blocks": 0,                                                                                                        +
                               "Local Read Blocks": 0,                                                                                                       +
                               "Local Dirtied Blocks": 0,                                                                                                    +
                               "Local Written Blocks": 0,                                                                                                    +
                               "Temp Read Blocks": 0,                                                                                                        +
                               "Temp Written Blocks": 0,                                                                                                     +
                               "WAL Records": 0,                                                                                                             +
                               "WAL FPI": 0,                                                                                                                 +
                               "WAL Bytes": 0                                                                                                                +
                             },                                                                                                                              +
                             {                                                                                                                               +
                               "Node Type": "Index Only Scan",                                                                                               +
                               "Parent Relationship": "Inner",                                                                                               +
                               "Parallel Aware": false,                                                                                                      +
                               "Async Capable": false,                                                                                                       +
                               "Scan Direction": "Forward",                                                                                                  +
                               "Index Name": "rights_assessment_visual_reference_target_idx",                                                                +
                               "Relation Name": "rights_assessment_visual_reference",                                                                        +
                               "Alias": "t",                                                                                                                 +
                               "Startup Cost": 0.28,                                                                                                         +
                               "Total Cost": 8.29,                                                                                                           +
                               "Plan Rows": 1,                                                                                                               +
                               "Plan Width": 32,                                                                                                             +
                               "Actual Startup Time": 0.009,                                                                                                 +
                               "Actual Total Time": 0.009,                                                                                                   +
                               "Actual Rows": 1,                                                                                                             +
                               "Actual Loops": 1,                                                                                                            +
                               "Index Cond": "(external_visual_reference_id = b.external_visual_reference_id)",                                              +
                               "Rows Removed by Index Recheck": 0,                                                                                           +
                               "Heap Fetches": 1,                                                                                                            +
                               "Shared Hit Blocks": 3,                                                                                                       +
                               "Shared Read Blocks": 0,                                                                                                      +
                               "Shared Dirtied Blocks": 0,                                                                                                   +
                               "Shared Written Blocks": 0,                                                                                                   +
                               "Local Hit Blocks": 0,                                                                                                        +
                               "Local Read Blocks": 0,                                                                                                       +
                               "Local Dirtied Blocks": 0,                                                                                                    +
                               "Local Written Blocks": 0,                                                                                                    +
                               "Temp Read Blocks": 0,                                                                                                        +
                               "Temp Written Blocks": 0,                                                                                                     +
                               "WAL Records": 0,                                                                                                             +
                               "WAL FPI": 0,                                                                                                                 +
                               "WAL Bytes": 0                                                                                                                +
                             }                                                                                                                               +
                           ]                                                                                                                                 +
                         },                                                                                                                                  +
                         {                                                                                                                                   +
                           "Node Type": "Index Scan",                                                                                                        +
                           "Parent Relationship": "Inner",                                                                                                   +
                           "Parallel Aware": false,                                                                                                          +
                           "Async Capable": false,                                                                                                           +
                           "Scan Direction": "Forward",                                                                                                      +
                           "Index Name": "rights_assessment_pkey",                                                                                           +
                           "Relation Name": "rights_assessment",                                                                                             +
                           "Alias": "a_1",                                                                                                                   +
                           "Startup Cost": 0.28,                                                                                                             +
                           "Total Cost": 0.38,                                                                                                               +
                           "Plan Rows": 1,                                                                                                                   +
                           "Plan Width": 16,                                                                                                                 +
                           "Actual Startup Time": 0.011,                                                                                                     +
                           "Actual Total Time": 0.012,                                                                                                       +
                           "Actual Rows": 1,                                                                                                                 +
                           "Actual Loops": 1,                                                                                                                +
                           "Index Cond": "(rights_assessment_id = t.rights_assessment_id)",                                                                  +
                           "Rows Removed by Index Recheck": 0,                                                                                               +
                           "Filter": "(subject_kind = 'external_visual_reference'::rights.rights_subject_kind)",                                             +
                           "Rows Removed by Filter": 0,                                                                                                      +
                           "Shared Hit Blocks": 3,                                                                                                           +
                           "Shared Read Blocks": 0,                                                                                                          +
                           "Shared Dirtied Blocks": 0,                                                                                                       +
                           "Shared Written Blocks": 0,                                                                                                       +
                           "Local Hit Blocks": 0,                                                                                                            +
                           "Local Read Blocks": 0,                                                                                                           +
                           "Local Dirtied Blocks": 0,                                                                                                        +
                           "Local Written Blocks": 0,                                                                                                        +
                           "Temp Read Blocks": 0,                                                                                                            +
                           "Temp Written Blocks": 0,                                                                                                         +
                           "WAL Records": 0,                                                                                                                 +
                           "WAL FPI": 0,                                                                                                                     +
                           "WAL Bytes": 0                                                                                                                    +
                         }                                                                                                                                   +
                       ]                                                                                                                                     +
                     },                                                                                                                                      +
                     {                                                                                                                                       +
                       "Node Type": "Index Only Scan",                                                                                                       +
                       "Parent Relationship": "Inner",                                                                                                       +
                       "Parallel Aware": false,                                                                                                              +
                       "Async Capable": false,                                                                                                               +
                       "Scan Direction": "Forward",                                                                                                          +
                       "Index Name": "rights_assessment_pkey",                                                                                               +
                       "Relation Name": "rights_assessment",                                                                                                 +
                       "Alias": "a",                                                                                                                         +
                       "Startup Cost": 0.28,                                                                                                                 +
                       "Total Cost": 0.37,                                                                                                                   +
                       "Plan Rows": 1,                                                                                                                       +
                       "Plan Width": 16,                                                                                                                     +
                       "Actual Startup Time": 0.008,                                                                                                         +
                       "Actual Total Time": 0.008,                                                                                                           +
                       "Actual Rows": 1,                                                                                                                     +
                       "Actual Loops": 1,                                                                                                                    +
                       "Index Cond": "(rights_assessment_id = a_1.rights_assessment_id)",                                                                    +
                       "Rows Removed by Index Recheck": 0,                                                                                                   +
                       "Heap Fetches": 1,                                                                                                                    +
                       "Shared Hit Blocks": 3,                                                                                                               +
                       "Shared Read Blocks": 0,                                                                                                              +
                       "Shared Dirtied Blocks": 0,                                                                                                           +
                       "Shared Written Blocks": 0,                                                                                                           +
                       "Local Hit Blocks": 0,                                                                                                                +
                       "Local Read Blocks": 0,                                                                                                               +
                       "Local Dirtied Blocks": 0,                                                                                                            +
                       "Local Written Blocks": 0,                                                                                                            +
                       "Temp Read Blocks": 0,                                                                                                                +
                       "Temp Written Blocks": 0,                                                                                                             +
                       "WAL Records": 0,                                                                                                                     +
                       "WAL FPI": 0,                                                                                                                         +
                       "WAL Bytes": 0                                                                                                                        +
                     }                                                                                                                                       +
                   ]                                                                                                                                         +
                 },                                                                                                                                          +
                 {                                                                                                                                           +
                   "Node Type": "Index Only Scan",                                                                                                           +
                   "Parent Relationship": "Inner",                                                                                                           +
                   "Parallel Aware": false,                                                                                                                  +
                   "Async Capable": false,                                                                                                                   +
                   "Scan Direction": "Forward",                                                                                                              +
                   "Index Name": "rights_assessment_supersedes_rights_assessment_id_key",                                                                    +
                   "Relation Name": "rights_assessment",                                                                                                     +
                   "Alias": "newer",                                                                                                                         +
                   "Startup Cost": 0.15,                                                                                                                     +
                   "Total Cost": 0.23,                                                                                                                       +
                   "Plan Rows": 1,                                                                                                                           +
                   "Plan Width": 16,                                                                                                                         +
                   "Actual Startup Time": 0.009,                                                                                                             +
                   "Actual Total Time": 0.009,                                                                                                               +
                   "Actual Rows": 0,                                                                                                                         +
                   "Actual Loops": 1,                                                                                                                        +
                   "Index Cond": "(supersedes_rights_assessment_id = a.rights_assessment_id)",                                                               +
                   "Rows Removed by Index Recheck": 0,                                                                                                       +
                   "Heap Fetches": 0,                                                                                                                        +
                   "Shared Hit Blocks": 1,                                                                                                                   +
                   "Shared Read Blocks": 0,                                                                                                                  +
                   "Shared Dirtied Blocks": 0,                                                                                                               +
                   "Shared Written Blocks": 0,                                                                                                               +
                   "Local Hit Blocks": 0,                                                                                                                    +
                   "Local Read Blocks": 0,                                                                                                                   +
                   "Local Dirtied Blocks": 0,                                                                                                                +
                   "Local Written Blocks": 0,                                                                                                                +
                   "Temp Read Blocks": 0,                                                                                                                    +
                   "Temp Written Blocks": 0,                                                                                                                 +
                   "WAL Records": 0,                                                                                                                         +
                   "WAL FPI": 0,                                                                                                                             +
                   "WAL Bytes": 0                                                                                                                            +
                 }                                                                                                                                           +
               ]                                                                                                                                             +
             },                                                                                                                                              +
             {                                                                                                                                               +
               "Node Type": "Index Only Scan",                                                                                                               +
               "Parent Relationship": "Inner",                                                                                                               +
               "Parallel Aware": false,                                                                                                                      +
               "Async Capable": false,                                                                                                                       +
               "Scan Direction": "Forward",                                                                                                                  +
               "Index Name": "delivery_rights_assessment_pkey",                                                                                              +
               "Relation Name": "delivery_rights_assessment",                                                                                                +
               "Alias": "linked",                                                                                                                            +
               "Startup Cost": 0.28,                                                                                                                         +
               "Total Cost": 0.37,                                                                                                                           +
               "Plan Rows": 1,                                                                                                                               +
               "Plan Width": 16,                                                                                                                             +
               "Actual Startup Time": 0.046,                                                                                                                 +
               "Actual Total Time": 0.046,                                                                                                                   +
               "Actual Rows": 1,                                                                                                                             +
               "Actual Loops": 1,                                                                                                                            +
               "Index Cond": "((delivery_assessment_id = 'b9000000-0000-4000-8000-000000000001'::uuid) AND (rights_assessment_id = a.rights_assessment_id))",+
               "Rows Removed by Index Recheck": 0,                                                                                                           +
               "Heap Fetches": 1,                                                                                                                            +
               "Shared Hit Blocks": 3,                                                                                                                       +
               "Shared Read Blocks": 0,                                                                                                                      +
               "Shared Dirtied Blocks": 0,                                                                                                                   +
               "Shared Written Blocks": 0,                                                                                                                   +
               "Local Hit Blocks": 0,                                                                                                                        +
               "Local Read Blocks": 0,                                                                                                                       +
               "Local Dirtied Blocks": 0,                                                                                                                    +
               "Local Written Blocks": 0,                                                                                                                    +
               "Temp Read Blocks": 0,                                                                                                                        +
               "Temp Written Blocks": 0,                                                                                                                     +
               "WAL Records": 0,                                                                                                                             +
               "WAL FPI": 0,                                                                                                                                 +
               "WAL Bytes": 0                                                                                                                                +
             }                                                                                                                                               +
           ]                                                                                                                                                 +
         }                                                                                                                                                   +
       ]                                                                                                                                                     +
     },                                                                                                                                                      +
     "Settings": {                                                                                                                                           +
     },                                                                                                                                                      +
     "Planning": {                                                                                                                                           +
       "Shared Hit Blocks": 189,                                                                                                                             +
       "Shared Read Blocks": 0,                                                                                                                              +
       "Shared Dirtied Blocks": 0,                                                                                                                           +
       "Shared Written Blocks": 0,                                                                                                                           +
       "Local Hit Blocks": 0,                                                                                                                                +
       "Local Read Blocks": 0,                                                                                                                               +
       "Local Dirtied Blocks": 0,                                                                                                                            +
       "Local Written Blocks": 0,                                                                                                                            +
       "Temp Read Blocks": 0,                                                                                                                                +
       "Temp Written Blocks": 0                                                                                                                              +
     },                                                                                                                                                      +
     "Planning Time": 26.516,                                                                                                                                +
     "Triggers": [                                                                                                                                           +
     ],                                                                                                                                                      +
     "Execution Time": 0.188                                                                                                                                 +
   }                                                                                                                                                         +
 ]
(1 row)

Time: 175.936 ms
P1_DELIVERY_POSTFIX_DIRECT_EXPLAIN_END scale=1000
Time: 8.589 ms
P1_NAMED_CONSTRAINT_BEGIN constraint=rights.delivery_assessment_validation scale=1000
Time: 14264.779 ms (00:14.265)
 scale | named_constraint_seconds | named_constraint_wal_bytes 
-------+--------------------------+----------------------------
  1000 |                14.483797 |                     105632
(1 row)

Time: 278.503 ms
P1_NAMED_CONSTRAINT_END constraint=rights.delivery_assessment_validation scale=1000
Time: 0.260 ms
P1_NAMED_CONSTRAINT_BEGIN constraint=rights.delivery_rights_validation scale=1000
Time: 15131.208 ms (00:15.131)
 scale | named_constraint_seconds | named_constraint_wal_bytes 
-------+--------------------------+----------------------------
  1000 |                15.163548 |                          0
(1 row)

Time: 9.887 ms
P1_NAMED_CONSTRAINT_END constraint=rights.delivery_rights_validation scale=1000
Time: 12.773 ms
P1_NAMED_CONSTRAINT_BEGIN constraint=rights.delivery_policy_validation scale=1000
Time: 14431.643 ms (00:14.432)
 scale | named_constraint_seconds | named_constraint_wal_bytes 
-------+--------------------------+----------------------------
  1000 |                14.514198 |                         56
(1 row)

Time: 50.012 ms
P1_NAMED_CONSTRAINT_END constraint=rights.delivery_policy_validation scale=1000
Time: 134.571 ms
